Component: ARM Compiler 5.06 update 1 (build 61) Tool: armlink [4d35a8]

==============================================================================

Section Cross References

    main.o(i.LED_configuration) refers to stm32f10x_rcc.o(i.RCC_APB2PeriphClockCmd) for RCC_APB2PeriphClockCmd
    main.o(i.LED_configuration) refers to stm32f10x_gpio.o(i.GPIO_Init) for GPIO_Init
    main.o(i.LED_configuration) refers to stm32f10x_gpio.o(i.GPIO_SetBits) for GPIO_SetBits
    main.o(i.LED_configuration) refers to main.o(.data) for .data
    main.o(i.main) refers to main.o(i.LED_configuration) for LED_configuration
    main.o(i.main) refers to stm32f107.o(i.System_Setup) for System_Setup
    main.o(i.main) refers to netconfig.o(i.LWIP_INIT) for LWIP_INIT
    main.o(i.main) refers to tasks.o(i.xTaskCreate) for xTaskCreate
    main.o(i.main) refers to tasks.o(i.vTaskStartScheduler) for vTaskStartScheduler
    main.o(i.main) refers to main.o(.data) for .data
    main.o(i.main) refers to main.o(i.start_task) for start_task
    stm32f10x_it.o(i.ETH_IRQHandler) refers to stm32_eth.o(i.ETH_GetDMAFlagStatus) for ETH_GetDMAFlagStatus
    stm32f10x_it.o(i.ETH_IRQHandler) refers to queue.o(i.xQueueGiveFromISR) for xQueueGiveFromISR
    stm32f10x_it.o(i.ETH_IRQHandler) refers to stm32_eth.o(i.ETH_DMAClearITPendingBit) for ETH_DMAClearITPendingBit
    stm32f10x_it.o(i.ETH_IRQHandler) refers to ethernetif.o(.data) for s_xSemaphore
    stm32f10x_it.o(i.SysTick_Handler) refers to port.o(i.xPortSysTickHandler) for xPortSysTickHandler
    stm32f107.o(i.ADC_Configuration) refers to stm32f10x_adc.o(i.ADC_Init) for ADC_Init
    stm32f107.o(i.ADC_Configuration) refers to stm32f10x_adc.o(i.ADC_RegularChannelConfig) for ADC_RegularChannelConfig
    stm32f107.o(i.ADC_Configuration) refers to stm32f10x_adc.o(i.ADC_Cmd) for ADC_Cmd
    stm32f107.o(i.ADC_Configuration) refers to stm32f10x_adc.o(i.ADC_SoftwareStartConvCmd) for ADC_SoftwareStartConvCmd
    stm32f107.o(i.Ethernet_Configuration) refers to stm32f10x_gpio.o(i.GPIO_ETH_MediaInterfaceConfig) for GPIO_ETH_MediaInterfaceConfig
    stm32f107.o(i.Ethernet_Configuration) refers to stm32f10x_rcc.o(i.RCC_PLL3Config) for RCC_PLL3Config
    stm32f107.o(i.Ethernet_Configuration) refers to stm32f10x_rcc.o(i.RCC_PLL3Cmd) for RCC_PLL3Cmd
    stm32f107.o(i.Ethernet_Configuration) refers to stm32f10x_rcc.o(i.RCC_GetFlagStatus) for RCC_GetFlagStatus
    stm32f107.o(i.Ethernet_Configuration) refers to stm32f10x_rcc.o(i.RCC_MCOConfig) for RCC_MCOConfig
    stm32f107.o(i.Ethernet_Configuration) refers to stm32_eth.o(i.ETH_DeInit) for ETH_DeInit
    stm32f107.o(i.Ethernet_Configuration) refers to stm32_eth.o(i.ETH_SoftwareReset) for ETH_SoftwareReset
    stm32f107.o(i.Ethernet_Configuration) refers to stm32_eth.o(i.ETH_GetSoftwareResetStatus) for ETH_GetSoftwareResetStatus
    stm32f107.o(i.Ethernet_Configuration) refers to stm32_eth.o(i.ETH_StructInit) for ETH_StructInit
    stm32f107.o(i.Ethernet_Configuration) refers to stm32_eth.o(i.ETH_Init) for ETH_Init
    stm32f107.o(i.Ethernet_Configuration) refers to stm32_eth.o(i.ETH_DMAITConfig) for ETH_DMAITConfig
    stm32f107.o(i.GPIO_Configuration) refers to stm32f10x_gpio.o(i.GPIO_Init) for GPIO_Init
    stm32f107.o(i.GPIO_Configuration) refers to stm32f10x_gpio.o(i.GPIO_PinRemapConfig) for GPIO_PinRemapConfig
    stm32f107.o(i.NVIC_Configuration) refers to misc.o(i.NVIC_SetVectorTable) for NVIC_SetVectorTable
    stm32f107.o(i.NVIC_Configuration) refers to misc.o(i.NVIC_PriorityGroupConfig) for NVIC_PriorityGroupConfig
    stm32f107.o(i.NVIC_Configuration) refers to misc.o(i.NVIC_Init) for NVIC_Init
    stm32f107.o(i.System_Setup) refers to system_stm32f10x.o(i.SystemInit) for SystemInit
    stm32f107.o(i.System_Setup) refers to stm32f10x_rcc.o(i.RCC_APB1PeriphClockCmd) for RCC_APB1PeriphClockCmd
    stm32f107.o(i.System_Setup) refers to stm32f10x_rcc.o(i.RCC_AHBPeriphClockCmd) for RCC_AHBPeriphClockCmd
    stm32f107.o(i.System_Setup) refers to stm32f10x_rcc.o(i.RCC_APB2PeriphClockCmd) for RCC_APB2PeriphClockCmd
    stm32f107.o(i.System_Setup) refers to stm32f107.o(i.NVIC_Configuration) for NVIC_Configuration
    stm32f107.o(i.System_Setup) refers to stm32f107.o(i.ADC_Configuration) for ADC_Configuration
    stm32f107.o(i.System_Setup) refers to stm32f107.o(i.GPIO_Configuration) for GPIO_Configuration
    stm32f107.o(i.System_Setup) refers to stm32f107.o(i.Ethernet_Configuration) for Ethernet_Configuration
    stm32f107.o(i.System_Setup) refers to stm32f10x_rcc.o(i.RCC_GetClocksFreq) for RCC_GetClocksFreq
    stm32f107.o(i.System_Setup) refers to stm32f107.o(i.NVIC_SetPriority) for NVIC_SetPriority
    netconfig.o(i.LWIP_INIT) refers to mem.o(i.mem_init) for mem_init
    netconfig.o(i.LWIP_INIT) refers to memp.o(i.memp_init) for memp_init
    netconfig.o(i.LWIP_INIT) refers to netif.o(i.netif_add) for netif_add
    netconfig.o(i.LWIP_INIT) refers to netif.o(i.netif_set_default) for netif_set_default
[...]
    tcp_timer_ctr                            0x20000066   Data           1  tcp.o(.data)
    tcp_port                                 0x20000068   Data           2  tcp.o(.data)
    iss                                      0x2000006c   Data           4  tcp.o(.data)
    .data                                    0x20000084   Section       36  tcp_in.o(.data)
    flags                                    0x20000084   Data           1  tcp_in.o(.data)
    recv_flags                               0x20000085   Data           1  tcp_in.o(.data)
    tcphdr_optlen                            0x20000086   Data           2  tcp_in.o(.data)
    tcphdr_opt1len                           0x20000088   Data           2  tcp_in.o(.data)
    tcp_optidx                               0x2000008a   Data           2  tcp_in.o(.data)
    recv_acked                               0x2000008c   Data           2  tcp_in.o(.data)
    tcplen                                   0x2000008e   Data           2  tcp_in.o(.data)
    tcphdr                                   0x20000090   Data           4  tcp_in.o(.data)
    tcphdr_opt2                              0x20000094   Data           4  tcp_in.o(.data)
    seqno                                    0x20000098   Data           4  tcp_in.o(.data)
    ackno                                    0x2000009c   Data           4  tcp_in.o(.data)
    recv_data                                0x200000a0   Data           4  tcp_in.o(.data)
    .data                                    0x200000a8   Section       12  timeouts.o(.data)
    next_timeout                             0x200000a8   Data           4  timeouts.o(.data)
    current_timeout_due_time                 0x200000ac   Data           4  timeouts.o(.data)
    tcpip_tcp_timer_active                   0x200000b0   Data           4  timeouts.o(.data)
    .data                                    0x200000b4   Section        8  udp.o(.data)
    udp_port                                 0x200000b4   Data           2  udp.o(.data)
    .data                                    0x200000bc   Section        8  ip4_frag.o(.data)
    ip_reass_pbufcount                       0x200000bc   Data           2  ip4_frag.o(.data)
    reassdatagrams                           0x200000c0   Data           4  ip4_frag.o(.data)
    .data                                    0x200000c4   Section        2  ip4.o(.data)
    ip_id                                    0x200000c4   Data           2  ip4.o(.data)
    .data                                    0x200000c6   Section        1  etharp.o(.data)
    etharp_cached_entry                      0x200000c6   Data           1  etharp.o(.data)
    .data                                    0x200000c8   Section       12  ethernetif.o(.data)
    s_pxNetIf                                0x200000c8   Data           4  ethernetif.o(.data)
    xTxSemaphore                             0x200000d0   Data           4  ethernetif.o(.data)
    .data                                    0x200000d4   Section       16  stm32_eth.o(.data)
    .data                                    0x200000e4   Section       32  heap_4.o(.data)
    pxEnd                                    0x200000e4   Data           4  heap_4.o(.data)
    xFreeBytesRemaining                      0x200000e8   Data           4  heap_4.o(.data)
    xMinimumEverFreeBytesRemaining           0x200000ec   Data           4  heap_4.o(.data)
    xNumberOfSuccessfulAllocations           0x200000f0   Data           4  heap_4.o(.data)
    xNumberOfSuccessfulFrees                 0x200000f4   Data           4  heap_4.o(.data)
    xBlockAllocatedBit                       0x200000f8   Data           4  heap_4.o(.data)
    xStart                                   0x200000fc   Data           8  heap_4.o(.data)
    .data                                    0x20000104   Section        4  port.o(.data)
    uxCriticalNesting                        0x20000104   Data           4  port.o(.data)
    .data                                    0x20000108   Section       64  tasks.o(.data)
    uxDeletedTasksWaitingCleanUp             0x2000010c   Data           4  tasks.o(.data)
    uxCurrentNumberOfTasks                   0x20000110   Data           4  tasks.o(.data)
    xTickCount                               0x20000114   Data           4  tasks.o(.data)
    uxTopReadyPriority                       0x20000118   Data           4  tasks.o(.data)
    xSchedulerRunning                        0x2000011c   Data           4  tasks.o(.data)
    xPendedTicks                             0x20000120   Data           4  tasks.o(.data)
    xYieldPending                            0x20000124   Data           4  tasks.o(.data)
    xNumOfOverflows                          0x20000128   Data           4  tasks.o(.data)
    uxTaskNumber                             0x2000012c   Data           4  tasks.o(.data)
    xNextTaskUnblockTime                     0x20000130   Data           4  tasks.o(.data)
    xIdleTaskHandle                          0x20000134   Data           4  tasks.o(.data)
    uxSchedulerSuspended                     0x2000013c   Data           4  tasks.o(.data)
    pxDelayedTaskList                        0x20000140   Data           4  tasks.o(.data)
    pxOverflowDelayedTaskList                0x20000144   Data           4  tasks.o(.data)
    .bss                                     0x20000148   Section       48  netconfig.o(.bss)
    .bss                                     0x20000178   Section       24  ip.o(.bss)
    .bss                                     0x20000190   Section     8211  mem.o(.bss)
    .bss                                     0x200021a3   Section      195  memp.o(.bss)
    .bss                                     0x20002266   Section     1523  memp.o(.bss)
    .bss                                     0x20002859   Section      171  memp.o(.bss)
    .bss                                     0x20002904   Section      195  memp.o(.bss)
    .bss                                     0x200029c7   Section      163  memp.o(.bss)
    .bss                                     0x20002a6a   Section      363  memp.o(.bss)
    .bss                                     0x20002bd5   Section      131  memp.o(.bss)
    .bss                                     0x20002c58   Section      131  memp.o(.bss)
    .bss                                     0x20002cdb   Section       51  memp.o(.bss)
    .bss                                     0x20002d0e   Section      163  memp.o(.bss)
    .bss                                     0x20002db1   Section    15163  memp.o(.bss)
    .bss                                     0x200068ec   Section       16  tcp_in.o(.bss)
    inseg                                    0x200068ec   Data          16  tcp_in.o(.bss)
    .bss                                     0x200068fc   Section      240  etharp.o(.bss)
    arp_table                                0x200068fc   Data         240  etharp.o(.bss)
    .bss                                     0x200069ec   Section     9216  ethernetif.o(.bss)
    .bss                                     0x20008dec   Section    17408  heap_4.o(.bss)
    ucHeap                                   0x20008dec   Data       17408  heap_4.o(.bss)
    .bss                                     0x2000d1ec   Section      740  tasks.o(.bss)
    pxReadyTasksLists                        0x2000d1ec   Data         640  tasks.o(.bss)
    xDelayedTaskList1                        0x2000d46c   Data          20  tasks.o(.bss)
    xDelayedTaskList2                        0x2000d480   Data          20  tasks.o(.bss)
    xPendingReadyList                        0x2000d494   Data          20  tasks.o(.bss)
    xTasksWaitingTermination                 0x2000d4a8   Data          20  tasks.o(.bss)
    xSuspendedTaskList                       0x2000d4bc   Data          20  tasks.o(.bss)
    .bss                                     0x2000d4d0   Section       96  libspace.o(.bss)
    HEAP                                     0x2000d530   Section      512  startup_stm32f10x_cl.o(HEAP)
    Heap_Mem                                 0x2000d530   Data         512  startup_stm32f10x_cl.o(HEAP)
    STACK                                    0x2000d730   Section     1024  startup_stm32f10x_cl.o(STACK)
    Stack_Mem                                0x2000d730   Data        1024  startup_stm32f10x_cl.o(STACK)
    __initial_sp                             0x2000db30   Data           0  startup_stm32f10x_cl.o(STACK)

    Global Symbols

    Symbol Name                              Value     Ov Type        Size  Object(Section)

    BuildAttributes$$THM_ISAv4$P$D$K$B$S$PE$A:L22UL41UL21$X:L11$S22US41US21$IEEE1$IW$USESV6$~STKCKD$USESV7$~SHL$OSPACE$ROPI$EBA8$UX$STANDARDLIB$REQ8$PRES8$EABIv2 0x00000000   Number         0  anon$$obj.o ABSOLUTE
    __ARM_use_no_argv                        0x00000000   Number         0  main.o ABSOLUTE
    __ARM_exceptions_init                     - Undefined Weak Reference
    __alloca_initialize                       - Undefined Weak Reference
    __arm_preinit_                            - Undefined Weak Reference
    __cpp_initialize__aeabi_                  - Undefined Weak Reference
    __cxa_finalize                            - Undefined Weak Reference
    __sigvec_lookup                           - Undefined Weak Reference
    _atexit_init                              - Undefined Weak Reference
    _call_atexit_fns                          - Undefined Weak Reference
    _clock_init                               - Undefined Weak Reference
    _fp_trap_init                             - Undefined Weak Reference
    _fp_trap_shutdown                         - Undefined Weak Reference
    _get_lc_collate                           - Undefined Weak Reference
    _get_lc_monetary                          - Undefined Weak Reference
    _get_lc_numeric                           - Undefined Weak Reference
    _get_lc_time                              - Undefined Weak Reference
    _getenv_init                              - Undefined Weak Reference
    _handle_redirection                       - Undefined Weak Reference
    _init_alloc                               - Undefined Weak Reference
    _init_user_alloc                          - Undefined Weak Reference
    _initio                                   - Undefined Weak Reference
    _rand_init                                - Undefined Weak Reference
    _signal_finish                            - Undefined Weak Reference
    _signal_init                              - Undefined Weak Reference
    _terminate_alloc                          - Undefined Weak Reference
    _terminate_user_alloc                     - Undefined Weak Reference
    _terminateio                              - Undefined Weak Reference
    __Vectors_Size                           0x00000150   Number         0  startup_stm32f10x_cl.o ABSOLUTE
    __Vectors                                0x08000000   Data           4  startup_stm32f10x_cl.o(RESET)
    __Vectors_End                            0x08000150   Data           0  startup_stm32f10x_cl.o(RESET)
    __main                                   0x08000151   Thumb Code     8  __main.o(!!!main)
    __scatterload                            0x08000159   Thumb Code     0  __scatter.o(!!!scatter)
    __scatterload_rt2                        0x08000159   Thumb Code    44  __scatter.o(!!!scatter)
    __scatterload_rt2_thumb_only             0x08000159   Thumb Code     0  __scatter.o(!!!scatter)
    __scatterload_null                       0x08000167   Thumb Code     0  __scatter.o(!!!scatter)
    __decompress                             0x0800018d   Thumb Code    90  __dczerorl2.o(!!dczerorl2)
    __decompress1                            0x0800018d   Thumb Code     0  __dczerorl2.o(!!dczerorl2)
    __scatterload_zeroinit                   0x080001e9   Thumb Code    28  __scatter_zi.o(!!handler_zi)
    __rt_lib_init                            0x08000205   Thumb Code     0  libinit.o(.ARM.Collect$$libinit$$00000000)
    __rt_lib_init_alloca_1                   0x08000207   Thumb Code     0  libinit2.o(.ARM.Collect$$libinit$$0000002E)
    __rt_lib_init_argv_1                     0x08000207   Thumb Code     0  libinit2.o(.ARM.Collect$$libinit$$0000002C)
    __rt_lib_init_atexit_1                   0x08000207   Thumb Code     0  libinit2.o(.ARM.Collect$$libinit$$0000001B)
    __rt_lib_init_clock_1                    0x08000207   Thumb Code     0  libinit2.o(.ARM.Collect$$libinit$$00000021)
    __rt_lib_init_cpp_1                      0x08000207   Thumb Code     0  libinit2.o(.ARM.Collect$$libinit$$00000032)
    __rt_lib_init_exceptions_1               0x08000207   Thumb Code     0  libinit2.o(.ARM.Collect$$libinit$$00000030)
    __rt_lib_init_fp_1                       0x08000207   Thumb Code     0  libinit2.o(.ARM.Collect$$libinit$$00000002)
    __rt_lib_init_fp_trap_1                  0x08000207   Thumb Code     0  libinit2.o(.ARM.Collect$$libinit$$0000001F)
    __rt_lib_init_getenv_1                   0x08000207   Thumb Code     0  libinit2.o(.ARM.Collect$$libinit$$00000023)
    __rt_lib_init_heap_1                     0x08000207   Thumb Code     0  libinit2.o(.ARM.Collect$$libinit$$0000000A)
    __rt_lib_init_lc_collate_1               0x08000207   Thumb Code     0  libinit2.o(.ARM.Collect$$libinit$$00000011)
    __rt_lib_init_lc_ctype_1                 0x08000207   Thumb Code     0  libinit2.o(.ARM.Collect$$libinit$$00000013)
    __rt_lib_init_lc_monetary_1              0x08000207   Thumb Code     0  libinit2.o(.ARM.Collect$$libinit$$00000015)
    __rt_lib_init_lc_numeric_1               0x08000207   Thumb Code     0  libinit2.o(.ARM.Collect$$libinit$$00000017)
    __rt_lib_init_lc_time_1                  0x08000207   Thumb Code     0  libinit2.o(.ARM.Collect$$libinit$$00000019)
    __rt_lib_init_preinit_1                  0x08000207   Thumb Code     0  libinit2.o(.ARM.Collect$$libinit$$00000004)
    __rt_lib_init_rand_1                     0x08000207   Thumb Code     0  libinit2.o(.ARM.Collect$$libinit$$0000000E)
    __rt_lib_init_return                     0x08000207   Thumb Code     0  libinit2.o(.ARM.Collect$$libinit$$00000033)
    __rt_lib_init_signal_1                   0x08000207   Thumb Code     0  libinit2.o(.ARM.Collect$$libinit$$0000001D)
    __rt_lib_init_stdio_1                    0x08000207   Thumb Code     0  libinit2.o(.ARM.Collect$$libinit$$00000025)
    __rt_lib_init_user_alloc_1               0x08000207   Thumb Code     0  libinit2.o(.ARM.Collect$$libinit$$0000000C)
    __rt_lib_shutdown                        0x08000209   Thumb Code     0  libshutdown.o(.ARM.Collect$$libshutdown$$00000000)
    __rt_lib_shutdown_cpp_1                  0x0800020b   Thumb Code     0  libshutdown2.o(.ARM.Collect$$libshutdown$$00000002)
    __rt_lib_shutdown_fp_trap_1              0x0800020b   Thumb Code     0  libshutdown2.o(.ARM.Collect$$libshutdown$$00000007)
    __rt_lib_shutdown_heap_1                 0x0800020b   Thumb Code     0  libshutdown2.o(.ARM.Collect$$libshutdown$$0000000F)
    __rt_lib_shutdown_return                 0x0800020b   Thumb Code     0  libshutdown2.o(.ARM.Collect$$libshutdown$$00000010)
    __rt_lib_shutdown_signal_1               0x0800020b   Thumb Code     0  libshutdown2.o(.ARM.Collect$$libshutdown$$0000000A)
    __rt_lib_shutdown_stdio_1                0x0800020b   Thumb Code     0  libshutdown2.o(.ARM.Collect$$libshutdown$$00000004)
    __rt_lib_shutdown_user_alloc_1           0x0800020b   Thumb Code     0  libshutdown2.o(.ARM.Collect$$libshutdown$$0000000C)
    __rt_entry                               0x0800020d   Thumb Code     0  __rtentry.o(.ARM.Collect$$rtentry$$00000000)
    __rt_entry_presh_1                       0x0800020d   Thumb Code     0  __rtentry2.o(.ARM.Collect$$rtentry$$00000002)
    __rt_entry_sh                            0x0800020d   Thumb Code     0  __rtentry4.o(.ARM.Collect$$rtentry$$00000004)
    __rt_entry_li                            0x08000213   Thumb Code     0  __rtentry2.o(.ARM.Collect$$rtentry$$0000000A)
    __rt_entry_postsh_1                      0x08000213   Thumb Code     0  __rtentry2.o(.ARM.Collect$$rtentry$$00000009)
    __rt_entry_main                          0x08000217   Thumb Code     0  __rtentry2.o(.ARM.Collect$$rtentry$$0000000D)
    __rt_entry_postli_1                      0x08000217   Thumb Code     0  __rtentry2.o(.ARM.Collect$$rtentry$$0000000C)
    __rt_exit                                0x0800021f   Thumb Code     0  rtexit.o(.ARM.Collect$$rtexit$$00000000)
    __rt_exit_ls                             0x08000221   Thumb Code     0  rtexit2.o(.ARM.Collect$$rtexit$$00000003)
    __rt_exit_prels_1                        0x08000221   Thumb Code     0  rtexit2.o(.ARM.Collect$$rtexit$$00000002)
    __rt_exit_exit                           0x08000225   Thumb Code     0  rtexit2.o(.ARM.Collect$$rtexit$$00000004)
    vPortSVCHandler                          0x0800022d   Thumb Code    32  port.o(.emb_text)
    __asm___6_port_c_39a90d8d__prvStartFirstTask 0x08000251   Thumb Code    28  port.o(.emb_text)
    xPortPendSVHandler                       0x08000271   Thumb Code    72  port.o(.emb_text)
    vPortGetIPSR                             0x080002bd   Thumb Code     6  port.o(.emb_text)
    Reset_Handler                            0x080002c5   Thumb Code     4  startup_stm32f10x_cl.o(.text)
    ADC1_2_IRQHandler                        0x080002db   Thumb Code     0  startup_stm32f10x_cl.o(.text)
    CAN1_RX0_IRQHandler                      0x080002db   Thumb Code     0  startup_stm32f10x_cl.o(.text)
    CAN1_RX1_IRQHandler                      0x080002db   Thumb Code     0  startup_stm32f10x_cl.o(.text)
    CAN1_SCE_IRQHandler                      0x080002db   Thumb Code     0  startup_stm32f10x_cl.o(.text)
    CAN1_TX_IRQHandler                       0x080002db   Thumb Code     0  startup_stm32f10x_cl.o(.text)
    CAN2_RX0_IRQHandler                      0x080002db   Thumb Code     0  startup_stm32f10x_cl.o(.text)
    CAN2_RX1_IRQHandler                      0x080002db   Thumb Code     0  startup_stm32f10x_cl.o(.text)
    CAN2_SCE_IRQHandler                      0x080002db   Thumb Code     0  startup_stm32f10x_cl.o(.text)
    CAN2_TX_IRQHandler                       0x080002db   Thumb Code     0  startup_stm32f10x_cl.o(.text)
    DMA1_Channel1_IRQHandler                 0x080002db   Thumb Code     0  startup_stm32f10x_cl.o(.text)
    DMA1_Channel2_IRQHandler                 0x080002db   Thumb Code     0  startup_stm32f10x_cl.o(.text)
    DMA1_Channel3_IRQHandler                 0x080002db   Thumb Code     0  startup_stm32f10x_cl.o(.text)
    DMA1_Channel4_IRQHandler                 0x080002db   Thumb Code     0  startup_stm32f10x_cl.o(.text)
    DMA1_Channel5_IRQHandler                 0x080002db   Thumb Code     0  startup_stm32f10x_cl.o(.text)
    DMA1_Channel6_IRQHandler                 0x080002db   Thumb Code     0  startup_stm32f10x_cl.o(.text)
    DMA1_Channel7_IRQHandler                 0x080002db   Thumb Code     0  startup_stm32f10x_cl.o(.text)
    DMA2_Channel1_IRQHandler                 0x080002db   Thumb Code     0  startup_stm32f10x_cl.o(.text)
    DMA2_Channel2_IRQHandler                 0x080002db   Thumb Code     0  startup_stm32f10x_cl.o(.text)
    DMA2_Channel3_IRQHandler                 0x080002db   Thumb Code     0  startup_stm32f10x_cl.o(.text)
    DMA2_Channel4_IRQHandler                 0x080002db   Thumb Code     0  startup_stm32f10x_cl.o(.text)
    DMA2_Channel5_IRQHandler                 0x080002db   Thumb Code     0  startup_stm32f10x_cl.o(.text)
    ETH_WKUP_IRQHandler                      0x080002db   Thumb Code     0  startup_stm32f10x_cl.o(.text)
    EXTI0_IRQHandler                         0x080002db   Thumb Code     0  startup_stm32f10x_cl.o(.text)
    EXTI1_IRQHandler                         0x080002db   Thumb Code     0  startup_stm32f10x_cl.o(.text)
    EXTI2_IRQHandler                         0x080002db   Thumb Code     0  startup_stm32f10x_cl.o(.text)
    EXTI3_IRQHandler                         0x080002db   Thumb Code     0  startup_stm32f10x_cl.o(.text)
    EXTI4_IRQHandler                         0x080002db   Thumb Code     0  startup_stm32f10x_cl.o(.text)
    EXTI9_5_IRQHandler                       0x080002db   Thumb Code     0  startup_stm32f10x_cl.o(.text)
    FLASH_IRQHandler                         0x080002db   Thumb Code     0  startup_stm32f10x_cl.o(.text)
    I2C1_ER_IRQHandler                       0x080002db   Thumb Code     0  startup_stm32f10x_cl.o(.text)
    I2C1_EV_IRQHandler                       0x080002db   Thumb Code     0  startup_stm32f10x_cl.o(.text)
    I2C2_ER_IRQHandler                       0x080002db   Thumb Code     0  startup_stm32f10x_cl.o(.text)
    I2C2_EV_IRQHandler                       0x080002db   Thumb Code     0  startup_stm32f10x_cl.o(.text)
    OTG_FS_IRQHandler                        0x080002db   Thumb Code     0  startup_stm32f10x_cl.o(.text)
    OTG_FS_WKUP_IRQHandler                   0x080002db   Thumb Code     0  startup_stm32f10x_cl.o(.text)
    PVD_IRQHandler                           0x080002db   Thumb Code     0  startup_stm32f10x_cl.o(.text)
    RCC_IRQHandler                           0x080002db   Thumb Code     0  startup_stm32f10x_cl.o(.text)
    RTCAlarm_IRQHandler                      0x080002db   Thumb Code     0  startup_stm32f10x_cl.o(.text)
    RTC_IRQHandler                           0x080002db   Thumb Code     0  startup_stm32f10x_cl.o(.text)
    SPI1_IRQHandler                          0x080002db   Thumb Code     0  startup_stm32f10x_cl.o(.text)
    SPI2_IRQHandler                          0x080002db   Thumb Code     0  startup_stm32f10x_cl.o(.text)
    SPI3_IRQHandler                          0x080002db   Thumb Code     0  startup_stm32f10x_cl.o(.text)
    TAMPER_IRQHandler                        0x080002db   Thumb Code     0  startup_stm32f10x_cl.o(.text)
    TIM1_BRK_IRQHandler                      0x080002db   Thumb Code     0  startup_stm32f10x_cl.o(.text)
    TIM1_CC_IRQHandler                       0x080002db   Thumb Code     0  startup_stm32f10x_cl.o(.text)
    TIM1_TRG_COM_IRQHandler                  0x080002db   Thumb Code     0  startup_stm32f10x_cl.o(.text)
    TIM1_UP_IRQHandler                       0x080002db   Thumb Code     0  startup_stm32f10x_cl.o(.text)
    TIM2_IRQHandler                          0x080002db   Thumb Code     0  startup_stm32f10x_cl.o(.text)
    TIM3_IRQHandler                          0x080002db   Thumb Code     0  startup_stm32f10x_cl.o(.text)
    TIM4_IRQHandler                          0x080002db   Thumb Code     0  startup_stm32f10x_cl.o(.text)
    TIM5_IRQHandler                          0x080002db   Thumb Code     0  startup_stm32f10x_cl.o(.text)
    TIM6_IRQHandler                          0x080002db   Thumb Code     0  startup_stm32f10x_cl.o(.text)
    TIM7_IRQHandler                          0x080002db   Thumb Code     0  startup_stm32f10x_cl.o(.text)
    UART4_IRQHandler                         0x080002db   Thumb Code     0  startup_stm32f10x_cl.o(.text)
    UART5_IRQHandler                         0x080002db   Thumb Code     0  startup_stm32f10x_cl.o(.text)
    USART1_IRQHandler                        0x080002db   Thumb Code     0  startup_stm32f10x_cl.o(.text)
    USART2_IRQHandler                        0x080002db   Thumb Code     0  startup_stm32f10x_cl.o(.text)
    USART3_IRQHandler                        0x080002db   Thumb Code     0  startup_stm32f10x_cl.o(.text)
    WWDG_IRQHandler                          0x080002db   Thumb Code     0  startup_stm32f10x_cl.o(.text)
    __user_initial_stackheap                 0x080002dd   Thumb Code     0  startup_stm32f10x_cl.o(.text)
    memcmp                                   0x080002fd   Thumb Code    88  memcmp.o(.text)
    __aeabi_memcpy                           0x08000355   Thumb Code     0  rt_memcpy_v6.o(.text)
    __rt_memcpy                              0x08000355   Thumb Code   138  rt_memcpy_v6.o(.text)
    _memcpy_lastbytes                        0x080003bb   Thumb Code     0  rt_memcpy_v6.o(.text)
    __aeabi_memclr4                          0x080003df   Thumb Code     0  rt_memclr_w.o(.text)
    __aeabi_memclr8                          0x080003df   Thumb Code     0  rt_memclr_w.o(.text)
    __rt_memclr_w                            0x080003df   Thumb Code    78  rt_memclr_w.o(.text)
    _memset_w                                0x080003e3   Thumb Code     0  rt_memclr_w.o(.text)
    __use_two_region_memory                  0x0800042d   Thumb Code     2  heapauxi.o(.text)
    __rt_heap_escrow$2region                 0x0800042f   Thumb Code     2  heapauxi.o(.text)
    __rt_heap_expand$2region                 0x08000431   Thumb Code     2  heapauxi.o(.text)
    __aeabi_memcpy4                          0x08000433   Thumb Code     0  rt_memcpy_w.o(.text)
    __aeabi_memcpy8                          0x08000433   Thumb Code     0  rt_memcpy_w.o(.text)
    __rt_memcpy_w                            0x08000433   Thumb Code   100  rt_memcpy_w.o(.text)
    _memcpy_lastbytes_aligned                0x0800047b   Thumb Code     0  rt_memcpy_w.o(.text)
    __user_libspace                          0x08000499   Thumb Code     8  libspace.o(.text)
    __user_perproc_libspace                  0x08000499   Thumb Code     0  libspace.o(.text)
    __user_perthread_libspace                0x08000499   Thumb Code     0  libspace.o(.text)
    __user_setup_stackheap                   0x080004a1   Thumb Code    74  sys_stackheap_outer.o(.text)
    exit                                     0x080004eb   Thumb Code    18  exit.o(.text)
    _sys_exit                                0x080004fd   Thumb Code     8  sys_exit.o(.text)
    __I$use$semihosting                      0x08000509   Thumb Code     0  use_no_semi.o(.text)
    __use_no_semihosting_swi                 0x08000509   Thumb Code     2  use_no_semi.o(.text)
    ADC_Cmd                                  0x0800050b   Thumb Code    20  stm32f10x_adc.o(i.ADC_Cmd)
    __semihosting_library_function           0x0800050b   Thumb Code     0  indicate_semi.o(.text)
    ADC_Configuration                        0x08000521   Thumb Code    72  stm32f107.o(i.ADC_Configuration)
    ADC_Init                                 0x0800056d   Thumb Code    62  stm32f10x_adc.o(i.ADC_Init)
    ADC_RegularChannelConfig                 0x080005b5   Thumb Code   116  stm32f10x_adc.o(i.ADC_RegularChannelConfig)
    ADC_SoftwareStartConvCmd                 0x08000629   Thumb Code    20  stm32f10x_adc.o(i.ADC_SoftwareStartConvCmd)
    BusFault_Handler                         0x0800063d   Thumb Code     2  stm32f10x_it.o(i.BusFault_Handler)
    DebugMon_Handler                         0x0800063f   Thumb Code     2  stm32f10x_it.o(i.DebugMon_Handler)
    ETH_DMAClearITPendingBit                 0x08000641   Thumb Code     6  stm32_eth.o(i.ETH_DMAClearITPendingBit)
    ETH_DMAITConfig                          0x0800064d   Thumb Code    18  stm32_eth.o(i.ETH_DMAITConfig)
    ETH_DMAReceptionCmd                      0x08000665   Thumb Code    22  stm32_eth.o(i.ETH_DMAReceptionCmd)
    ETH_DMARxDescChainInit                   0x08000681   Thumb Code    68  stm32_eth.o(i.ETH_DMARxDescChainInit)
    ETH_DMARxDescReceiveITConfig             0x080006cd   Thumb Code    18  stm32_eth.o(i.ETH_DMARxDescReceiveITConfig)
    ETH_DMATransmissionCmd                   0x080006e1   Thumb Code    22  stm32_eth.o(i.ETH_DMATransmissionCmd)
    ETH_DMATxDescChainInit                   0x080006fd   Thumb Code    62  stm32_eth.o(i.ETH_DMATxDescChainInit)
    ETH_DMATxDescChecksumInsertionConfig     0x08000745   Thumb Code     8  stm32_eth.o(i.ETH_DMATxDescChecksumInsertionConfig)
    ETH_DeInit                               0x0800074d   Thumb Code    24  stm32_eth.o(i.ETH_DeInit)
    ETH_FlushTransmitFIFO                    0x08000779   Thumb Code    12  stm32_eth.o(i.ETH_FlushTransmitFIFO)
    ETH_GetCurrentTxBuffer                   0x08000789   Thumb Code     8  ethernetif.o(i.ETH_GetCurrentTxBuffer)
    ETH_GetDMAFlagStatus                     0x08000795   Thumb Code    16  stm32_eth.o(i.ETH_GetDMAFlagStatus)
    ETH_GetSoftwareResetStatus               0x080007a9   Thumb Code    14  stm32_eth.o(i.ETH_GetSoftwareResetStatus)
    ETH_IRQHandler                           0x080007bd   Thumb Code    64  stm32f10x_it.o(i.ETH_IRQHandler)
    ETH_Init                                 0x08000805   Thumb Code   468  stm32_eth.o(i.ETH_Init)
    ETH_MACAddressConfig                     0x08000a01   Thumb Code    22  stm32_eth.o(i.ETH_MACAddressConfig)
    ETH_MACReceptionCmd                      0x08000a1d   Thumb Code    22  stm32_eth.o(i.ETH_MACReceptionCmd)
    ETH_MACTransmissionCmd                   0x08000a39   Thumb Code    22  stm32_eth.o(i.ETH_MACTransmissionCmd)
    ETH_ReadPHYRegister                      0x08000a55   Thumb Code    50  stm32_eth.o(i.ETH_ReadPHYRegister)
    ETH_RxPkt_ChainMode                      0x08000a8d   Thumb Code    72  ethernetif.o(i.ETH_RxPkt_ChainMode)
    ETH_SoftwareReset                        0x08000add   Thumb Code    12  stm32_eth.o(i.ETH_SoftwareReset)
    ETH_Start                                0x08000aed   Thumb Code    34  stm32_eth.o(i.ETH_Start)
    ETH_StructInit                           0x08000b0f   Thumb Code   124  stm32_eth.o(i.ETH_StructInit)
    ETH_TxPkt_ChainMode                      0x08000b8d   Thumb Code    50  ethernetif.o(i.ETH_TxPkt_ChainMode)
    ETH_WritePHYRegister                     0x08000bc9   Thumb Code    76  stm32_eth.o(i.ETH_WritePHYRegister)
    EXTI15_10_IRQHandler                     0x08000c1d   Thumb Code     2  stm32f10x_it.o(i.EXTI15_10_IRQHandler)
    Ethernet_Configuration                   0x08000c21   Thumb Code   144  stm32f107.o(i.Ethernet_Configuration)
    GPIO_Configuration                       0x08000cb5   Thumb Code   232  stm32f107.o(i.GPIO_Configuration)
    GPIO_ETH_MediaInterfaceConfig            0x08000dad   Thumb Code     8  stm32f10x_gpio.o(i.GPIO_ETH_MediaInterfaceConfig)
    GPIO_Init                                0x08000db9   Thumb Code   156  stm32f10x_gpio.o(i.GPIO_Init)
    GPIO_PinRemapConfig                      0x08000e55   Thumb Code    66  stm32f10x_gpio.o(i.GPIO_PinRemapConfig)
    GPIO_SetBits                             0x08000e9d   Thumb Code     4  stm32f10x_gpio.o(i.GPIO_SetBits)
    HardFault_Handler                        0x08000ea1   Thumb Code     2  stm32f10x_it.o(i.HardFault_Handler)
    LED_configuration                        0x08000ea5   Thumb Code    72  main.o(i.LED_configuration)
    LWIP_INIT                                0x08000ef5   Thumb Code    64  netconfig.o(i.LWIP_INIT)
    MemManage_Handler                        0x08000f49   Thumb Code     2  stm32f10x_it.o(i.MemManage_Handler)
    NMI_Handler                              0x08000f4b   Thumb Code     2  stm32f10x_it.o(i.NMI_Handler)
    NVIC_Configuration                       0x08000f4d   Thumb Code    52  stm32f107.o(i.NVIC_Configuration)
    NVIC_Init                                0x08000f81   Thumb Code    94  misc.o(i.NVIC_Init)
    NVIC_PriorityGroupConfig                 0x08000fe5   Thumb Code    10  misc.o(i.NVIC_PriorityGroupConfig)
    NVIC_SetVectorTable                      0x08001019   Thumb Code    12  misc.o(i.NVIC_SetVectorTable)
    RCC_AHBPeriphClockCmd                    0x0800102d   Thumb Code    18  stm32f10x_rcc.o(i.RCC_AHBPeriphClockCmd)
    RCC_AHBPeriphResetCmd                    0x08001045   Thumb Code    18  stm32f10x_rcc.o(i.RCC_AHBPeriphResetCmd)
    RCC_APB1PeriphClockCmd                   0x0800105d   Thumb Code    18  stm32f10x_rcc.o(i.RCC_APB1PeriphClockCmd)
    RCC_APB2PeriphClockCmd                   0x08001075   Thumb Code    18  stm32f10x_rcc.o(i.RCC_APB2PeriphClockCmd)
    RCC_GetClocksFreq                        0x0800108d   Thumb Code   180  stm32f10x_rcc.o(i.RCC_GetClocksFreq)
    RCC_GetFlagStatus                        0x08001155   Thumb Code    42  stm32f10x_rcc.o(i.RCC_GetFlagStatus)
    RCC_MCOConfig                            0x08001185   Thumb Code     6  stm32f10x_rcc.o(i.RCC_MCOConfig)
    RCC_PLL3Cmd                              0x08001191   Thumb Code     6  stm32f10x_rcc.o(i.RCC_PLL3Cmd)
    RCC_PLL3Config                           0x0800119d   Thumb Code    14  stm32f10x_rcc.o(i.RCC_PLL3Config)
    SystemInit                               0x08001281   Thumb Code    64  system_stm32f10x.o(i.SystemInit)
    System_Setup                             0x080012cd   Thumb Code   116  stm32f107.o(i.System_Setup)
    UsageFault_Handler                       0x08001341   Thumb Code     2  stm32f10x_it.o(i.UsageFault_Handler)
    etharp_input                             0x0800148d   Thumb Code   134  etharp.o(i.etharp_input)
    etharp_output                            0x08001515   Thumb Code   232  etharp.o(i.etharp_output)
    etharp_query                             0x08001669   Thumb Code   224  etharp.o(i.etharp_query)
    etharp_request                           0x080017dd   Thumb Code     6  etharp.o(i.etharp_request)
    etharp_tmr                               0x08001809   Thumb Code    88  etharp.o(i.etharp_tmr)
    ethernet_input                           0x080018e9   Thumb Code   160  ethernet.o(i.ethernet_input)
    ethernet_output                          0x0800198d   Thumb Code    74  ethernet.o(i.ethernet_output)
    ethernetif_init                          0x080019d9   Thumb Code    42  ethernetif.o(i.ethernetif_init)
    icmp_dest_unreach                        0x08001a9d   Thumb Code     8  icmp.o(i.icmp_dest_unreach)
    icmp_input                               0x08001aa5   Thumb Code   246  icmp.o(i.icmp_input)
    icmp_time_exceeded                       0x08001c0f   Thumb Code     8  icmp.o(i.icmp_time_exceeded)
    ip4_addr_isbroadcast_u32                 0x08001c17   Thumb Code    46  ip4_addr.o(i.ip4_addr_isbroadcast_u32)
    ip4_frag                                 0x08001c45   Thumb Code   370  ip4_frag.o(i.ip4_frag)
    ip4_input                                0x08001dbd   Thumb Code   364  ip4.o(i.ip4_input)
    ip4_output_if                            0x08001f5d   Thumb Code    30  ip4.o(i.ip4_output_if)
    ip4_output_if_src                        0x08001f7d   Thumb Code   168  ip4.o(i.ip4_output_if_src)
    ip4_reass                                0x0800202d   Thumb Code   458  ip4_frag.o(i.ip4_reass)
    ip4_route                                0x080021fd   Thumb Code    82  ip4.o(i.ip4_route)
    lwip_htonl                               0x080025b9   Thumb Code     4  def.o(i.lwip_htonl)
    lwip_htons                               0x080025bd   Thumb Code     4  def.o(i.lwip_htons)
    main                                     0x080025c1   Thumb Code    40  main.o(i.main)
    mem_free                                 0x080025fd   Thumb Code   142  mem.o(i.mem_free)
    mem_init                                 0x08002691   Thumb Code    56  mem.o(i.mem_init)
    mem_malloc                               0x080026d1   Thumb Code   216  mem.o(i.mem_malloc)
    mem_trim                                 0x080027bd   Thumb Code   224  mem.o(i.mem_trim)
    memp_free                                0x080028a1   Thumb Code    20  memp.o(i.memp_free)
    memp_init                                0x080028b9   Thumb Code    24  memp.o(i.memp_init)
    memp_init_pool                           0x080028d5   Thumb Code    42  memp.o(i.memp_init_pool)
    memp_malloc                              0x08002901   Thumb Code    18  memp.o(i.memp_malloc)
    netif_add                                0x08002919   Thumb Code   148  netif.o(i.netif_add)
    netif_get_by_index                       0x08002a31   Thumb Code    32  netif.o(i.netif_get_by_index)
    netif_set_addr                           0x08002a7d   Thumb Code    92  netif.o(i.netif_set_addr)
    netif_set_default                        0x08002add   Thumb Code     6  netif.o(i.netif_set_default)
    netif_set_up                             0x08002ae9   Thumb Code    28  netif.o(i.netif_set_up)
    pbuf_add_header                          0x08002b05   Thumb Code     6  pbuf.o(i.pbuf_add_header)
    pbuf_alloc                               0x08002b51   Thumb Code   216  pbuf.o(i.pbuf_alloc)
    pbuf_alloc_reference                     0x08002c29   Thumb Code    46  pbuf.o(i.pbuf_alloc_reference)
    pbuf_alloced_custom                      0x08002c57   Thumb Code    56  pbuf.o(i.pbuf_alloced_custom)
    pbuf_cat                                 0x08002c8f   Thumb Code    40  pbuf.o(i.pbuf_cat)
    pbuf_clen                                0x08002cb7   Thumb Code    18  pbuf.o(i.pbuf_clen)
    pbuf_clone                               0x08002cc9   Thumb Code    30  pbuf.o(i.pbuf_clone)
    pbuf_copy                                0x08002ce7   Thumb Code   142  pbuf.o(i.pbuf_copy)
    pbuf_copy_partial                        0x08002d75   Thumb Code   102  pbuf.o(i.pbuf_copy_partial)
    pbuf_free                                0x08002ddb   Thumb Code    84  pbuf.o(i.pbuf_free)
    pbuf_header_force                        0x08002e2f   Thumb Code     6  pbuf.o(i.pbuf_header_force)
    pbuf_realloc                             0x08002e5f   Thumb Code    88  pbuf.o(i.pbuf_realloc)
    pbuf_ref                                 0x08002eb7   Thumb Code    12  pbuf.o(i.pbuf_ref)
    pbuf_remove_header                       0x08002ec3   Thumb Code    46  pbuf.o(i.pbuf_remove_header)
    pvPortMalloc                             0x08003361   Thumb Code   170  heap_4.o(i.pvPortMalloc)
    pvTaskIncrementMutexHeldCount            0x08003411   Thumb Code    18  tasks.o(i.pvTaskIncrementMutexHeldCount)
    pxPortInitialiseStack                    0x08003429   Thumb Code    32  port.o(i.pxPortInitialiseStack)
    start_task                               0x0800344d   Thumb Code     2  main.o(i.start_task)
    sys_mutex_lock                           0x0800344f   Thumb Code    10  sys_arch.o(i.sys_mutex_lock)
    sys_mutex_new                            0x08003459   Thumb Code    24  sys_arch.o(i.sys_mutex_new)
    sys_mutex_unlock                         0x08003471   Thumb Code     6  sys_arch.o(i.sys_mutex_unlock)
    sys_now                                  0x08003477   Thumb Code     4  sys_arch.o(i.sys_now)
    sys_timeout                              0x0800347b   Thumb Code    26  timeouts.o(i.sys_timeout)
    tcp_abandon                              0x080034e5   Thumb Code   186  tcp.o(i.tcp_abandon)
    tcp_abort                                0x080035a5   Thumb Code     6  tcp.o(i.tcp_abort)
    tcp_alloc                                0x080035ad   Thumb Code   278  tcp.o(i.tcp_alloc)
    tcp_close                                0x080036d1   Thumb Code    28  tcp.o(i.tcp_close)
    tcp_eff_send_mss_netif                   0x080038dd   Thumb Code    30  tcp.o(i.tcp_eff_send_mss_netif)
    tcp_enqueue_flags                        0x080038fb   Thumb Code   136  tcp_out.o(i.tcp_enqueue_flags)
    tcp_fasttmr                              0x08003985   Thumb Code   102  tcp.o(i.tcp_fasttmr)
    tcp_free                                 0x080039f1   Thumb Code     8  tcp.o(i.tcp_free)
    tcp_input                                0x08003a81   Thumb Code   902  tcp_in.o(i.tcp_input)
    tcp_keepalive                            0x08003e61   Thumb Code    50  tcp_out.o(i.tcp_keepalive)
    tcp_netif_ip_addr_changed                0x08003fd9   Thumb Code    70  tcp.o(i.tcp_netif_ip_addr_changed)
    tcp_next_iss                             0x08004049   Thumb Code    12  tcp.o(i.tcp_next_iss)
    tcp_output                               0x08004059   Thumb Code   500  tcp_out.o(i.tcp_output)
    tcp_pcb_purge                            0x08004455   Thumb Code    60  tcp.o(i.tcp_pcb_purge)
    tcp_pcb_remove                           0x08004491   Thumb Code    80  tcp.o(i.tcp_pcb_remove)
    tcp_process_refused_data                 0x08004865   Thumb Code   118  tcp.o(i.tcp_process_refused_data)
    tcp_recv_null                            0x08004c75   Thumb Code    44  tcp.o(i.tcp_recv_null)
    tcp_recved                               0x08004ca1   Thumb Code    66  tcp.o(i.tcp_recved)
    tcp_rexmit                               0x08004ce3   Thumb Code   102  tcp_out.o(i.tcp_rexmit)
    tcp_rexmit_fast                          0x08004d49   Thumb Code    92  tcp_out.o(i.tcp_rexmit_fast)
    tcp_rexmit_rto                           0x08004da5   Thumb Code    24  tcp_out.o(i.tcp_rexmit_rto)
    tcp_rexmit_rto_commit                    0x08004dbd   Thumb Code    18  tcp_out.o(i.tcp_rexmit_rto_commit)
    tcp_rexmit_rto_prepare                   0x08004dcf   Thumb Code   102  tcp_out.o(i.tcp_rexmit_rto_prepare)
    tcp_rst                                  0x08004e45   Thumb Code    76  tcp_out.o(i.tcp_rst)
    tcp_seg_free                             0x08004e91   Thumb Code    28  tcp.o(i.tcp_seg_free)
    tcp_segs_free                            0x08004ead   Thumb Code    18  tcp.o(i.tcp_segs_free)
    tcp_send_empty_ack                       0x08004ebf   Thumb Code    70  tcp_out.o(i.tcp_send_empty_ack)
    tcp_send_fin                             0x08004f05   Thumb Code    70  tcp_out.o(i.tcp_send_fin)
    tcp_slowtmr                              0x08004f4d   Thumb Code   670  tcp.o(i.tcp_slowtmr)
    tcp_split_unsent_seg                     0x080051fd   Thumb Code   282  tcp_out.o(i.tcp_split_unsent_seg)
    tcp_timer_needed                         0x08005319   Thumb Code    36  timeouts.o(i.tcp_timer_needed)
    tcp_tmr                                  0x080053b5   Thumb Code    28  tcp.o(i.tcp_tmr)
    tcp_trigger_input_pcb_close              0x080053d5   Thumb Code    12  tcp_in.o(i.tcp_trigger_input_pcb_close)
    tcp_update_rcv_ann_wnd                   0x080053e5   Thumb Code    52  tcp.o(i.tcp_update_rcv_ann_wnd)
    tcp_zero_window_probe                    0x08005419   Thumb Code   168  tcp_out.o(i.tcp_zero_window_probe)
    udp_input                                0x080054f9   Thumb Code   306  udp.o(i.udp_input)
    udp_netif_ip_addr_changed                0x08005635   Thumb Code    48  udp.o(i.udp_netif_ip_addr_changed)
    uxListRemove                             0x08005669   Thumb Code    38  list.o(i.uxListRemove)
    vListInitialise                          0x0800568f   Thumb Code    22  list.o(i.vListInitialise)
    vListInitialiseItem                      0x080056a5   Thumb Code     6  list.o(i.vListInitialiseItem)
    vListInsert                              0x080056ab   Thumb Code    48  list.o(i.vListInsert)
    vListInsertEnd                           0x080056db   Thumb Code    24  list.o(i.vListInsertEnd)
    vPortEnterCritical                       0x080056f5   Thumb Code    24  port.o(i.vPortEnterCritical)
    vPortExitCritical                        0x08005711   Thumb Code    16  port.o(i.vPortExitCritical)
    vPortFree                                0x08005725   Thumb Code    64  heap_4.o(i.vPortFree)
    vPortSetupTimerInterrupt                 0x08005769   Thumb Code    20  port.o(i.vPortSetupTimerInterrupt)
    vTaskInternalSetTimeOutState             0x08005781   Thumb Code    12  tasks.o(i.vTaskInternalSetTimeOutState)
    vTaskMissedYield                         0x08005791   Thumb Code     8  tasks.o(i.vTaskMissedYield)
    vTaskPlaceOnEventList                    0x0800579d   Thumb Code    30  tasks.o(i.vTaskPlaceOnEventList)
    vTaskPriorityDisinheritAfterTimeout      0x080057c1   Thumb Code   114  tasks.o(i.vTaskPriorityDisinheritAfterTimeout)
    vTaskStartScheduler                      0x0800583d   Thumb Code    64  tasks.o(i.vTaskStartScheduler)
    vTaskSuspendAll                          0x0800588d   Thumb Code    10  tasks.o(i.vTaskSuspendAll)
    vTaskSwitchContext                       0x0800589d   Thumb Code    60  tasks.o(i.vTaskSwitchContext)
    xPortStartScheduler                      0x080058e1   Thumb Code    38  port.o(i.xPortStartScheduler)
    xPortSysTickHandler                      0x08005911   Thumb Code    38  port.o(i.xPortSysTickHandler)
    xQueueCreateCountingSemaphore            0x0800593d   Thumb Code    20  queue.o(i.xQueueCreateCountingSemaphore)
    xQueueCreateMutex                        0x08005951   Thumb Code    36  queue.o(i.xQueueCreateMutex)
    xQueueGenericCreate                      0x08005975   Thumb Code    46  queue.o(i.xQueueGenericCreate)
    xQueueGenericReset                       0x080059a5   Thumb Code   112  queue.o(i.xQueueGenericReset)
    xQueueGenericSend                        0x08005a19   Thumb Code   250  queue.o(i.xQueueGenericSend)
    xQueueGiveFromISR                        0x08005b19   Thumb Code    86  queue.o(i.xQueueGiveFromISR)
    xQueueGiveMutexRecursive                 0x08005b6f   Thumb Code    42  queue.o(i.xQueueGiveMutexRecursive)
    xQueueSemaphoreTake                      0x08005b99   Thumb Code   290  queue.o(i.xQueueSemaphoreTake)
    xQueueTakeMutexRecursive                 0x08005cc1   Thumb Code    46  queue.o(i.xQueueTakeMutexRecursive)
    xTaskCheckForTimeOut                     0x08005cf1   Thumb Code    82  tasks.o(i.xTaskCheckForTimeOut)
    xTaskCreate                              0x08005d49   Thumb Code    86  tasks.o(i.xTaskCreate)
    xTaskGetCurrentTaskHandle                0x08005da1   Thumb Code     6  tasks.o(i.xTaskGetCurrentTaskHandle)
    xTaskGetTickCount                        0x08005dad   Thumb Code     6  tasks.o(i.xTaskGetTickCount)
    xTaskIncrementTick                       0x08005db9   Thumb Code   172  tasks.o(i.xTaskIncrementTick)
    xTaskPriorityDisinherit                  0x08005e6d   Thumb Code    94  tasks.o(i.xTaskPriorityDisinherit)
    xTaskPriorityInherit                     0x08005ed5   Thumb Code   132  tasks.o(i.xTaskPriorityInherit)
    xTaskRemoveFromEventList                 0x08005f61   Thumb Code    88  tasks.o(i.xTaskRemoveFromEventList)
    xTaskResumeAll                           0x08005fc5   Thumb Code   164  tasks.o(i.xTaskResumeAll)
    memp_UDP_PCB                             0x08006074   Data          12  memp.o(.constdata)
    memp_TCP_PCB                             0x08006080   Data          12  memp.o(.constdata)
    memp_TCP_PCB_LISTEN                      0x0800608c   Data          12  memp.o(.constdata)
    memp_TCP_SEG                             0x08006098   Data          12  memp.o(.constdata)
    memp_REASSDATA                           0x080060a4   Data          12  memp.o(.constdata)
    memp_FRAG_PBUF                           0x080060b0   Data          12  memp.o(.constdata)
    memp_TCPIP_MSG_API                       0x080060bc   Data          12  memp.o(.constdata)
    memp_TCPIP_MSG_INPKT                     0x080060c8   Data          12  memp.o(.constdata)
    memp_SYS_TIMEOUT                         0x080060d4   Data          12  memp.o(.constdata)
    memp_PBUF                                0x080060e0   Data          12  memp.o(.constdata)
    memp_PBUF_POOL                           0x080060ec   Data          12  memp.o(.constdata)
    memp_pools                               0x080060f8   Data          44  memp.o(.constdata)
    tcp_pcb_lists                            0x08006168   Data          16  tcp.o(.constdata)
    ip_addr_any                              0x08006178   Data           4  ip4_addr.o(.constdata)
    ethbroadcast                             0x0800617c   Data           6  ethernet.o(.constdata)
    ethzero                                  0x08006182   Data           6  ethernet.o(.constdata)
    Region$$Table$$Base                      0x08006200   Number         0  anon$$obj.o(Region$$Table)
    Region$$Table$$Limit                     0x08006220   Number         0  anon$$obj.o(Region$$Table)
    start_tsk_handle                         0x20000000   Data           4  main.o(.data)
    GPIO_InitStructure                       0x20000004   Data           4  main.o(.data)
    netif_list                               0x2000005c   Data           4  netif.o(.data)
    netif_default                            0x20000060   Data           4  netif.o(.data)
    tcp_active_pcbs_changed                  0x20000064   Data           1  tcp.o(.data)
    tcp_ticks                                0x20000070   Data           4  tcp.o(.data)
    tcp_bound_pcbs                           0x20000074   Data           4  tcp.o(.data)
    tcp_listen_pcbs                          0x20000078   Data           4  tcp.o(.data)
    tcp_active_pcbs                          0x2000007c   Data           4  tcp.o(.data)
    tcp_tw_pcbs                              0x20000080   Data           4  tcp.o(.data)
    tcp_input_pcb                            0x200000a4   Data           4  tcp_in.o(.data)
    udp_pcbs                                 0x200000b8   Data           4  udp.o(.data)
    s_xSemaphore                             0x200000cc   Data           4  ethernetif.o(.data)
    DMATxDescToSet                           0x200000d4   Data           4  stm32_eth.o(.data)
    DMARxDescToGet                           0x200000d8   Data           4  stm32_eth.o(.data)
    DMAPTPTxDescToSet                        0x200000dc   Data           4  stm32_eth.o(.data)
    DMAPTPRxDescToGet                        0x200000e0   Data           4  stm32_eth.o(.data)
    pxCurrentTCB                             0x20000108   Data           4  tasks.o(.data)
    uxTopUsedPriority                        0x20000138   Data           4  tasks.o(.data)
    nt                                       0x20000148   Data          48  netconfig.o(.bss)
    ip_data                                  0x20000178   Data          24  ip.o(.bss)
    ram_heap                                 0x20000190   Data        8211  mem.o(.bss)
    memp_memory_UDP_PCB_base                 0x200021a3   Data         195  memp.o(.bss)
    memp_memory_TCP_PCB_base                 0x20002266   Data        1523  memp.o(.bss)
    memp_memory_TCP_PCB_LISTEN_base          0x20002859   Data         171  memp.o(.bss)
    memp_memory_TCP_SEG_base                 0x20002904   Data         195  memp.o(.bss)
    memp_memory_REASSDATA_base               0x200029c7   Data         163  memp.o(.bss)
    memp_memory_FRAG_PBUF_base               0x20002a6a   Data         363  memp.o(.bss)
    memp_memory_TCPIP_MSG_API_base           0x20002bd5   Data         131  memp.o(.bss)
    memp_memory_TCPIP_MSG_INPKT_base         0x20002c58   Data         131  memp.o(.bss)
    memp_memory_SYS_TIMEOUT_base             0x20002cdb   Data          51  memp.o(.bss)
    memp_memory_PBUF_base                    0x20002d0e   Data         163  memp.o(.bss)
    memp_memory_PBUF_POOL_base               0x20002db1   Data       15163  memp.o(.bss)
    DMARxDscrTab                             0x200069ec   Data          64  ethernetif.o(.bss)
    DMATxDscrTab                             0x20006a2c   Data          32  ethernetif.o(.bss)
    Rx_Buff                                  0x20006a4c   Data        6080  ethernetif.o(.bss)
    Tx_Buff                                  0x2000820c   Data        3040  ethernetif.o(.bss)
    __libspace_start                         0x2000d4d0   Data          96  libspace.o(.bss)
    __temporary_stack_top$libspace           0x2000d530   Data           0  libspace.o(.bss)



==============================================================================

Memory Map of the image

  Image Entry point : 0x08000151

  Load Region LR_IROM1 (Base: 0x08000000, Size: 0x00006368, Max: 0x00040000, ABSOLUTE, COMPRESSED[0x00006244])

    Execution Region ER_IROM1 (Base: 0x08000000, Size: 0x00006220, Max: 0x00040000, ABSOLUTE)

    Base Addr    Size         Type   Attr      Idx    E Section Name        Object

    0x08000000   0x00000150   Data   RO          442    RESET               startup_stm32f10x_cl.o
    0x08000150   0x00000008   Code   RO         7032  * !!!main             c_w.l(__main.o)
    0x08000158   0x00000034   Code   RO         7216    !!!scatter          c_w.l(__scatter.o)
    0x0800018c   0x0000005a   Code   RO         7214    !!dczerorl2         c_w.l(__dczerorl2.o)
    0x080001e6   0x00000002   PAD
    0x080001e8   0x0000001c   Code   RO         7218    !!handler_zi        c_w.l(__scatter_zi.o)
    0x08000204   0x00000002   Code   RO         7134    .ARM.Collect$$libinit$$00000000  c_w.l(libinit.o)
    0x08000206   0x00000000   Code   RO         7077    .ARM.Collect$$libinit$$00000002  c_w.l(libinit2.o)
    0x08000206   0x00000000   Code   RO         7079    .ARM.Collect$$libinit$$00000004  c_w.l(libinit2.o)
    0x08000206   0x00000000   Code   RO         7082    .ARM.Collect$$libinit$$0000000A  c_w.l(libinit2.o)
    0x08000206   0x00000000   Code   RO         7084    .ARM.Collect$$libinit$$0000000C  c_w.l(libinit2.o)
    0x08000206   0x00000000   Code   RO         7086    .ARM.Collect$$libinit$$0000000E  c_w.l(libinit2.o)
    0x08000206   0x00000000   Code   RO         7089    .ARM.Collect$$libinit$$00000011  c_w.l(libinit2.o)
    0x08000206   0x00000000   Code   RO         7091    .ARM.Collect$$libinit$$00000013  c_w.l(libinit2.o)
    0x08000206   0x00000000   Code   RO         7093    .ARM.Collect$$libinit$$00000015  c_w.l(libinit2.o)
    0x08000206   0x00000000   Code   RO         7095    .ARM.Collect$$libinit$$00000017  c_w.l(libinit2.o)
    0x08000206   0x00000000   Code   RO         7097    .ARM.Collect$$libinit$$00000019  c_w.l(libinit2.o)
    0x08000206   0x00000000   Code   RO         7099    .ARM.Collect$$libinit$$0000001B  c_w.l(libinit2.o)
    0x08000206   0x00000000   Code   RO         7101    .ARM.Collect$$libinit$$0000001D  c_w.l(libinit2.o)
    0x08000206   0x00000000   Code   RO         7103    .ARM.Collect$$libinit$$0000001F  c_w.l(libinit2.o)
    0x08000206   0x00000000   Code   RO         7105    .ARM.Collect$$libinit$$00000021  c_w.l(libinit2.o)
    0x08000206   0x00000000   Code   RO         7107    .ARM.Collect$$libinit$$00000023  c_w.l(libinit2.o)
    0x08000206   0x00000000   Code   RO         7109    .ARM.Collect$$libinit$$00000025  c_w.l(libinit2.o)
    0x08000206   0x00000000   Code   RO         7113    .ARM.Collect$$libinit$$0000002C  c_w.l(libinit2.o)
    0x08000206   0x00000000   Code   RO         7115    .ARM.Collect$$libinit$$0000002E  c_w.l(libinit2.o)
    0x08000206   0x00000000   Code   RO         7117    .ARM.Collect$$libinit$$00000030  c_w.l(libinit2.o)
    0x08000206   0x00000000   Code   RO         7119    .ARM.Collect$$libinit$$00000032  c_w.l(libinit2.o)
    0x08000206   0x00000002   Code   RO         7120    .ARM.Collect$$libinit$$00000033  c_w.l(libinit2.o)
    0x08000208   0x00000002   Code   RO         7171    .ARM.Collect$$libshutdown$$00000000  c_w.l(libshutdown.o)
    0x0800020a   0x00000000   Code   RO         7177    .ARM.Collect$$libshutdown$$00000002  c_w.l(libshutdown2.o)
    0x0800020a   0x00000000   Code   RO         7179    .ARM.Collect$$libshutdown$$00000004  c_w.l(libshutdown2.o)
    0x0800020a   0x00000000   Code   RO         7182    .ARM.Collect$$libshutdown$$00000007  c_w.l(libshutdown2.o)
    0x0800020a   0x00000000   Code   RO         7185    .ARM.Collect$$libshutdown$$0000000A  c_w.l(libshutdown2.o)
    0x0800020a   0x00000000   Code   RO         7187    .ARM.Collect$$libshutdown$$0000000C  c_w.l(libshutdown2.o)
    0x0800020a   0x00000000   Code   RO         7190    .ARM.Collect$$libshutdown$$0000000F  c_w.l(libshutdown2.o)
    0x0800020a   0x00000002   Code   RO         7191    .ARM.Collect$$libshutdown$$00000010  c_w.l(libshutdown2.o)
    0x0800020c   0x00000000   Code   RO         7034    .ARM.Collect$$rtentry$$00000000  c_w.l(__rtentry.o)
    0x0800020c   0x00000000   Code   RO         7058    .ARM.Collect$$rtentry$$00000002  c_w.l(__rtentry2.o)
    0x0800020c   0x00000006   Code   RO         7070    .ARM.Collect$$rtentry$$00000004  c_w.l(__rtentry4.o)
    0x08000212   0x00000000   Code   RO         7060    .ARM.Collect$$rtentry$$00000009  c_w.l(__rtentry2.o)
    0x08000212   0x00000004   Code   RO         7061    .ARM.Collect$$rtentry$$0000000A  c_w.l(__rtentry2.o)
    0x08000216   0x00000000   Code   RO         7063    .ARM.Collect$$rtentry$$0000000C  c_w.l(__rtentry2.o)
    0x08000216   0x00000008   Code   RO         7064    .ARM.Collect$$rtentry$$0000000D  c_w.l(__rtentry2.o)
    0x0800021e   0x00000002   Code   RO         7137    .ARM.Collect$$rtexit$$00000000  c_w.l(rtexit.o)
    0x08000220   0x00000000   Code   RO         7146    .ARM.Collect$$rtexit$$00000002  c_w.l(rtexit2.o)
    0x08000220   0x00000004   Code   RO         7147    .ARM.Collect$$rtexit$$00000003  c_w.l(rtexit2.o)
    0x08000224   0x00000006   Code   RO         7148    .ARM.Collect$$rtexit$$00000004  c_w.l(rtexit2.o)
    0x0800022a   0x00000002   PAD
    0x0800022c   0x00000096   Code   RO         6328    .emb_text           port.o
    0x080002c2   0x00000002   PAD
    0x080002c4   0x00000038   Code   RO          443    .text               startup_stm32f10x_cl.o
    0x080002fc   0x00000058   Code   RO         7016    .text               c_w.l(memcmp.o)
    0x08000354   0x0000008a   Code   RO         7022    .text               c_w.l(rt_memcpy_v6.o)
    0x080003de   0x0000004e   Code   RO         7028    .text               c_w.l(rt_memclr_w.o)
    0x0800042c   0x00000006   Code   RO         7030    .text               c_w.l(heapauxi.o)
    0x08000432   0x00000064   Code   RO         7050    .text               c_w.l(rt_memcpy_w.o)
    0x08000496   0x00000002   PAD
    0x08000498   0x00000008   Code   RO         7054    .text               c_w.l(libspace.o)
    0x080004a0   0x0000004a   Code   RO         7121    .text               c_w.l(sys_stackheap_outer.o)
    0x080004ea   0x00000012   Code   RO         7125    .text               c_w.l(exit.o)
    0x080004fc   0x0000000c   Code   RO         7158    .text               c_w.l(sys_exit.o)
    0x08000508   0x00000002   Code   RO         7160    .text               c_w.l(use_no_semi.o)
    0x0800050a   0x00000000   Code   RO         7162    .text               c_w.l(indicate_semi.o)
    0x0800050a   0x00000014   Code   RO          489    i.ADC_Cmd           stm32f10x_adc.o
    0x0800051e   0x00000002   PAD
    0x08000520   0x0000004c   Code   RO          314    i.ADC_Configuration  stm32f107.o
    0x0800056c   0x00000048   Code   RO          507    i.ADC_Init          stm32f10x_adc.o
    0x080005b4   0x00000074   Code   RO          511    i.ADC_RegularChannelConfig  stm32f10x_adc.o
    0x08000628   0x00000014   Code   RO          514    i.ADC_SoftwareStartConvCmd  stm32f10x_adc.o
    0x0800063c   0x00000002   Code   RO          226    i.BusFault_Handler  stm32f10x_it.o
    0x0800063e   0x00000002   Code   RO          227    i.DebugMon_Handler  stm32f10x_it.o
    0x08000640   0x0000000c   Code   RO         5523    i.ETH_DMAClearITPendingBit  stm32_eth.o
    0x0800064c   0x00000018   Code   RO         5524    i.ETH_DMAITConfig   stm32_eth.o
    0x08000664   0x0000001c   Code   RO         5527    i.ETH_DMAReceptionCmd  stm32_eth.o
    0x08000680   0x0000004c   Code   RO         5528    i.ETH_DMARxDescChainInit  stm32_eth.o
    0x080006cc   0x00000012   Code   RO         5530    i.ETH_DMARxDescReceiveITConfig  stm32_eth.o
    0x080006de   0x00000002   PAD
    0x080006e0   0x0000001c   Code   RO         5533    i.ETH_DMATransmissionCmd  stm32_eth.o
    0x080006fc   0x00000048   Code   RO         5536    i.ETH_DMATxDescChainInit  stm32_eth.o
    0x08000744   0x00000008   Code   RO         5537    i.ETH_DMATxDescChecksumInsertionConfig  stm32_eth.o
    0x0800074c   0x00000018   Code   RO         5545    i.ETH_DeInit        stm32_eth.o
    0x08000764   0x00000012   Code   RO         5546    i.ETH_Delay         stm32_eth.o
    0x08000776   0x00000002   PAD
    0x08000778   0x00000010   Code   RO         5551    i.ETH_FlushTransmitFIFO  stm32_eth.o
    0x08000788   0x0000000c   Code   RO         5338    i.ETH_GetCurrentTxBuffer  ethernetif.o
    0x08000794   0x00000014   Code   RO         5557    i.ETH_GetDMAFlagStatus  stm32_eth.o
    0x080007a8   0x00000014   Code   RO         5578    i.ETH_GetSoftwareResetStatus  stm32_eth.o
    0x080007bc   0x00000048   Code   RO          228    i.ETH_IRQHandler    stm32f10x_it.o
    0x08000804   0x000001fc   Code   RO         5585    i.ETH_Init          stm32_eth.o
    0x08000a00   0x0000001c   Code   RO         5588    i.ETH_MACAddressConfig  stm32_eth.o
    0x08000a1c   0x0000001c   Code   RO         5593    i.ETH_MACReceptionCmd  stm32_eth.o
    0x08000a38   0x0000001c   Code   RO         5594    i.ETH_MACTransmissionCmd  stm32_eth.o
    0x08000a54   0x00000038   Code   RO         5605    i.ETH_ReadPHYRegister  stm32_eth.o
    0x08000a8c   0x00000050   Code   RO         5339    i.ETH_RxPkt_ChainMode  ethernetif.o
    0x08000adc   0x00000010   Code   RO         5616    i.ETH_SoftwareReset  stm32_eth.o
    0x08000aec   0x00000022   Code   RO         5617    i.ETH_Start         stm32_eth.o
    0x08000b0e   0x0000007c   Code   RO         5618    i.ETH_StructInit    stm32_eth.o
    0x08000b8a   0x00000002   PAD
    0x08000b8c   0x0000003c   Code   RO         5340    i.ETH_TxPkt_ChainMode  ethernetif.o
    0x08000bc8   0x00000054   Code   RO         5620    i.ETH_WritePHYRegister  stm32_eth.o
    0x08000c1c   0x00000002   Code   RO          229    i.EXTI15_10_IRQHandler  stm32f10x_it.o
    0x08000c1e   0x00000002   PAD
    0x08000c20   0x00000094   Code   RO          315    i.Ethernet_Configuration  stm32f107.o
    0x08000cb4   0x000000f8   Code   RO          316    i.GPIO_Configuration  stm32f107.o
    0x08000dac   0x0000000c   Code   RO         1459    i.GPIO_ETH_MediaInterfaceConfig  stm32f10x_gpio.o
    0x08000db8   0x0000009c   Code   RO         1463    i.GPIO_Init         stm32f10x_gpio.o
    0x08000e54   0x00000048   Code   RO         1465    i.GPIO_PinRemapConfig  stm32f10x_gpio.o
    0x08000e9c   0x00000004   Code   RO         1471    i.GPIO_SetBits      stm32f10x_gpio.o
    0x08000ea0   0x00000002   Code   RO          230    i.HardFault_Handler  stm32f10x_it.o
    0x08000ea2   0x00000002   PAD
    0x08000ea4   0x00000050   Code   RO            1    i.LED_configuration  main.o
    0x08000ef4   0x00000054   Code   RO          358    i.LWIP_INIT         netconfig.o
    0x08000f48   0x00000002   Code   RO          231    i.MemManage_Handler  stm32f10x_it.o
    0x08000f4a   0x00000002   Code   RO          232    i.NMI_Handler       stm32f10x_it.o
    0x08000f4c   0x00000034   Code   RO          317    i.NVIC_Configuration  stm32f107.o
    0x08000f80   0x00000064   Code   RO          447    i.NVIC_Init         misc.o
    0x08000fe4   0x00000014   Code   RO          448    i.NVIC_PriorityGroupConfig  misc.o
    0x08000ff8   0x00000020   Code   RO          318    i.NVIC_SetPriority  stm32f107.o
    0x08001018   0x00000014   Code   RO          449    i.NVIC_SetVectorTable  misc.o
    0x0800102c   0x00000018   Code   RO         1878    i.RCC_AHBPeriphClockCmd  stm32f10x_rcc.o
    0x08001044   0x00000018   Code   RO         1879    i.RCC_AHBPeriphResetCmd  stm32f10x_rcc.o
    0x0800105c   0x00000018   Code   RO         1880    i.RCC_APB1PeriphClockCmd  stm32f10x_rcc.o
    0x08001074   0x00000018   Code   RO         1882    i.RCC_APB2PeriphClockCmd  stm32f10x_rcc.o
    0x0800108c   0x000000c8   Code   RO         1890    i.RCC_GetClocksFreq  stm32f10x_rcc.o
    0x08001154   0x00000030   Code   RO         1891    i.RCC_GetFlagStatus  stm32f10x_rcc.o
    0x08001184   0x0000000c   Code   RO         1902    i.RCC_MCOConfig     stm32f10x_rcc.o
    0x08001190   0x0000000c   Code   RO         1908    i.RCC_PLL3Cmd       stm32f10x_rcc.o
    0x0800119c   0x00000014   Code   RO         1909    i.RCC_PLL3Config    stm32f10x_rcc.o
    0x080011b0   0x000000d0   Code   RO          413    i.SetSysClockTo72   system_stm32f10x.o
    0x08001280   0x0000004c   Code   RO          414    i.SystemInit        system_stm32f10x.o
    0x080012cc   0x00000074   Code   RO          319    i.System_Setup      stm32f107.o
    0x08001340   0x00000002   Code   RO          236    i.UsageFault_Handler  stm32f10x_it.o
    0x08001342   0x00000002   PAD
    0x08001344   0x0000001c   Code   RO         5341    i.arp_timer         ethernetif.o
    0x08001360   0x0000000c   Code   RO         3631    i.do_memp_free_pool  memp.o
    0x0800136c   0x0000000e   Code   RO         3632    i.do_memp_malloc_pool  memp.o
    0x0800137a   0x00000002   PAD
    0x0800137c   0x000000ec   Code   RO         5037    i.etharp_find_entry  etharp.o
    0x08001468   0x00000024   Code   RO         5038    i.etharp_free_entry  etharp.o
    0x0800148c   0x00000086   Code   RO         5040    i.etharp_input      etharp.o
    0x08001512   0x00000002   PAD
    0x08001514   0x000000f4   Code   RO         5041    i.etharp_output     etharp.o
    0x08001608   0x00000060   Code   RO         5042    i.etharp_output_to_arp_index  etharp.o
    0x08001668   0x000000e8   Code   RO         5043    i.etharp_query      etharp.o
    0x08001750   0x0000008a   Code   RO         5044    i.etharp_raw        etharp.o
    0x080017da   0x00000002   PAD
    0x080017dc   0x0000000c   Code   RO         5045    i.etharp_request    etharp.o
    0x080017e8   0x00000020   Code   RO         5046    i.etharp_request_dst  etharp.o
    0x08001808   0x0000005c   Code   RO         5047    i.etharp_tmr        etharp.o
    0x08001864   0x00000084   Code   RO         5048    i.etharp_update_arp_entry  etharp.o
    0x080018e8   0x000000a4   Code   RO         5313    i.ethernet_input    ethernet.o
    0x0800198c   0x0000004a   Code   RO         5314    i.ethernet_output   ethernet.o
    0x080019d6   0x00000002   PAD
    0x080019d8   0x00000038   Code   RO         5342    i.ethernetif_init   ethernetif.o
    0x08001a10   0x0000008c   Code   RO         5343    i.ethernetif_input  ethernetif.o
    0x08001a9c   0x00000008   Code   RO         4999    i.icmp_dest_unreach  icmp.o
    0x08001aa4   0x000000fc   Code   RO         5000    i.icmp_input        icmp.o
    0x08001ba0   0x0000006e   Code   RO         5001    i.icmp_send_response  icmp.o
    0x08001c0e   0x00000008   Code   RO         5002    i.icmp_time_exceeded  icmp.o
    0x08001c16   0x0000002e   Code   RO         4887    i.ip4_addr_isbroadcast_u32  ip4_addr.o
    0x08001c44   0x00000178   Code   RO         4828    i.ip4_frag          ip4_frag.o
    0x08001dbc   0x00000174   Code   RO         4947    i.ip4_input         ip4.o
    0x08001f30   0x0000002c   Code   RO         4948    i.ip4_input_accept  ip4.o
    0x08001f5c   0x0000001e   Code   RO         4950    i.ip4_output_if     ip4.o
    0x08001f7a   0x00000002   PAD
    0x08001f7c   0x000000b0   Code   RO         4951    i.ip4_output_if_src  ip4.o
    0x0800202c   0x000001d0   Code   RO         4829    i.ip4_reass         ip4_frag.o
    0x080021fc   0x0000005c   Code   RO         4952    i.ip4_route         ip4.o
    0x08002258   0x00000008   Code   RO         4830    i.ip_frag_free_pbuf_custom_ref  ip4_frag.o
    0x08002260   0x000000f2   Code   RO         4831    i.ip_reass_chain_frag_into_datagram_and_validate  ip4_frag.o
    0x08002352   0x00000002   PAD
    0x08002354   0x00000024   Code   RO         4832    i.ip_reass_dequeue_datagram  ip4_frag.o
    0x08002378   0x00000070   Code   RO         4833    i.ip_reass_free_complete_datagram  ip4_frag.o
    0x080023e8   0x00000084   Code   RO         4834    i.ip_reass_remove_oldest_datagram  ip4_frag.o
    0x0800246c   0x00000016   Code   RO         4836    i.ipfrag_free_pbuf_custom  ip4_frag.o
    0x08002482   0x00000002   PAD
    0x08002484   0x000000cc   Code   RO         5344    i.low_level_init    ethernetif.o
    0x08002550   0x00000068   Code   RO         5345    i.low_level_output  ethernetif.o
    0x080025b8   0x00000004   Code   RO         3335    i.lwip_htonl        def.o
    0x080025bc   0x00000004   Code   RO         3336    i.lwip_htons        def.o
    0x080025c0   0x0000003c   Code   RO            2    i.main              main.o
    0x080025fc   0x00000094   Code   RO         3564    i.mem_free          mem.o
    0x08002690   0x00000040   Code   RO         3565    i.mem_init          mem.o
    0x080026d0   0x000000dc   Code   RO         3566    i.mem_malloc        mem.o
    0x080027ac   0x00000010   Code   RO         3567    i.mem_to_ptr        mem.o
    0x080027bc   0x000000e4   Code   RO         3568    i.mem_trim          mem.o
    0x080028a0   0x00000018   Code   RO         3633    i.memp_free         memp.o
    0x080028b8   0x0000001c   Code   RO         3635    i.memp_init         memp.o
    0x080028d4   0x0000002a   Code   RO         3636    i.memp_init_pool    memp.o
    0x080028fe   0x00000002   PAD
    0x08002900   0x00000018   Code   RO         3637    i.memp_malloc       memp.o
    0x08002918   0x000000a0   Code   RO         3763    i.netif_add         netif.o
    0x080029b8   0x00000016   Code   RO         3765    i.netif_do_ip_addr_changed  netif.o
    0x080029ce   0x00000016   Code   RO         3766    i.netif_do_set_gw   netif.o
    0x080029e4   0x00000034   Code   RO         3767    i.netif_do_set_ipaddr  netif.o
    0x08002a18   0x00000016   Code   RO         3768    i.netif_do_set_netmask  netif.o
    0x08002a2e   0x00000002   PAD
    0x08002a30   0x00000024   Code   RO         3770    i.netif_get_by_index  netif.o
    0x08002a54   0x00000022   Code   RO         3774    i.netif_issue_reports  netif.o
    0x08002a76   0x00000006   Code   RO         3776    i.netif_null_output_ip4  netif.o
    0x08002a7c   0x00000060   Code   RO         3778    i.netif_set_addr    netif.o
    0x08002adc   0x0000000c   Code   RO         3779    i.netif_set_default  netif.o
    0x08002ae8   0x0000001c   Code   RO         3786    i.netif_set_up      netif.o
    0x08002b04   0x00000006   Code   RO         3931    i.pbuf_add_header   pbuf.o
    0x08002b0a   0x00000046   Code   RO         3933    i.pbuf_add_header_impl  pbuf.o
    0x08002b50   0x000000d8   Code   RO         3934    i.pbuf_alloc        pbuf.o
    0x08002c28   0x0000002e   Code   RO         3935    i.pbuf_alloc_reference  pbuf.o
    0x08002c56   0x00000038   Code   RO         3936    i.pbuf_alloced_custom  pbuf.o
    0x08002c8e   0x00000028   Code   RO         3937    i.pbuf_cat          pbuf.o
    0x08002cb6   0x00000012   Code   RO         3939    i.pbuf_clen         pbuf.o
    0x08002cc8   0x0000001e   Code   RO         3940    i.pbuf_clone        pbuf.o
    0x08002ce6   0x0000008e   Code   RO         3942    i.pbuf_copy         pbuf.o
    0x08002d74   0x00000066   Code   RO         3943    i.pbuf_copy_partial  pbuf.o
    0x08002dda   0x00000054   Code   RO         3945    i.pbuf_free         pbuf.o
    0x08002e2e   0x00000006   Code   RO         3950    i.pbuf_header_force  pbuf.o
    0x08002e34   0x0000000e   Code   RO         3951    i.pbuf_header_impl  pbuf.o
    0x08002e42   0x0000001c   Code   RO         3952    i.pbuf_init_alloced_pbuf  pbuf.o
    0x08002e5e   0x00000058   Code   RO         3956    i.pbuf_realloc      pbuf.o
    0x08002eb6   0x0000000c   Code   RO         3957    i.pbuf_ref          pbuf.o
    0x08002ec2   0x0000002e   Code   RO         3958    i.pbuf_remove_header  pbuf.o
    0x08002ef0   0x0000007c   Code   RO         3569    i.plug_holes        mem.o
    0x08002f6c   0x00000070   Code   RO         6693    i.prvAddCurrentTaskToDelayedList  tasks.o
    0x08002fdc   0x000000d0   Code   RO         6694    i.prvAddNewTaskToReadyList  tasks.o
    0x080030ac   0x0000006c   Code   RO         6400    i.prvCopyDataToQueue  queue.o
    0x08003118   0x00000014   Code   RO         6695    i.prvDeleteTCB      tasks.o
    0x0800312c   0x0000004c   Code   RO         6234    i.prvHeapInit       heap_4.o
    0x08003178   0x0000005c   Code   RO         6696    i.prvIdleTask       tasks.o
    0x080031d4   0x00000080   Code   RO         6697    i.prvInitialiseNewTask  tasks.o
    0x08003254   0x0000004c   Code   RO         6235    i.prvInsertBlockIntoFreeList  heap_4.o
    0x080032a0   0x0000001a   Code   RO         6401    i.prvIsQueueEmpty   queue.o
    0x080032ba   0x00000002   PAD
    0x080032bc   0x0000001c   Code   RO         6698    i.prvResetNextTaskUnblockTime  tasks.o
    0x080032d8   0x00000010   Code   RO         6329    i.prvTaskExitError  port.o
    0x080032e8   0x0000006a   Code   RO         6402    i.prvUnlockQueue    queue.o
    0x08003352   0x00000002   PAD
    0x08003354   0x0000000c   Code   RO         3570    i.ptr_to_mem        mem.o
    0x08003360   0x000000b0   Code   RO         6236    i.pvPortMalloc      heap_4.o
    0x08003410   0x00000018   Code   RO         6700    i.pvTaskIncrementMutexHeldCount  tasks.o
    0x08003428   0x00000024   Code   RO         6330    i.pxPortInitialiseStack  port.o
    0x0800344c   0x00000002   Code   RO            3    i.start_task        main.o
    0x0800344e   0x0000000a   Code   RO         5407    i.sys_mutex_lock    sys_arch.o
    0x08003458   0x00000018   Code   RO         5408    i.sys_mutex_new     sys_arch.o
    0x08003470   0x00000006   Code   RO         5409    i.sys_mutex_unlock  sys_arch.o
    0x08003476   0x00000004   Code   RO         5410    i.sys_now           sys_arch.o
    0x0800347a   0x0000001a   Code   RO         4643    i.sys_timeout       timeouts.o
    0x08003494   0x00000050   Code   RO         4644    i.sys_timeout_abs   timeouts.o
    0x080034e4   0x000000c0   Code   RO         4150    i.tcp_abandon       tcp.o
    0x080035a4   0x00000006   Code   RO         4151    i.tcp_abort         tcp.o
    0x080035aa   0x00000002   PAD
    0x080035ac   0x00000124   Code   RO         4154    i.tcp_alloc         tcp.o
    0x080036d0   0x0000001c   Code   RO         4158    i.tcp_close         tcp.o
    0x080036ec   0x00000108   Code   RO         4159    i.tcp_close_shutdown  tcp.o
    0x080037f4   0x00000050   Code   RO         4160    i.tcp_close_shutdown_fin  tcp.o
    0x08003844   0x00000098   Code   RO         4503    i.tcp_create_segment  tcp_out.o
    0x080038dc   0x0000001e   Code   RO         4163    i.tcp_eff_send_mss_netif  tcp.o
    0x080038fa   0x00000088   Code   RO         4504    i.tcp_enqueue_flags  tcp_out.o
    0x08003982   0x00000002   PAD
    0x08003984   0x0000006c   Code   RO         4165    i.tcp_fasttmr       tcp.o
    0x080039f0   0x00000008   Code   RO         4166    i.tcp_free          tcp.o
    0x080039f8   0x00000060   Code   RO         4431    i.tcp_free_acked_segments  tcp_in.o
    0x08003a58   0x00000028   Code   RO         4432    i.tcp_get_next_optbyte  tcp_in.o
    0x08003a80   0x000003a0   Code   RO         4433    i.tcp_input         tcp_in.o
    0x08003e20   0x00000040   Code   RO         4434    i.tcp_input_delayed_close  tcp_in.o
    0x08003e60   0x00000032   Code   RO         4505    i.tcp_keepalive     tcp_out.o
    0x08003e92   0x00000002   PAD
    0x08003e94   0x0000003c   Code   RO         4168    i.tcp_kill_state    tcp.o
    0x08003ed0   0x00000108   Code   RO         4435    i.tcp_listen_input  tcp_in.o
    0x08003fd8   0x0000004c   Code   RO         4171    i.tcp_netif_ip_addr_changed  tcp.o
    0x08004024   0x00000022   Code   RO         4172    i.tcp_netif_ip_addr_changed_pcblist  tcp.o
    0x08004046   0x00000002   PAD
    0x08004048   0x00000010   Code   RO         4176    i.tcp_next_iss      tcp.o
    0x08004058   0x000001f8   Code   RO         4506    i.tcp_output        tcp_out.o
    0x08004250   0x0000002a   Code   RO         4507    i.tcp_output_alloc_header  tcp_out.o
    0x0800427a   0x0000006a   Code   RO         4508    i.tcp_output_alloc_header_common  tcp_out.o
    0x080042e4   0x00000044   Code   RO         4509    i.tcp_output_control_segment  tcp_out.o
    0x08004328   0x000000a8   Code   RO         4510    i.tcp_output_segment  tcp_out.o
    0x080043d0   0x00000010   Code   RO         4511    i.tcp_output_segment_busy  tcp_out.o
    0x080043e0   0x00000074   Code   RO         4436    i.tcp_parseopt      tcp_in.o
    0x08004454   0x0000003c   Code   RO         4177    i.tcp_pcb_purge     tcp.o
    0x08004490   0x00000050   Code   RO         4178    i.tcp_pcb_remove    tcp.o
    0x080044e0   0x00000384   Code   RO         4437    i.tcp_process       tcp_in.o
    0x08004864   0x00000076   Code   RO         4180    i.tcp_process_refused_data  tcp.o
    0x080048da   0x00000002   PAD
    0x080048dc   0x00000398   Code   RO         4438    i.tcp_receive       tcp_in.o
    0x08004c74   0x0000002c   Code   RO         4182    i.tcp_recv_null     tcp.o
    0x08004ca0   0x00000042   Code   RO         4183    i.tcp_recved        tcp.o
    0x08004ce2   0x00000066   Code   RO         4513    i.tcp_rexmit        tcp_out.o
    0x08004d48   0x0000005c   Code   RO         4514    i.tcp_rexmit_fast   tcp_out.o
    0x08004da4   0x00000018   Code   RO         4515    i.tcp_rexmit_rto    tcp_out.o
    0x08004dbc   0x00000012   Code   RO         4516    i.tcp_rexmit_rto_commit  tcp_out.o
    0x08004dce   0x00000066   Code   RO         4517    i.tcp_rexmit_rto_prepare  tcp_out.o
    0x08004e34   0x00000010   Code   RO         4518    i.tcp_route         tcp_out.o
    0x08004e44   0x0000004c   Code   RO         4519    i.tcp_rst           tcp_out.o
    0x08004e90   0x0000001c   Code   RO         4184    i.tcp_seg_free      tcp.o
    0x08004eac   0x00000012   Code   RO         4185    i.tcp_segs_free     tcp.o
    0x08004ebe   0x00000046   Code   RO         4520    i.tcp_send_empty_ack  tcp_out.o
    0x08004f04   0x00000046   Code   RO         4521    i.tcp_send_fin      tcp_out.o
    0x08004f4a   0x00000002   PAD
    0x08004f4c   0x000002b0   Code   RO         4189    i.tcp_slowtmr       tcp.o
    0x080051fc   0x0000011a   Code   RO         4522    i.tcp_split_unsent_seg  tcp_out.o
    0x08005316   0x00000002   PAD
    0x08005318   0x00000034   Code   RO         4648    i.tcp_timer_needed  timeouts.o
    0x0800534c   0x00000068   Code   RO         4439    i.tcp_timewait_input  tcp_in.o
    0x080053b4   0x00000020   Code   RO         4191    i.tcp_tmr           tcp.o
    0x080053d4   0x00000010   Code   RO         4440    i.tcp_trigger_input_pcb_close  tcp_in.o
    0x080053e4   0x00000034   Code   RO         4193    i.tcp_update_rcv_ann_wnd  tcp.o
    0x08005418   0x000000a8   Code   RO         4524    i.tcp_zero_window_probe  tcp_out.o
    0x080054c0   0x00000038   Code   RO         4649    i.tcpip_tcp_timer   timeouts.o
    0x080054f8   0x0000013c   Code   RO         4725    i.udp_input         udp.o
    0x08005634   0x00000034   Code   RO         4726    i.udp_netif_ip_addr_changed  udp.o
    0x08005668   0x00000026   Code   RO         6292    i.uxListRemove      list.o
    0x0800568e   0x00000016   Code   RO         6293    i.vListInitialise   list.o
    0x080056a4   0x00000006   Code   RO         6294    i.vListInitialiseItem  list.o
    0x080056aa   0x00000030   Code   RO         6295    i.vListInsert       list.o
    0x080056da   0x00000018   Code   RO         6296    i.vListInsertEnd    list.o
    0x080056f2   0x00000002   PAD
    0x080056f4   0x0000001c   Code   RO         6332    i.vPortEnterCritical  port.o
    0x08005710   0x00000014   Code   RO         6333    i.vPortExitCritical  port.o
    0x08005724   0x00000044   Code   RO         6237    i.vPortFree         heap_4.o
    0x08005768   0x00000018   Code   RO         6334    i.vPortSetupTimerInterrupt  port.o
    0x08005780   0x00000010   Code   RO         6711    i.vTaskInternalSetTimeOutState  tasks.o
    0x08005790   0x0000000c   Code   RO         6712    i.vTaskMissedYield  tasks.o
    0x0800579c   0x00000024   Code   RO         6713    i.vTaskPlaceOnEventList  tasks.o
    0x080057c0   0x0000007c   Code   RO         6715    i.vTaskPriorityDisinheritAfterTimeout  tasks.o
    0x0800583c   0x00000050   Code   RO         6720    i.vTaskStartScheduler  tasks.o
    0x0800588c   0x00000010   Code   RO         6722    i.vTaskSuspendAll   tasks.o
    0x0800589c   0x00000044   Code   RO         6723    i.vTaskSwitchContext  tasks.o
    0x080058e0   0x00000030   Code   RO         6335    i.xPortStartScheduler  port.o
    0x08005910   0x0000002c   Code   RO         6336    i.xPortSysTickHandler  port.o
    0x0800593c   0x00000014   Code   RO         6407    i.xQueueCreateCountingSemaphore  queue.o
    0x08005950   0x00000024   Code   RO         6408    i.xQueueCreateMutex  queue.o
    0x08005974   0x0000002e   Code   RO         6409    i.xQueueGenericCreate  queue.o
    0x080059a2   0x00000002   PAD
    0x080059a4   0x00000074   Code   RO         6410    i.xQueueGenericReset  queue.o
    0x08005a18   0x00000100   Code   RO         6411    i.xQueueGenericSend  queue.o
    0x08005b18   0x00000056   Code   RO         6413    i.xQueueGiveFromISR  queue.o
    0x08005b6e   0x0000002a   Code   RO         6414    i.xQueueGiveMutexRecursive  queue.o
    0x08005b98   0x00000128   Code   RO         6421    i.xQueueSemaphoreTake  queue.o
    0x08005cc0   0x0000002e   Code   RO         6422    i.xQueueTakeMutexRecursive  queue.o
    0x08005cee   0x00000002   PAD
    0x08005cf0   0x00000058   Code   RO         6725    i.xTaskCheckForTimeOut  tasks.o
    0x08005d48   0x00000056   Code   RO         6726    i.xTaskCreate       tasks.o
    0x08005d9e   0x00000002   PAD
    0x08005da0   0x0000000c   Code   RO         6732    i.xTaskGetCurrentTaskHandle  tasks.o
    0x08005dac   0x0000000c   Code   RO         6733    i.xTaskGetTickCount  tasks.o
    0x08005db8   0x000000b4   Code   RO         6735    i.xTaskIncrementTick  tasks.o
    0x08005e6c   0x00000068   Code   RO         6736    i.xTaskPriorityDisinherit  tasks.o
    0x08005ed4   0x0000008c   Code   RO         6737    i.xTaskPriorityInherit  tasks.o
    0x08005f60   0x00000064   Code   RO         6738    i.xTaskRemoveFromEventList  tasks.o
    0x08005fc4   0x000000b0   Code   RO         6739    i.xTaskResumeAll    tasks.o
    0x08006074   0x0000000c   Data   RO         3650    .constdata          memp.o
    0x08006080   0x0000000c   Data   RO         3651    .constdata          memp.o
    0x0800608c   0x0000000c   Data   RO         3652    .constdata          memp.o
    0x08006098   0x0000000c   Data   RO         3653    .constdata          memp.o
    0x080060a4   0x0000000c   Data   RO         3654    .constdata          memp.o
    0x080060b0   0x0000000c   Data   RO         3655    .constdata          memp.o
    0x080060bc   0x0000000c   Data   RO         3656    .constdata          memp.o
    0x080060c8   0x0000000c   Data   RO         3657    .constdata          memp.o
    0x080060d4   0x0000000c   Data   RO         3658    .constdata          memp.o
    0x080060e0   0x0000000c   Data   RO         3659    .constdata          memp.o
    0x080060ec   0x0000000c   Data   RO         3660    .constdata          memp.o
    0x080060f8   0x0000002c   Data   RO         3661    .constdata          memp.o
    0x08006124   0x00000054   Data   RO         4194    .constdata          tcp.o
    0x08006178   0x00000004   Data   RO         4894    .constdata          ip4_addr.o
    0x0800617c   0x00000006   Data   RO         5315    .constdata          ethernet.o
    0x08006182   0x00000006   Data   RO         5316    .constdata          ethernet.o
    0x08006188   0x00000075   Data   RO         4195    .conststring        tcp.o
    0x080061fd   0x00000003   PAD
    0x08006200   0x00000020   Data   RO         7212    Region$$Table       anon$$obj.o


    Execution Region RW_IRAM1 (Base: 0x20000000, Size: 0x0000db30, Max: 0x00010000, ABSOLUTE, COMPRESSED[0x00000024])

    Base Addr    Size         Type   Attr      Idx    E Section Name        Object

    0x20000000   0x00000008   Data   RW            4    .data               main.o
    0x20000008   0x00000014   Data   RW         1918    .data               stm32f10x_rcc.o
    0x2000001c   0x00000010   Data   RW         3572    .data               mem.o
    0x2000002c   0x00000004   Data   RW         3662    .data               memp.o
    0x20000030   0x00000004   Data   RW         3663    .data               memp.o
    0x20000034   0x00000004   Data   RW         3664    .data               memp.o
    0x20000038   0x00000004   Data   RW         3665    .data               memp.o
    0x2000003c   0x00000004   Data   RW         3666    .data               memp.o
    0x20000040   0x00000004   Data   RW         3667    .data               memp.o
    0x20000044   0x00000004   Data   RW         3668    .data               memp.o
    0x20000048   0x00000004   Data   RW         3669    .data               memp.o
    0x2000004c   0x00000004   Data   RW         3670    .data               memp.o
    0x20000050   0x00000004   Data   RW         3671    .data               memp.o
    0x20000054   0x00000004   Data   RW         3672    .data               memp.o
    0x20000058   0x0000000c   Data   RW         3787    .data               netif.o
    0x20000064   0x00000020   Data   RW         4196    .data               tcp.o
    0x20000084   0x00000024   Data   RW         4442    .data               tcp_in.o
    0x200000a8   0x0000000c   Data   RW         4652    .data               timeouts.o
    0x200000b4   0x00000008   Data   RW         4735    .data               udp.o
    0x200000bc   0x00000008   Data   RW         4837    .data               ip4_frag.o
    0x200000c4   0x00000002   Data   RW         4953    .data               ip4.o
    0x200000c6   0x00000001   Data   RW         5050    .data               etharp.o
    0x200000c7   0x00000001   PAD
    0x200000c8   0x0000000c   Data   RW         5347    .data               ethernetif.o
    0x200000d4   0x00000010   Data   RW         5621    .data               stm32_eth.o
    0x200000e4   0x00000020   Data   RW         6243    .data               heap_4.o
    0x20000104   0x00000004   Data   RW         6337    .data               port.o
    0x20000108   0x00000040   Data   RW         6742    .data               tasks.o
    0x20000148   0x00000030   Zero   RW          359    .bss                netconfig.o
    0x20000178   0x00000018   Zero   RW         3544    .bss                ip.o
    0x20000190   0x00002013   Zero   RW         3571    .bss                mem.o
    0x200021a3   0x000000c3   Zero   RW         3639    .bss                memp.o
    0x20002266   0x000005f3   Zero   RW         3640    .bss                memp.o
    0x20002859   0x000000ab   Zero   RW         3641    .bss                memp.o
    0x20002904   0x000000c3   Zero   RW         3642    .bss                memp.o
    0x200029c7   0x000000a3   Zero   RW         3643    .bss                memp.o
    0x20002a6a   0x0000016b   Zero   RW         3644    .bss                memp.o
    0x20002bd5   0x00000083   Zero   RW         3645    .bss                memp.o
    0x20002c58   0x00000083   Zero   RW         3646    .bss                memp.o
    0x20002cdb   0x00000033   Zero   RW         3647    .bss                memp.o
    0x20002d0e   0x000000a3   Zero   RW         3648    .bss                memp.o
    0x20002db1   0x00003b3b   Zero   RW         3649    .bss                memp.o
    0x200068ec   0x00000010   Zero   RW         4441    .bss                tcp_in.o
    0x200068fc   0x000000f0   Zero   RW         5049    .bss                etharp.o
    0x200069ec   0x00002400   Zero   RW         5346    .bss                ethernetif.o
    0x20008dec   0x00004400   Zero   RW         6242    .bss                heap_4.o
    0x2000d1ec   0x000002e4   Zero   RW         6741    .bss                tasks.o
    0x2000d4d0   0x00000060   Zero   RW         7055    .bss                c_w.l(libspace.o)
    0x2000d530   0x00000200   Zero   RW          441    HEAP                startup_stm32f10x_cl.o
    0x2000d730   0x00000400   Zero   RW          440    STACK               startup_stm32f10x_cl.o


==============================================================================

Image component sizes


      Code (inc. data)   RO Data    RW Data    ZI Data      Debug   Object Name

         0          0          0          0          0         32   core_cm3.o
         8          0          0          0          0       1018   def.o
      1384         52          0          1        240      11216   etharp.o
       238          4         12          0          0       2646   ethernet.o
       684         80          0         12       9216       7326   ethernetif.o
         0          0          0          0          0      13560   event_groups.o
       396         24          0         32      17408       3975   heap_4.o
       378          6          0          0          0       4266   icmp.o
         0          0          0          0          0       1976   inet_chksum.o
         0          0          0          0          0       6559   init.o
         0          0          0          0         24       7777   ip.o
       714         30          0          2          0       5428   ip4.o
        46          0          4          0          0       8574   ip4_addr.o
      1392         26          0          8          0      10815   ip4_frag.o
       138          0          0          0          0       3262   list.o
       142         28          0          8          0     318277   main.o
       812         36          0         16       8211       8169   mem.o
       144         14        176         44      18249      10230   memp.o
       140         24          0          0          0       2281   misc.o
        84         20          0          0         48       3185   netconfig.o
       490         26          0         12          0      12457   netif.o
      1004          0          0          0          0      13945   pbuf.o
       366         44          0          4          0       8848   port.o
      1184         16          0          0          0      14739   queue.o
        56         22        336          0       1536        860   startup_stm32f10x_cl.o
      1270        132          0         16          0      15264   stm32_eth.o
       672         24          0          0          0       8650   stm32f107.o
       228         10          0          0          0       4955   stm32f10x_adc.o
       244         10          0          0          0       4153   stm32f10x_gpio.o
        86          8          0          0          0       9293   stm32f10x_it.o
       388         68          0         20          0       9253   stm32f10x_rcc.o
        44          0          0          0          0       2954   sys_arch.o
       284         30          0          0          0       1625   system_stm32f10x.o
      1862        172          0         64        740      30947   tasks.o
      2380         74        201         32          0      33712   tcp.o
      3448        146          0         36         16      20519   tcp_in.o
      2262          8          0          0          0      27426   tcp_out.o
       214         38          0         12          0       4617   timeouts.o
       368         14          0          8          0       4769   udp.o

    ----------------------------------------------------------------------
     23610       1186        764        328      55688     659558   Object Totals
         0          0         32          0          0          0   (incl. Generated)
        60          0          3          1          0          0   (incl. Padding)

    ----------------------------------------------------------------------

      Code (inc. data)   RO Data    RW Data    ZI Data      Debug   Library Member Name

        90          0          0          0          0          0   __dczerorl2.o
         8          0          0          0          0         68   __main.o
         0          0          0          0          0          0   __rtentry.o
        12          0          0          0          0          0   __rtentry2.o
         6          0          0          0          0          0   __rtentry4.o
        52          8          0          0          0          0   __scatter.o
        28          0          0          0          0          0   __scatter_zi.o
        18          0          0          0          0         80   exit.o
         6          0          0          0          0        152   heapauxi.o
         0          0          0          0          0          0   indicate_semi.o
         2          0          0          0          0          0   libinit.o
         2          0          0          0          0          0   libinit2.o
         2          0          0          0          0          0   libshutdown.o
         2          0          0          0          0          0   libshutdown2.o
         8          4          0          0         96         68   libspace.o
        88          0          0          0          0         76   memcmp.o
        78          0          0          0          0         80   rt_memclr_w.o
       138          0          0          0          0         68   rt_memcpy_v6.o
       100          0          0          0          0         80   rt_memcpy_w.o
         2          0          0          0          0          0   rtexit.o
        10          0          0          0          0          0   rtexit2.o
        12          4          0          0          0         68   sys_exit.o
        74          0          0          0          0         80   sys_stackheap_outer.o
         2          0          0          0          0         68   use_no_semi.o

    ----------------------------------------------------------------------
       746         16          0          0         96        888   Library Totals
         6          0          0          0          0          0   (incl. Padding)

    ----------------------------------------------------------------------

      Code (inc. data)   RO Data    RW Data    ZI Data      Debug   Library Name

       740         16          0          0         96        888   c_w.l

    ----------------------------------------------------------------------
       746         16          0          0         96        888   Library Totals

    ----------------------------------------------------------------------

==============================================================================


      Code (inc. data)   RO Data    RW Data    ZI Data      Debug   

     24356       1202        764        328      55784     646922   Grand Totals
     24356       1202        764         36      55784     646922   ELF Image Totals (compressed)
     24356       1202        764         36          0          0   ROM Totals

==============================================================================

    Total RO  Size (Code + RO Data)                25120 (  24.53kB)
    Total RW  Size (RW Data + ZI Data)             56112 (  54.80kB)
    Total ROM Size (Code + RO Data + RW Data)      25156 (  24.57kB)

==============================================================================

