<html>
<body>
<pre>
<h1>礦ision Build Log</h1>
<h2>Tool Versions:</h2>
IDE-Version: μVision V5.18.0.0
Copyright (C) 2016 ARM Ltd and ARM Germany GmbH. All rights reserved.
License Information: Henry Shy, HDU, LIC=RC93N-YWPIQ-741S0-BB0MD-FP81C-T8ZJB
 
Tool Versions:
Toolchain:       MDK-ARM Standard  Version: 5.18
Toolchain Path:  D:\study\keil mdk518\ARM\ARMCC\Bin
C Compiler:      Armcc.exe V5.06 update 1 (build 61)
Assembler:       Armasm.exe V5.06 update 1 (build 61)
Linker/Locator:  ArmLink.exe V5.06 update 1 (build 61)
Library Manager: ArmAr.exe V5.06 update 1 (build 61)
Hex Converter:   FromElf.exe V5.06 update 1 (build 61)
CPU DLL:         SARMCM3.DLL V5.18
Dialog DLL:      DCM.DLL V1.13.6.0
Target DLL:      Segger\JL2CM3.dll V2.99.18.0
Dialog DLL:      TCM.DLL V1.14.8.0
 
<h2>Project:</h2>
C:\Users\12719\Desktop\TCP服务器收发数据实验（裸机）\Project\RVMDK\Project.uvprojx
Project File Date:  07/10/2021

<h2>Output:</h2>
*** Using Compiler 'V5.06 update 1 (build 61)', folder: 'D:\study\keil mdk518\ARM\ARMCC\Bin'
Rebuild target 'STM3210C-EVAL'
compiling tcpip.c...
compiling api_lib.c...
compiling netbuf.c...
compiling misc.c...
compiling stm32f10x_adc.c...
compiling netifapi.c...
compiling stm32f10x_rcc.c...
compiling SCI.c...
..\src\SCI.c(20): warning:  #177-D: variable "USART_ClockInitStructure" was declared but never referenced
    USART_ClockInitTypeDef  USART_ClockInitStructure;
..\src\SCI.c(136): warning:  #1-D: last line of file ends without a newline
  }
..\src\SCI.c: 2 warnings, 0 errors
compiling stm32f10x_gpio.c...
compiling stm32f10x_exti.c...
compiling stm32f10x_usart.c...
compiling stm32f10x_i2c.c...
compiling stm32f10x_spi.c...
compiling netdb.c...
compiling TCP_SERVER.C...
..\src\TCP_SERVER.C(23): warning:  #177-D: variable "data" was declared but never referenced
  	char *data;
..\src\TCP_SERVER.C(24): warning:  #177-D: variable "data_temp" was declared but never referenced
  	char *data_temp;
..\src\TCP_SERVER.C(80): warning:  #1-D: last line of file ends without a newline
  }
..\src\TCP_SERVER.C: 3 warnings, 0 errors
compiling stm32f10x_it.c...
compiling stm32f10x_tim.c...
compiling stm32f10x_flash.c...
compiling main.c...
..\src\main.c(57): warning:  #223-D: function "TCP_server_init" declared implicitly
  	TCP_server_init();//tcp?????鞒?始化
..\src\main.c: 1 warning, 0 errors
compiling stm32f107.c...
..\src\stm32f107.c(77): warning:  #223-D: function "USART_Configuration" declared implicitly
    USART_Configuration();
..\src\stm32f107.c: 1 warning, 0 errors
compiling api_msg.c...
compiling ethernetif.c...
compiling netconf.c...
compiling stats.c...
compiling err.c...
compiling sys.c...
compiling stm32_eth.c...
compiling dhcp.c...
compiling udp.c...
compiling init.c...
compiling mem.c...
..\..\Utilities\lwip-1.3.1\src\core\mem.c(184): warning:  #550-D: variable "mem_sem" was set but never used
  static sys_sem_t mem_sem;
..\..\Utilities\lwip-1.3.1\src\core\mem.c: 1 warning, 0 errors
compiling tcp_out.c...
..\..\Utilities\lwip-1.3.1\src\core\tcp_out.c(458): warning:  #550-D: variable "tcphdr" was set but never used
    struct tcp_hdr *tcphdr;
..\..\Utilities\lwip-1.3.1\src\core\tcp_out.c(871): warning:  #550-D: variable "tcphdr" was set but never used
    struct tcp_hdr *tcphdr;
..\..\Utilities\lwip-1.3.1\src\core\tcp_out.c(925): warning:  #550-D: variable "tcphdr" was set but never used
    struct tcp_hdr *tcphdr;
..\..\Utilities\lwip-1.3.1\src\core\tcp_out.c: 3 warnings, 0 errors
compiling tcp.c...
compiling memp.c...
compiling netif.c...
compiling tcp_in.c...
compiling raw.c...
compiling pbuf.c...
compiling igmp.c...
compiling autoip.c...
compiling icmp.c...
compiling inet_chksum.c...
compiling inet.c...
compiling ip_addr.c...
compiling ip.c...
assembling startup_stm32f10x_cl.s...
compiling ip_frag.c...
compiling core_cm3.c...
compiling etharp.c...
compiling system_stm32f10x.c...
linking...
Program Size: Code=19764 RO-data=440 RW-data=188 ZI-data=38932  
FromELF: creating hex file...
".\Obj\STM3210C-EVAL.axf" - 0 Error(s), 11 Warning(s).

<h2>Software Packages used:</h2>

Package Vendor: ARM
                http://www.keil.com/pack/ARM.CMSIS.4.5.0.pack
                ARM::CMSIS:CORE:4.3.0
                CMSIS (Cortex Microcontroller Software Interface Standard)
   * Component: CORE Version: 4.3.0

<h2>Collection of Component include folders:</h2>
  C:\Users\12719\Desktop\TCP服务器收发数据实验（裸机）\Project\RVMDK\RTE
  D:\study\keil mdk518\ARM\PACK\ARM\CMSIS\4.5.0\CMSIS\Include
  D:\study\keil mdk518\ARM\PACK\Keil\STM32F1xx_DFP\2.0.0\Device\Include

<h2>Collection of Component Files used:</h2>

   * Component: ARM::CMSIS:CORE:4.3.0
Build Time Elapsed:  00:00:01
</pre>
</body>
</html>
