Component: ARM Compiler 5.06 update 1 (build 61) Tool: armlink [4d35a8]

==============================================================================

Section Cross References

    main.o(i.main) refers to stm32f107.o(i.System_Setup) for System_Setup
    main.o(i.main) refers to netconfig.o(i.LWIP_INIT) for LWIP_INIT
    stm32f10x_it.o(i.ETH_IRQHandler) refers to ethernetif.o(i.ethernetif_input) for ethernetif_input
    stm32f10x_it.o(i.ETH_IRQHandler) refers to stm32_eth.o(i.ETH_GetRxPktSize) for ETH_GetRxPktSize
    stm32f10x_it.o(i.ETH_IRQHandler) refers to stm32_eth.o(i.ETH_DMAClearITPendingBit) for ETH_DMAClearITPendingBit
    stm32f10x_it.o(i.ETH_IRQHandler) refers to netconfig.o(.bss) for netif
    stm32f107.o(i.ADC_Configuration) refers to stm32f10x_adc.o(i.ADC_Init) for ADC_Init
    stm32f107.o(i.ADC_Configuration) refers to stm32f10x_adc.o(i.ADC_RegularChannelConfig) for ADC_RegularChannelConfig
    stm32f107.o(i.ADC_Configuration) refers to stm32f10x_adc.o(i.ADC_Cmd) for ADC_Cmd
    stm32f107.o(i.ADC_Configuration) refers to stm32f10x_adc.o(i.ADC_SoftwareStartConvCmd) for ADC_SoftwareStartConvCmd
    stm32f107.o(i.Ethernet_Configuration) refers to stm32f10x_gpio.o(i.GPIO_ETH_MediaInterfaceConfig) for GPIO_ETH_MediaInterfaceConfig
    stm32f107.o(i.Ethernet_Configuration) refers to stm32f10x_rcc.o(i.RCC_PLL3Config) for RCC_PLL3Config
    stm32f107.o(i.Ethernet_Configuration) refers to stm32f10x_rcc.o(i.RCC_PLL3Cmd) for RCC_PLL3Cmd
    stm32f107.o(i.Ethernet_Configuration) refers to stm32f10x_rcc.o(i.RCC_GetFlagStatus) for RCC_GetFlagStatus
    stm32f107.o(i.Ethernet_Configuration) refers to stm32f10x_rcc.o(i.RCC_MCOConfig) for RCC_MCOConfig
    stm32f107.o(i.Ethernet_Configuration) refers to stm32_eth.o(i.ETH_DeInit) for ETH_DeInit
    stm32f107.o(i.Ethernet_Configuration) refers to stm32_eth.o(i.ETH_SoftwareReset) for ETH_SoftwareReset
    stm32f107.o(i.Ethernet_Configuration) refers to stm32_eth.o(i.ETH_GetSoftwareResetStatus) for ETH_GetSoftwareResetStatus
    stm32f107.o(i.Ethernet_Configuration) refers to stm32_eth.o(i.ETH_StructInit) for ETH_StructInit
    stm32f107.o(i.Ethernet_Configuration) refers to stm32_eth.o(i.ETH_Init) for ETH_Init
    stm32f107.o(i.Ethernet_Configuration) refers to stm32_eth.o(i.ETH_DMAITConfig) for ETH_DMAITConfig
    stm32f107.o(i.GPIO_Configuration) refers to stm32f10x_gpio.o(i.GPIO_Init) for GPIO_Init
    stm32f107.o(i.GPIO_Configuration) refers to stm32f10x_gpio.o(i.GPIO_PinRemapConfig) for GPIO_PinRemapConfig
    stm32f107.o(i.NVIC_Configuration) refers to misc.o(i.NVIC_SetVectorTable) for NVIC_SetVectorTable
    stm32f107.o(i.NVIC_Configuration) refers to misc.o(i.NVIC_PriorityGroupConfig) for NVIC_PriorityGroupConfig
    stm32f107.o(i.NVIC_Configuration) refers to misc.o(i.NVIC_Init) for NVIC_Init
    stm32f107.o(i.System_Setup) refers to system_stm32f10x.o(i.SystemInit) for SystemInit
    stm32f107.o(i.System_Setup) refers to stm32f10x_rcc.o(i.RCC_APB1PeriphClockCmd) for RCC_APB1PeriphClockCmd
    stm32f107.o(i.System_Setup) refers to stm32f10x_rcc.o(i.RCC_AHBPeriphClockCmd) for RCC_AHBPeriphClockCmd
    stm32f107.o(i.System_Setup) refers to stm32f10x_rcc.o(i.RCC_APB2PeriphClockCmd) for RCC_APB2PeriphClockCmd
    stm32f107.o(i.System_Setup) refers to stm32f107.o(i.NVIC_Configuration) for NVIC_Configuration
    stm32f107.o(i.System_Setup) refers to stm32f107.o(i.ADC_Configuration) for ADC_Configuration
    stm32f107.o(i.System_Setup) refers to stm32f107.o(i.GPIO_Configuration) for GPIO_Configuration
    stm32f107.o(i.System_Setup) refers to stm32f107.o(i.Ethernet_Configuration) for Ethernet_Configuration
    stm32f107.o(i.System_Setup) refers to stm32f10x_rcc.o(i.RCC_GetClocksFreq) for RCC_GetClocksFreq
    stm32f107.o(i.System_Setup) refers to stm32f107.o(i.NVIC_SetPriority) for NVIC_SetPriority
    netconfig.o(i.LWIP_INIT) refers to mem.o(i.mem_init) for mem_init
    netconfig.o(i.LWIP_INIT) refers to memp.o(i.memp_init) for memp_init
    netconfig.o(i.LWIP_INIT) refers to inet.o(i.htonl) for htonl
    netconfig.o(i.LWIP_INIT) refers to ethernetif.o(i.Set_MAC_Address) for Set_MAC_Address
    netconfig.o(i.LWIP_INIT) refers to netif.o(i.netif_add) for netif_add
    netconfig.o(i.LWIP_INIT) refers to netif.o(i.netif_set_default) for netif_set_default
    netconfig.o(i.LWIP_INIT) refers to netif.o(i.netif_set_up) for netif_set_up
    netconfig.o(i.LWIP_INIT) refers to etharp.o(i.ethernet_input) for ethernet_input
    netconfig.o(i.LWIP_INIT) refers to ethernetif.o(i.ethernetif_init) for ethernetif_init
    netconfig.o(i.LWIP_INIT) refers to netconfig.o(.bss) for netif
    system_stm32f10x.o(i.SetSysClock) refers to system_stm32f10x.o(i.SetSysClockTo72) for SetSysClockTo72
    system_stm32f10x.o(i.SystemInit) refers to system_stm32f10x.o(i.SetSysClock) for SetSysClock
    startup_stm32f10x_cl.o(STACK) refers (Special) to heapauxi.o(.text) for __use_two_region_memory
[...]
    .ARM.Collect$$libinit$$00000011          0x080001c6   Section        0  libinit2.o(.ARM.Collect$$libinit$$00000011)
    .ARM.Collect$$libinit$$00000013          0x080001c6   Section        0  libinit2.o(.ARM.Collect$$libinit$$00000013)
    .ARM.Collect$$libinit$$00000015          0x080001c6   Section        0  libinit2.o(.ARM.Collect$$libinit$$00000015)
    .ARM.Collect$$libinit$$00000017          0x080001c6   Section        0  libinit2.o(.ARM.Collect$$libinit$$00000017)
    .ARM.Collect$$libinit$$00000019          0x080001c6   Section        0  libinit2.o(.ARM.Collect$$libinit$$00000019)
    .ARM.Collect$$libinit$$0000001B          0x080001c6   Section        0  libinit2.o(.ARM.Collect$$libinit$$0000001B)
    .ARM.Collect$$libinit$$0000001D          0x080001c6   Section        0  libinit2.o(.ARM.Collect$$libinit$$0000001D)
    .ARM.Collect$$libinit$$0000001F          0x080001c6   Section        0  libinit2.o(.ARM.Collect$$libinit$$0000001F)
    .ARM.Collect$$libinit$$00000021          0x080001c6   Section        0  libinit2.o(.ARM.Collect$$libinit$$00000021)
    .ARM.Collect$$libinit$$00000023          0x080001c6   Section        0  libinit2.o(.ARM.Collect$$libinit$$00000023)
    .ARM.Collect$$libinit$$00000025          0x080001c6   Section        0  libinit2.o(.ARM.Collect$$libinit$$00000025)
    .ARM.Collect$$libinit$$0000002C          0x080001c6   Section        0  libinit2.o(.ARM.Collect$$libinit$$0000002C)
    .ARM.Collect$$libinit$$0000002E          0x080001c6   Section        0  libinit2.o(.ARM.Collect$$libinit$$0000002E)
    .ARM.Collect$$libinit$$00000030          0x080001c6   Section        0  libinit2.o(.ARM.Collect$$libinit$$00000030)
    .ARM.Collect$$libinit$$00000032          0x080001c6   Section        0  libinit2.o(.ARM.Collect$$libinit$$00000032)
    .ARM.Collect$$libinit$$00000033          0x080001c6   Section        2  libinit2.o(.ARM.Collect$$libinit$$00000033)
    .ARM.Collect$$libshutdown$$00000000      0x080001c8   Section        2  libshutdown.o(.ARM.Collect$$libshutdown$$00000000)
    .ARM.Collect$$libshutdown$$00000002      0x080001ca   Section        0  libshutdown2.o(.ARM.Collect$$libshutdown$$00000002)
    .ARM.Collect$$libshutdown$$00000004      0x080001ca   Section        0  libshutdown2.o(.ARM.Collect$$libshutdown$$00000004)
    .ARM.Collect$$libshutdown$$00000007      0x080001ca   Section        0  libshutdown2.o(.ARM.Collect$$libshutdown$$00000007)
    .ARM.Collect$$libshutdown$$0000000A      0x080001ca   Section        0  libshutdown2.o(.ARM.Collect$$libshutdown$$0000000A)
    .ARM.Collect$$libshutdown$$0000000C      0x080001ca   Section        0  libshutdown2.o(.ARM.Collect$$libshutdown$$0000000C)
    .ARM.Collect$$libshutdown$$0000000F      0x080001ca   Section        0  libshutdown2.o(.ARM.Collect$$libshutdown$$0000000F)
    .ARM.Collect$$libshutdown$$00000010      0x080001ca   Section        2  libshutdown2.o(.ARM.Collect$$libshutdown$$00000010)
    .ARM.Collect$$rtentry$$00000000          0x080001cc   Section        0  __rtentry.o(.ARM.Collect$$rtentry$$00000000)
    .ARM.Collect$$rtentry$$00000002          0x080001cc   Section        0  __rtentry2.o(.ARM.Collect$$rtentry$$00000002)
    .ARM.Collect$$rtentry$$00000004          0x080001cc   Section        6  __rtentry4.o(.ARM.Collect$$rtentry$$00000004)
    .ARM.Collect$$rtentry$$00000009          0x080001d2   Section        0  __rtentry2.o(.ARM.Collect$$rtentry$$00000009)
    .ARM.Collect$$rtentry$$0000000A          0x080001d2   Section        4  __rtentry2.o(.ARM.Collect$$rtentry$$0000000A)
    .ARM.Collect$$rtentry$$0000000C          0x080001d6   Section        0  __rtentry2.o(.ARM.Collect$$rtentry$$0000000C)
    .ARM.Collect$$rtentry$$0000000D          0x080001d6   Section        8  __rtentry2.o(.ARM.Collect$$rtentry$$0000000D)
    .ARM.Collect$$rtexit$$00000000           0x080001de   Section        2  rtexit.o(.ARM.Collect$$rtexit$$00000000)
    .ARM.Collect$$rtexit$$00000002           0x080001e0   Section        0  rtexit2.o(.ARM.Collect$$rtexit$$00000002)
    .ARM.Collect$$rtexit$$00000003           0x080001e0   Section        4  rtexit2.o(.ARM.Collect$$rtexit$$00000003)
    .ARM.Collect$$rtexit$$00000004           0x080001e4   Section        6  rtexit2.o(.ARM.Collect$$rtexit$$00000004)
    .text                                    0x080001ec   Section       56  startup_stm32f10x_cl.o(.text)
    .text                                    0x08000224   Section      138  rt_memcpy_v6.o(.text)
    .text                                    0x080002ae   Section       78  rt_memclr_w.o(.text)
    .text                                    0x080002fc   Section        0  heapauxi.o(.text)
    .text                                    0x08000302   Section      100  rt_memcpy_w.o(.text)
    .text                                    0x08000366   Section       74  sys_stackheap_outer.o(.text)
    .text                                    0x080003b0   Section        0  exit.o(.text)
    .text                                    0x080003c4   Section        8  libspace.o(.text)
    .text                                    0x080003cc   Section        0  sys_exit.o(.text)
    .text                                    0x080003d8   Section        2  use_no_semi.o(.text)
    .text                                    0x080003da   Section        0  indicate_semi.o(.text)
    i.ADC_Cmd                                0x080003da   Section        0  stm32f10x_adc.o(i.ADC_Cmd)
    i.ADC_Configuration                      0x080003f0   Section        0  stm32f107.o(i.ADC_Configuration)
    i.ADC_Init                               0x08000440   Section        0  stm32f10x_adc.o(i.ADC_Init)
    i.ADC_RegularChannelConfig               0x08000490   Section        0  stm32f10x_adc.o(i.ADC_RegularChannelConfig)
    i.ADC_SoftwareStartConvCmd               0x08000548   Section        0  stm32f10x_adc.o(i.ADC_SoftwareStartConvCmd)
    i.BusFault_Handler                       0x0800055e   Section        0  stm32f10x_it.o(i.BusFault_Handler)
    i.DebugMon_Handler                       0x08000562   Section        0  stm32f10x_it.o(i.DebugMon_Handler)
    i.ETH_DMAClearITPendingBit               0x08000564   Section        0  stm32_eth.o(i.ETH_DMAClearITPendingBit)
    i.ETH_DMAITConfig                        0x08000570   Section        0  stm32_eth.o(i.ETH_DMAITConfig)
    i.ETH_DMAReceptionCmd                    0x08000590   Section        0  stm32_eth.o(i.ETH_DMAReceptionCmd)
    i.ETH_DMARxDescChainInit                 0x080005b4   Section        0  stm32_eth.o(i.ETH_DMARxDescChainInit)
    i.ETH_DMARxDescReceiveITConfig           0x08000608   Section        0  stm32_eth.o(i.ETH_DMARxDescReceiveITConfig)
    i.ETH_DMATransmissionCmd                 0x08000620   Section        0  stm32_eth.o(i.ETH_DMATransmissionCmd)
    i.ETH_DMATxDescChainInit                 0x08000644   Section        0  stm32_eth.o(i.ETH_DMATxDescChainInit)
    i.ETH_DMATxDescChecksumInsertionConfig   0x08000694   Section        0  stm32_eth.o(i.ETH_DMATxDescChecksumInsertionConfig)
    i.ETH_DeInit                             0x0800069c   Section        0  stm32_eth.o(i.ETH_DeInit)
    i.ETH_Delay                              0x080006b2   Section        0  stm32_eth.o(i.ETH_Delay)
    ETH_Delay                                0x080006b3   Thumb Code    28  stm32_eth.o(i.ETH_Delay)
    i.ETH_FlushTransmitFIFO                  0x080006d0   Section        0  stm32_eth.o(i.ETH_FlushTransmitFIFO)
    i.ETH_GetCurrentTxBuffer                 0x080006e4   Section        0  ethernetif.o(i.ETH_GetCurrentTxBuffer)
    i.ETH_GetDMARxDescFrameLength            0x080006f0   Section        0  stm32_eth.o(i.ETH_GetDMARxDescFrameLength)
    i.ETH_GetRxPktSize                       0x080006fc   Section        0  stm32_eth.o(i.ETH_GetRxPktSize)
    i.ETH_GetSoftwareResetStatus             0x08000744   Section        0  stm32_eth.o(i.ETH_GetSoftwareResetStatus)
    i.ETH_IRQHandler                         0x0800075c   Section        0  stm32f10x_it.o(i.ETH_IRQHandler)
    i.ETH_Init                               0x08000784   Section        0  stm32_eth.o(i.ETH_Init)
    i.ETH_MACAddressConfig                   0x080009d4   Section        0  stm32_eth.o(i.ETH_MACAddressConfig)
    i.ETH_MACReceptionCmd                    0x08000a08   Section        0  stm32_eth.o(i.ETH_MACReceptionCmd)
    i.ETH_MACTransmissionCmd                 0x08000a2c   Section        0  stm32_eth.o(i.ETH_MACTransmissionCmd)
    i.ETH_ReadPHYRegister                    0x08000a50   Section        0  stm32_eth.o(i.ETH_ReadPHYRegister)
    i.ETH_RxPkt_ChainMode                    0x08000a90   Section        0  ethernetif.o(i.ETH_RxPkt_ChainMode)
    i.ETH_SoftwareReset                      0x08000b2c   Section        0  stm32_eth.o(i.ETH_SoftwareReset)
    i.ETH_Start                              0x08000b40   Section        0  stm32_eth.o(i.ETH_Start)
    i.ETH_StructInit                         0x08000b60   Section        0  stm32_eth.o(i.ETH_StructInit)
    i.ETH_TxPkt_ChainMode                    0x08000c04   Section        0  ethernetif.o(i.ETH_TxPkt_ChainMode)
    i.ETH_WritePHYRegister                   0x08000c6c   Section        0  stm32_eth.o(i.ETH_WritePHYRegister)
    i.EXTI15_10_IRQHandler                   0x08000cd4   Section        0  stm32f10x_it.o(i.EXTI15_10_IRQHandler)
    i.Ethernet_Configuration                 0x08000cd8   Section        0  stm32f107.o(i.Ethernet_Configuration)
    i.GPIO_Configuration                     0x08000d78   Section        0  stm32f107.o(i.GPIO_Configuration)
    i.GPIO_ETH_MediaInterfaceConfig          0x08000e84   Section        0  stm32f10x_gpio.o(i.GPIO_ETH_MediaInterfaceConfig)
    i.GPIO_Init                              0x08000e90   Section        0  stm32f10x_gpio.o(i.GPIO_Init)
    i.GPIO_PinRemapConfig                    0x08000fa8   Section        0  stm32f10x_gpio.o(i.GPIO_PinRemapConfig)
    i.HardFault_Handler                      0x08001018   Section        0  stm32f10x_it.o(i.HardFault_Handler)
    i.LWIP_INIT                              0x0800101c   Section        0  netconfig.o(i.LWIP_INIT)
    i.MemManage_Handler                      0x08001094   Section        0  stm32f10x_it.o(i.MemManage_Handler)
    i.NMI_Handler                            0x08001098   Section        0  stm32f10x_it.o(i.NMI_Handler)
    i.NVIC_Configuration                     0x0800109a   Section        0  stm32f107.o(i.NVIC_Configuration)
    i.NVIC_Init                              0x080010d0   Section        0  misc.o(i.NVIC_Init)
    i.NVIC_PriorityGroupConfig               0x08001140   Section        0  misc.o(i.NVIC_PriorityGroupConfig)
    i.NVIC_SetPriority                       0x08001154   Section        0  stm32f107.o(i.NVIC_SetPriority)
    NVIC_SetPriority                         0x08001155   Thumb Code    32  stm32f107.o(i.NVIC_SetPriority)
    i.NVIC_SetVectorTable                    0x0800117c   Section        0  misc.o(i.NVIC_SetVectorTable)
    i.PendSV_Handler                         0x08001190   Section        0  stm32f10x_it.o(i.PendSV_Handler)
    i.RCC_AHBPeriphClockCmd                  0x08001194   Section        0  stm32f10x_rcc.o(i.RCC_AHBPeriphClockCmd)
    i.RCC_AHBPeriphResetCmd                  0x080011b4   Section        0  stm32f10x_rcc.o(i.RCC_AHBPeriphResetCmd)
    i.RCC_APB1PeriphClockCmd                 0x080011d4   Section        0  stm32f10x_rcc.o(i.RCC_APB1PeriphClockCmd)
    i.RCC_APB2PeriphClockCmd                 0x080011f4   Section        0  stm32f10x_rcc.o(i.RCC_APB2PeriphClockCmd)
    i.RCC_GetClocksFreq                      0x08001214   Section        0  stm32f10x_rcc.o(i.RCC_GetClocksFreq)
    i.RCC_GetFlagStatus                      0x080013a4   Section        0  stm32f10x_rcc.o(i.RCC_GetFlagStatus)
    i.RCC_MCOConfig                          0x080013e0   Section        0  stm32f10x_rcc.o(i.RCC_MCOConfig)
    i.RCC_PLL3Cmd                            0x080013ec   Section        0  stm32f10x_rcc.o(i.RCC_PLL3Cmd)
    i.RCC_PLL3Config                         0x080013f8   Section        0  stm32f10x_rcc.o(i.RCC_PLL3Config)
    i.SVC_Handler                            0x08001410   Section        0  stm32f10x_it.o(i.SVC_Handler)
    i.SetSysClock                            0x08001412   Section        0  system_stm32f10x.o(i.SetSysClock)
    SetSysClock                              0x08001413   Thumb Code     8  system_stm32f10x.o(i.SetSysClock)
    i.SetSysClockTo72                        0x0800141c   Section        0  system_stm32f10x.o(i.SetSysClockTo72)
    SetSysClockTo72                          0x0800141d   Thumb Code   270  system_stm32f10x.o(i.SetSysClockTo72)
    i.Set_MAC_Address                        0x0800153c   Section        0  ethernetif.o(i.Set_MAC_Address)
    i.SysTick_Handler                        0x08001568   Section        0  stm32f10x_it.o(i.SysTick_Handler)
    i.SystemInit                             0x0800156c   Section        0  system_stm32f10x.o(i.SystemInit)
    i.System_Setup                           0x080015cc   Section        0  stm32f107.o(i.System_Setup)
    i.UsageFault_Handler                     0x08001646   Section        0  stm32f10x_it.o(i.UsageFault_Handler)
    i.etharp_arp_input                       0x0800164a   Section        0  etharp.o(i.etharp_arp_input)
    i.etharp_ip_input                        0x0800177c   Section        0  etharp.o(i.etharp_ip_input)
    i.etharp_output                          0x080017b8   Section        0  etharp.o(i.etharp_output)
    i.etharp_query                           0x0800187c   Section        0  etharp.o(i.etharp_query)
    i.etharp_raw                             0x08001a34   Section        0  etharp.o(i.etharp_raw)
    etharp_raw                               0x08001a35   Thumb Code   202  etharp.o(i.etharp_raw)
    i.etharp_request                         0x08001b00   Section        0  etharp.o(i.etharp_request)
    i.etharp_send_ip                         0x08001b2c   Section        0  etharp.o(i.etharp_send_ip)
    etharp_send_ip                           0x08001b2d   Thumb Code    78  etharp.o(i.etharp_send_ip)
    i.ethernet_input                         0x08001b7a   Section        0  etharp.o(i.ethernet_input)
    i.ethernetif_init                        0x08001be4   Section        0  ethernetif.o(i.ethernetif_init)
    i.ethernetif_input                       0x08001c30   Section        0  ethernetif.o(i.ethernetif_input)
    i.find_entry                             0x08001c5c   Section        0  etharp.o(i.find_entry)
    find_entry                               0x08001c5d   Thumb Code   506  etharp.o(i.find_entry)
    i.free_etharp_q                          0x08001e60   Section        0  etharp.o(i.free_etharp_q)
    free_etharp_q                            0x08001e61   Thumb Code    64  etharp.o(i.free_etharp_q)
    i.htonl                                  0x08001ea0   Section        0  inet.o(i.htonl)
    i.htons                                  0x08001eba   Section        0  inet.o(i.htons)
    i.icmp_dest_unreach                      0x08001ec6   Section        0  icmp.o(i.icmp_dest_unreach)
    i.icmp_input                             0x08001ed8   Section        0  icmp.o(i.icmp_input)
    i.icmp_send_response                     0x0800206c   Section        0  icmp.o(i.icmp_send_response)
    icmp_send_response                       0x0800206d   Thumb Code   118  icmp.o(i.icmp_send_response)
    i.icmp_time_exceeded                     0x080020e2   Section        0  icmp.o(i.icmp_time_exceeded)
    i.inet_chksum                            0x080020f4   Section        0  inet_chksum.o(i.inet_chksum)
    i.inet_chksum_pbuf                       0x08002108   Section        0  inet_chksum.o(i.inet_chksum_pbuf)
    i.ip_addr_isbroadcast                    0x0800215e   Section        0  ip_addr.o(i.ip_addr_isbroadcast)
    i.ip_frag                                0x080021ac   Section        0  ip_frag.o(i.ip_frag)
    i.ip_input                               0x080022f8   Section        0  ip.o(i.ip_input)
    i.ip_output                              0x08002494   Section        0  ip.o(i.ip_output)
    i.ip_output_if                           0x080024c8   Section        0  ip.o(i.ip_output_if)
    i.ip_reass                               0x080025cc   Section        0  ip_frag.o(i.ip_reass)
    i.ip_reass_chain_frag_into_datagram_and_validate 0x08002764   Section        0  ip_frag.o(i.ip_reass_chain_frag_into_datagram_and_validate)
    ip_reass_chain_frag_into_datagram_and_validate 0x08002765   Thumb Code   418  ip_frag.o(i.ip_reass_chain_frag_into_datagram_and_validate)
    i.ip_reass_dequeue_datagram              0x0800290c   Section        0  ip_frag.o(i.ip_reass_dequeue_datagram)
    ip_reass_dequeue_datagram                0x0800290d   Thumb Code    46  ip_frag.o(i.ip_reass_dequeue_datagram)
    i.ip_reass_enqueue_new_datagram          0x08002940   Section        0  ip_frag.o(i.ip_reass_enqueue_new_datagram)
    ip_reass_enqueue_new_datagram            0x08002941   Thumb Code    80  ip_frag.o(i.ip_reass_enqueue_new_datagram)
    i.ip_reass_free_complete_datagram        0x08002994   Section        0  ip_frag.o(i.ip_reass_free_complete_datagram)
    ip_reass_free_complete_datagram          0x08002995   Thumb Code   166  ip_frag.o(i.ip_reass_free_complete_datagram)
    i.ip_reass_remove_oldest_datagram        0x08002a40   Section        0  ip_frag.o(i.ip_reass_remove_oldest_datagram)
    ip_reass_remove_oldest_datagram          0x08002a41   Thumb Code   118  ip_frag.o(i.ip_reass_remove_oldest_datagram)
    i.ip_route                               0x08002abc   Section        0  ip.o(i.ip_route)
    i.low_level_init                         0x08002b0c   Section        0  ethernetif.o(i.low_level_init)
    low_level_init                           0x08002b0d   Thumb Code   142  ethernetif.o(i.low_level_init)
    i.low_level_input                        0x08002bb0   Section        0  ethernetif.o(i.low_level_input)
    low_level_input                          0x08002bb1   Thumb Code   110  ethernetif.o(i.low_level_input)
    i.low_level_output                       0x08002c24   Section        0  ethernetif.o(i.low_level_output)
    low_level_output                         0x08002c25   Thumb Code    52  ethernetif.o(i.low_level_output)
    i.lwip_standard_chksum                   0x08002c58   Section        0  inet_chksum.o(i.lwip_standard_chksum)
    lwip_standard_chksum                     0x08002c59   Thumb Code    74  inet_chksum.o(i.lwip_standard_chksum)
    i.main                                   0x08002ca2   Section        0  main.o(i.main)
    i.mem_free                               0x08002cb0   Section        0  mem.o(i.mem_free)
    i.mem_init                               0x08002d28   Section        0  mem.o(i.mem_init)
    i.mem_malloc                             0x08002d8c   Section        0  mem.o(i.mem_malloc)
    i.mem_realloc                            0x08002ebc   Section        0  mem.o(i.mem_realloc)
    i.memp_free                              0x08003004   Section        0  memp.o(i.memp_free)
    i.memp_init                              0x08003030   Section        0  memp.o(i.memp_init)
    i.memp_malloc                            0x08003094   Section        0  memp.o(i.memp_malloc)
    i.netif_add                              0x080030d0   Section        0  netif.o(i.netif_add)
    i.netif_is_up                            0x08003138   Section        0  netif.o(i.netif_is_up)
    i.netif_set_addr                         0x08003144   Section        0  netif.o(i.netif_set_addr)
    i.netif_set_default                      0x0800316c   Section        0  netif.o(i.netif_set_default)
    i.netif_set_gw                           0x08003178   Section        0  netif.o(i.netif_set_gw)
    i.netif_set_ipaddr                       0x08003184   Section        0  netif.o(i.netif_set_ipaddr)
    i.netif_set_netmask                      0x080031fc   Section        0  netif.o(i.netif_set_netmask)
    i.netif_set_up                           0x08003208   Section        0  netif.o(i.netif_set_up)
    i.ntohl                                  0x08003234   Section        0  inet.o(i.ntohl)
    i.ntohs                                  0x08003240   Section        0  inet.o(i.ntohs)
    i.pbuf_alloc                             0x0800324c   Section        0  pbuf.o(i.pbuf_alloc)
    i.pbuf_cat                               0x0800346a   Section        0  pbuf.o(i.pbuf_cat)
    i.pbuf_chain                             0x080034ba   Section        0  pbuf.o(i.pbuf_chain)
    i.pbuf_clen                              0x080034d0   Section        0  pbuf.o(i.pbuf_clen)
    i.pbuf_copy                              0x080034e2   Section        0  pbuf.o(i.pbuf_copy)
    i.pbuf_copy_partial                      0x080035be   Section        0  pbuf.o(i.pbuf_copy_partial)
    i.pbuf_free                              0x08003658   Section        0  pbuf.o(i.pbuf_free)
    i.pbuf_header                            0x080036f0   Section        0  pbuf.o(i.pbuf_header)
    i.pbuf_realloc                           0x0800377c   Section        0  pbuf.o(i.pbuf_realloc)
    i.pbuf_ref                               0x0800382c   Section        0  pbuf.o(i.pbuf_ref)
    i.plug_holes                             0x08003838   Section        0  mem.o(i.plug_holes)
    plug_holes                               0x08003839   Thumb Code   168  mem.o(i.plug_holes)
    i.raw_input                              0x080038ec   Section        0  raw.o(i.raw_input)
    i.tcp_abandon                            0x08003954   Section        0  tcp.o(i.tcp_abandon)
    i.tcp_alloc                              0x080039f0   Section        0  tcp.o(i.tcp_alloc)
    i.tcp_close                              0x08003aa4   Section        0  tcp.o(i.tcp_close)
    i.tcp_eff_send_mss                       0x08003ba8   Section        0  tcp.o(i.tcp_eff_send_mss)
    i.tcp_enqueue                            0x08003bd6   Section        0  tcp_out.o(i.tcp_enqueue)
    i.tcp_input                              0x08004004   Section        0  tcp_in.o(i.tcp_input)
    i.tcp_kill_prio                          0x080044ac   Section        0  tcp.o(i.tcp_kill_prio)
    tcp_kill_prio                            0x080044ad   Thumb Code    78  tcp.o(i.tcp_kill_prio)
    i.tcp_kill_timewait                      0x08004504   Section        0  tcp.o(i.tcp_kill_timewait)
    tcp_kill_timewait                        0x08004505   Thumb Code    52  tcp.o(i.tcp_kill_timewait)
    i.tcp_listen_input                       0x08004540   Section        0  tcp_in.o(i.tcp_listen_input)
    tcp_listen_input                         0x08004541   Thumb Code   278  tcp_in.o(i.tcp_listen_input)
    i.tcp_next_iss                           0x08004674   Section        0  tcp.o(i.tcp_next_iss)
    i.tcp_output                             0x08004690   Section        0  tcp_out.o(i.tcp_output)
    i.tcp_output_segment                     0x080048f8   Section        0  tcp_out.o(i.tcp_output_segment)
    tcp_output_segment                       0x080048f9   Thumb Code   194  tcp_out.o(i.tcp_output_segment)
    i.tcp_output_set_header                  0x080049c4   Section        0  tcp_out.o(i.tcp_output_set_header)
    tcp_output_set_header                    0x080049c5   Thumb Code   132  tcp_out.o(i.tcp_output_set_header)
    i.tcp_parseopt                           0x08004a48   Section        0  tcp_in.o(i.tcp_parseopt)
    tcp_parseopt                             0x08004a49   Thumb Code   178  tcp_in.o(i.tcp_parseopt)
    i.tcp_pcb_purge                          0x08004b00   Section        0  tcp.o(i.tcp_pcb_purge)
    i.tcp_pcb_remove                         0x08004b38   Section        0  tcp.o(i.tcp_pcb_remove)
    i.tcp_process                            0x08004be8   Section        0  tcp_in.o(i.tcp_process)
    tcp_process                              0x08004be9   Thumb Code  1426  tcp_in.o(i.tcp_process)
    i.tcp_receive                            0x08005194   Section        0  tcp_in.o(i.tcp_receive)
    tcp_receive                              0x08005195   Thumb Code  1772  tcp_in.o(i.tcp_receive)
    i.tcp_recv_null                          0x08005894   Section        0  tcp.o(i.tcp_recv_null)
    tcp_recv_null                            0x08005895   Thumb Code    40  tcp.o(i.tcp_recv_null)
    i.tcp_rexmit                             0x080058bc   Section        0  tcp_out.o(i.tcp_rexmit)
    i.tcp_rst                                0x08005912   Section        0  tcp_out.o(i.tcp_rst)
    i.tcp_seg_free                           0x080059c0   Section        0  tcp.o(i.tcp_seg_free)
    i.tcp_segs_free                          0x080059e0   Section        0  tcp.o(i.tcp_segs_free)
    i.tcp_send_ctrl                          0x080059fe   Section        0  tcp_out.o(i.tcp_send_ctrl)
    i.tcp_timewait_input                     0x08005a1c   Section        0  tcp_in.o(i.tcp_timewait_input)
    tcp_timewait_input                       0x08005a1d   Thumb Code    72  tcp_in.o(i.tcp_timewait_input)
    i.tcp_update_rcv_ann_wnd                 0x08005a6c   Section        0  tcp.o(i.tcp_update_rcv_ann_wnd)
    i.udp_input                              0x08005aa4   Section        0  udp.o(i.udp_input)
    i.update_arp_entry                       0x08005c40   Section        0  etharp.o(i.update_arp_entry)
    update_arp_entry                         0x08005c41   Thumb Code   244  etharp.o(i.update_arp_entry)
    .constdata                               0x08005d38   Section       36  memp.o(.constdata)
    memp_sizes                               0x08005d38   Data          18  memp.o(.constdata)
    memp_num                                 0x08005d4a   Data          18  memp.o(.constdata)
    .constdata                               0x08005d5c   Section       12  etharp.o(.constdata)
    .data                                    0x20000000   Section       20  stm32f10x_rcc.o(.data)
    APBAHBPrescTable                         0x20000000   Data          16  stm32f10x_rcc.o(.data)
    ADCPrescTable                            0x20000010   Data           4  stm32f10x_rcc.o(.data)
    .data                                    0x20000014   Section       13  mem.o(.data)
    ram                                      0x20000014   Data           4  mem.o(.data)
    ram_end                                  0x20000018   Data           4  mem.o(.data)
    lfree                                    0x2000001c   Data           4  mem.o(.data)
    mem_sem                                  0x20000020   Data           1  mem.o(.data)
    .data                                    0x20000024   Section        9  netif.o(.data)
    netifnum                                 0x2000002c   Data           1  netif.o(.data)
    .data                                    0x20000030   Section        4  raw.o(.data)
    raw_pcbs                                 0x20000030   Data           4  raw.o(.data)
    .data                                    0x20000034   Section       32  tcp.o(.data)
    tcp_timer                                0x2000004c   Data           1  tcp.o(.data)
    port                                     0x2000004e   Data           2  tcp.o(.data)
    iss                                      0x20000050   Data           4  tcp.o(.data)
    .data                                    0x20000054   Section       32  tcp_in.o(.data)
    tcphdr                                   0x20000054   Data           4  tcp_in.o(.data)
    iphdr                                    0x20000058   Data           4  tcp_in.o(.data)
    seqno                                    0x2000005c   Data           4  tcp_in.o(.data)
    ackno                                    0x20000060   Data           4  tcp_in.o(.data)
    flags                                    0x20000064   Data           1  tcp_in.o(.data)
    tcplen                                   0x20000066   Data           2  tcp_in.o(.data)
    recv_flags                               0x20000068   Data           1  tcp_in.o(.data)
    recv_data                                0x2000006c   Data           4  tcp_in.o(.data)
    .data                                    0x20000074   Section        4  udp.o(.data)
    .data                                    0x20000078   Section       10  ip.o(.data)
    current_netif                            0x20000078   Data           4  ip.o(.data)
    current_header                           0x2000007c   Data           4  ip.o(.data)
    ip_id                                    0x20000080   Data           2  ip.o(.data)
    .data                                    0x20000084   Section        6  ip_frag.o(.data)
    reassdatagrams                           0x20000084   Data           4  ip_frag.o(.data)
    ip_reass_pbufcount                       0x20000088   Data           2  ip_frag.o(.data)
    .data                                    0x2000008a   Section        1  etharp.o(.data)
    etharp_cached_entry                      0x2000008a   Data           1  etharp.o(.data)
    .data                                    0x2000008c   Section       20  ethernetif.o(.data)
    .data                                    0x200000a0   Section       16  stm32_eth.o(.data)
    .bss                                     0x200000b0   Section       48  netconfig.o(.bss)
    .bss                                     0x200000e0   Section     8212  mem.o(.bss)
    ram_heap                                 0x200000e0   Data        8212  mem.o(.bss)
    .bss                                     0x200020f4   Section    18095  memp.o(.bss)
    memp_tab                                 0x200020f4   Data          36  memp.o(.bss)
    memp_memory                              0x20002118   Data       18059  memp.o(.bss)
    .bss                                     0x200067a4   Section       20  tcp_in.o(.bss)
    inseg                                    0x200067a4   Data          20  tcp_in.o(.bss)
    .bss                                     0x200067b8   Section     1504  ip_frag.o(.bss)
    buf                                      0x200067b8   Data        1504  ip_frag.o(.bss)
    .bss                                     0x20006d98   Section      200  etharp.o(.bss)
    arp_table                                0x20006d98   Data         200  etharp.o(.bss)
    .bss                                     0x20006e60   Section     9216  ethernetif.o(.bss)
    .bss                                     0x20009260   Section       96  libspace.o(.bss)
    HEAP                                     0x200092c0   Section      512  startup_stm32f10x_cl.o(HEAP)
    Heap_Mem                                 0x200092c0   Data         512  startup_stm32f10x_cl.o(HEAP)
    STACK                                    0x200094c0   Section     1024  startup_stm32f10x_cl.o(STACK)
    Stack_Mem                                0x200094c0   Data        1024  startup_stm32f10x_cl.o(STACK)
    __initial_sp                             0x200098c0   Data           0  startup_stm32f10x_cl.o(STACK)

    Global Symbols

    Symbol Name                              Value     Ov Type        Size  Object(Section)

    BuildAttributes$$THM_ISAv4$P$D$K$B$S$PE$A:L22UL41UL21$X:L11$S22US41US21$IEEE1$IW$USESV6$~STKCKD$USESV7$~SHL$OSPACE$ROPI$EBA8$UX$STANDARDLIB$REQ8$PRES8$EABIv2 0x00000000   Number         0  anon$$obj.o ABSOLUTE
    __ARM_use_no_argv                        0x00000000   Number         0  main.o ABSOLUTE
    __ARM_exceptions_init                     - Undefined Weak Reference
    __alloca_initialize                       - Undefined Weak Reference
    __arm_preinit_                            - Undefined Weak Reference
    __cpp_initialize__aeabi_                  - Undefined Weak Reference
    __cxa_finalize                            - Undefined Weak Reference
    __rt_locale                               - Undefined Weak Reference
    __sigvec_lookup                           - Undefined Weak Reference
    _atexit_init                              - Undefined Weak Reference
    _call_atexit_fns                          - Undefined Weak Reference
    _clock_init                               - Undefined Weak Reference
    _fp_trap_init                             - Undefined Weak Reference
    _fp_trap_shutdown                         - Undefined Weak Reference
    _get_lc_collate                           - Undefined Weak Reference
    _get_lc_ctype                             - Undefined Weak Reference
    _get_lc_monetary                          - Undefined Weak Reference
    _get_lc_numeric                           - Undefined Weak Reference
    _get_lc_time                              - Undefined Weak Reference
    _getenv_init                              - Undefined Weak Reference
    _handle_redirection                       - Undefined Weak Reference
    _init_alloc                               - Undefined Weak Reference
    _init_user_alloc                          - Undefined Weak Reference
    _initio                                   - Undefined Weak Reference
    _rand_init                                - Undefined Weak Reference
    _signal_finish                            - Undefined Weak Reference
    _signal_init                              - Undefined Weak Reference
    _terminate_alloc                          - Undefined Weak Reference
    _terminate_user_alloc                     - Undefined Weak Reference
    _terminateio                              - Undefined Weak Reference
    __Vectors_Size                           0x00000150   Number         0  startup_stm32f10x_cl.o ABSOLUTE
    __Vectors                                0x08000000   Data           4  startup_stm32f10x_cl.o(RESET)
    __Vectors_End                            0x08000150   Data           0  startup_stm32f10x_cl.o(RESET)
    __main                                   0x08000151   Thumb Code     8  __main.o(!!!main)
    __scatterload                            0x08000159   Thumb Code     0  __scatter.o(!!!scatter)
    __scatterload_rt2                        0x08000159   Thumb Code    44  __scatter.o(!!!scatter)
    __scatterload_rt2_thumb_only             0x08000159   Thumb Code     0  __scatter.o(!!!scatter)
    __scatterload_null                       0x08000167   Thumb Code     0  __scatter.o(!!!scatter)
    __scatterload_copy                       0x0800018d   Thumb Code    26  __scatter_copy.o(!!handler_copy)
    __scatterload_zeroinit                   0x080001a9   Thumb Code    28  __scatter_zi.o(!!handler_zi)
    __rt_lib_init                            0x080001c5   Thumb Code     0  libinit.o(.ARM.Collect$$libinit$$00000000)
    __rt_lib_init_alloca_1                   0x080001c7   Thumb Code     0  libinit2.o(.ARM.Collect$$libinit$$0000002E)
    __rt_lib_init_argv_1                     0x080001c7   Thumb Code     0  libinit2.o(.ARM.Collect$$libinit$$0000002C)
    __rt_lib_init_atexit_1                   0x080001c7   Thumb Code     0  libinit2.o(.ARM.Collect$$libinit$$0000001B)
    __rt_lib_init_clock_1                    0x080001c7   Thumb Code     0  libinit2.o(.ARM.Collect$$libinit$$00000021)
    __rt_lib_init_cpp_1                      0x080001c7   Thumb Code     0  libinit2.o(.ARM.Collect$$libinit$$00000032)
    __rt_lib_init_exceptions_1               0x080001c7   Thumb Code     0  libinit2.o(.ARM.Collect$$libinit$$00000030)
    __rt_lib_init_fp_1                       0x080001c7   Thumb Code     0  libinit2.o(.ARM.Collect$$libinit$$00000002)
    __rt_lib_init_fp_trap_1                  0x080001c7   Thumb Code     0  libinit2.o(.ARM.Collect$$libinit$$0000001F)
    __rt_lib_init_getenv_1                   0x080001c7   Thumb Code     0  libinit2.o(.ARM.Collect$$libinit$$00000023)
    __rt_lib_init_heap_1                     0x080001c7   Thumb Code     0  libinit2.o(.ARM.Collect$$libinit$$0000000A)
    __rt_lib_init_lc_collate_1               0x080001c7   Thumb Code     0  libinit2.o(.ARM.Collect$$libinit$$00000011)
    __rt_lib_init_lc_ctype_1                 0x080001c7   Thumb Code     0  libinit2.o(.ARM.Collect$$libinit$$00000013)
    __rt_lib_init_lc_monetary_1              0x080001c7   Thumb Code     0  libinit2.o(.ARM.Collect$$libinit$$00000015)
    __rt_lib_init_lc_numeric_1               0x080001c7   Thumb Code     0  libinit2.o(.ARM.Collect$$libinit$$00000017)
    __rt_lib_init_lc_time_1                  0x080001c7   Thumb Code     0  libinit2.o(.ARM.Collect$$libinit$$00000019)
    __rt_lib_init_preinit_1                  0x080001c7   Thumb Code     0  libinit2.o(.ARM.Collect$$libinit$$00000004)
    __rt_lib_init_rand_1                     0x080001c7   Thumb Code     0  libinit2.o(.ARM.Collect$$libinit$$0000000E)
    __rt_lib_init_return                     0x080001c7   Thumb Code     0  libinit2.o(.ARM.Collect$$libinit$$00000033)
    __rt_lib_init_signal_1                   0x080001c7   Thumb Code     0  libinit2.o(.ARM.Collect$$libinit$$0000001D)
    __rt_lib_init_stdio_1                    0x080001c7   Thumb Code     0  libinit2.o(.ARM.Collect$$libinit$$00000025)
    __rt_lib_init_user_alloc_1               0x080001c7   Thumb Code     0  libinit2.o(.ARM.Collect$$libinit$$0000000C)
    __rt_lib_shutdown                        0x080001c9   Thumb Code     0  libshutdown.o(.ARM.Collect$$libshutdown$$00000000)
    __rt_lib_shutdown_cpp_1                  0x080001cb   Thumb Code     0  libshutdown2.o(.ARM.Collect$$libshutdown$$00000002)
    __rt_lib_shutdown_fp_trap_1              0x080001cb   Thumb Code     0  libshutdown2.o(.ARM.Collect$$libshutdown$$00000007)
    __rt_lib_shutdown_heap_1                 0x080001cb   Thumb Code     0  libshutdown2.o(.ARM.Collect$$libshutdown$$0000000F)
    __rt_lib_shutdown_return                 0x080001cb   Thumb Code     0  libshutdown2.o(.ARM.Collect$$libshutdown$$00000010)
    __rt_lib_shutdown_signal_1               0x080001cb   Thumb Code     0  libshutdown2.o(.ARM.Collect$$libshutdown$$0000000A)
    __rt_lib_shutdown_stdio_1                0x080001cb   Thumb Code     0  libshutdown2.o(.ARM.Collect$$libshutdown$$00000004)
    __rt_lib_shutdown_user_alloc_1           0x080001cb   Thumb Code     0  libshutdown2.o(.ARM.Collect$$libshutdown$$0000000C)
    __rt_entry                               0x080001cd   Thumb Code     0  __rtentry.o(.ARM.Collect$$rtentry$$00000000)
    __rt_entry_presh_1                       0x080001cd   Thumb Code     0  __rtentry2.o(.ARM.Collect$$rtentry$$00000002)
    __rt_entry_sh                            0x080001cd   Thumb Code     0  __rtentry4.o(.ARM.Collect$$rtentry$$00000004)
    __rt_entry_li                            0x080001d3   Thumb Code     0  __rtentry2.o(.ARM.Collect$$rtentry$$0000000A)
    __rt_entry_postsh_1                      0x080001d3   Thumb Code     0  __rtentry2.o(.ARM.Collect$$rtentry$$00000009)
    __rt_entry_main                          0x080001d7   Thumb Code     0  __rtentry2.o(.ARM.Collect$$rtentry$$0000000D)
    __rt_entry_postli_1                      0x080001d7   Thumb Code     0  __rtentry2.o(.ARM.Collect$$rtentry$$0000000C)
    __rt_exit                                0x080001df   Thumb Code     0  rtexit.o(.ARM.Collect$$rtexit$$00000000)
    __rt_exit_ls                             0x080001e1   Thumb Code     0  rtexit2.o(.ARM.Collect$$rtexit$$00000003)
    __rt_exit_prels_1                        0x080001e1   Thumb Code     0  rtexit2.o(.ARM.Collect$$rtexit$$00000002)
    __rt_exit_exit                           0x080001e5   Thumb Code     0  rtexit2.o(.ARM.Collect$$rtexit$$00000004)
    Reset_Handler                            0x080001ed   Thumb Code     4  startup_stm32f10x_cl.o(.text)
    ADC1_2_IRQHandler                        0x08000203   Thumb Code     0  startup_stm32f10x_cl.o(.text)
    CAN1_RX0_IRQHandler                      0x08000203   Thumb Code     0  startup_stm32f10x_cl.o(.text)
    CAN1_RX1_IRQHandler                      0x08000203   Thumb Code     0  startup_stm32f10x_cl.o(.text)
    CAN1_SCE_IRQHandler                      0x08000203   Thumb Code     0  startup_stm32f10x_cl.o(.text)
    CAN1_TX_IRQHandler                       0x08000203   Thumb Code     0  startup_stm32f10x_cl.o(.text)
    CAN2_RX0_IRQHandler                      0x08000203   Thumb Code     0  startup_stm32f10x_cl.o(.text)
    CAN2_RX1_IRQHandler                      0x08000203   Thumb Code     0  startup_stm32f10x_cl.o(.text)
    CAN2_SCE_IRQHandler                      0x08000203   Thumb Code     0  startup_stm32f10x_cl.o(.text)
    CAN2_TX_IRQHandler                       0x08000203   Thumb Code     0  startup_stm32f10x_cl.o(.text)
    DMA1_Channel1_IRQHandler                 0x08000203   Thumb Code     0  startup_stm32f10x_cl.o(.text)
    DMA1_Channel2_IRQHandler                 0x08000203   Thumb Code     0  startup_stm32f10x_cl.o(.text)
    DMA1_Channel3_IRQHandler                 0x08000203   Thumb Code     0  startup_stm32f10x_cl.o(.text)
    DMA1_Channel4_IRQHandler                 0x08000203   Thumb Code     0  startup_stm32f10x_cl.o(.text)
    DMA1_Channel5_IRQHandler                 0x08000203   Thumb Code     0  startup_stm32f10x_cl.o(.text)
    DMA1_Channel6_IRQHandler                 0x08000203   Thumb Code     0  startup_stm32f10x_cl.o(.text)
    DMA1_Channel7_IRQHandler                 0x08000203   Thumb Code     0  startup_stm32f10x_cl.o(.text)
    DMA2_Channel1_IRQHandler                 0x08000203   Thumb Code     0  startup_stm32f10x_cl.o(.text)
    DMA2_Channel2_IRQHandler                 0x08000203   Thumb Code     0  startup_stm32f10x_cl.o(.text)
    DMA2_Channel3_IRQHandler                 0x08000203   Thumb Code     0  startup_stm32f10x_cl.o(.text)
    DMA2_Channel4_IRQHandler                 0x08000203   Thumb Code     0  startup_stm32f10x_cl.o(.text)
    DMA2_Channel5_IRQHandler                 0x08000203   Thumb Code     0  startup_stm32f10x_cl.o(.text)
    ETH_WKUP_IRQHandler                      0x08000203   Thumb Code     0  startup_stm32f10x_cl.o(.text)
    EXTI0_IRQHandler                         0x08000203   Thumb Code     0  startup_stm32f10x_cl.o(.text)
    EXTI1_IRQHandler                         0x08000203   Thumb Code     0  startup_stm32f10x_cl.o(.text)
    EXTI2_IRQHandler                         0x08000203   Thumb Code     0  startup_stm32f10x_cl.o(.text)
    EXTI3_IRQHandler                         0x08000203   Thumb Code     0  startup_stm32f10x_cl.o(.text)
    EXTI4_IRQHandler                         0x08000203   Thumb Code     0  startup_stm32f10x_cl.o(.text)
    EXTI9_5_IRQHandler                       0x08000203   Thumb Code     0  startup_stm32f10x_cl.o(.text)
    FLASH_IRQHandler                         0x08000203   Thumb Code     0  startup_stm32f10x_cl.o(.text)
    I2C1_ER_IRQHandler                       0x08000203   Thumb Code     0  startup_stm32f10x_cl.o(.text)
    I2C1_EV_IRQHandler                       0x08000203   Thumb Code     0  startup_stm32f10x_cl.o(.text)
    I2C2_ER_IRQHandler                       0x08000203   Thumb Code     0  startup_stm32f10x_cl.o(.text)
    I2C2_EV_IRQHandler                       0x08000203   Thumb Code     0  startup_stm32f10x_cl.o(.text)
    OTG_FS_IRQHandler                        0x08000203   Thumb Code     0  startup_stm32f10x_cl.o(.text)
    OTG_FS_WKUP_IRQHandler                   0x08000203   Thumb Code     0  startup_stm32f10x_cl.o(.text)
    PVD_IRQHandler                           0x08000203   Thumb Code     0  startup_stm32f10x_cl.o(.text)
    RCC_IRQHandler                           0x08000203   Thumb Code     0  startup_stm32f10x_cl.o(.text)
    RTCAlarm_IRQHandler                      0x08000203   Thumb Code     0  startup_stm32f10x_cl.o(.text)
    RTC_IRQHandler                           0x08000203   Thumb Code     0  startup_stm32f10x_cl.o(.text)
    SPI1_IRQHandler                          0x08000203   Thumb Code     0  startup_stm32f10x_cl.o(.text)
    SPI2_IRQHandler                          0x08000203   Thumb Code     0  startup_stm32f10x_cl.o(.text)
    SPI3_IRQHandler                          0x08000203   Thumb Code     0  startup_stm32f10x_cl.o(.text)
    TAMPER_IRQHandler                        0x08000203   Thumb Code     0  startup_stm32f10x_cl.o(.text)
    TIM1_BRK_IRQHandler                      0x08000203   Thumb Code     0  startup_stm32f10x_cl.o(.text)
    TIM1_CC_IRQHandler                       0x08000203   Thumb Code     0  startup_stm32f10x_cl.o(.text)
    TIM1_TRG_COM_IRQHandler                  0x08000203   Thumb Code     0  startup_stm32f10x_cl.o(.text)
    TIM1_UP_IRQHandler                       0x08000203   Thumb Code     0  startup_stm32f10x_cl.o(.text)
    TIM2_IRQHandler                          0x08000203   Thumb Code     0  startup_stm32f10x_cl.o(.text)
    TIM3_IRQHandler                          0x08000203   Thumb Code     0  startup_stm32f10x_cl.o(.text)
    TIM4_IRQHandler                          0x08000203   Thumb Code     0  startup_stm32f10x_cl.o(.text)
    TIM5_IRQHandler                          0x08000203   Thumb Code     0  startup_stm32f10x_cl.o(.text)
    TIM6_IRQHandler                          0x08000203   Thumb Code     0  startup_stm32f10x_cl.o(.text)
    TIM7_IRQHandler                          0x08000203   Thumb Code     0  startup_stm32f10x_cl.o(.text)
    UART4_IRQHandler                         0x08000203   Thumb Code     0  startup_stm32f10x_cl.o(.text)
    UART5_IRQHandler                         0x08000203   Thumb Code     0  startup_stm32f10x_cl.o(.text)
    USART1_IRQHandler                        0x08000203   Thumb Code     0  startup_stm32f10x_cl.o(.text)
    USART2_IRQHandler                        0x08000203   Thumb Code     0  startup_stm32f10x_cl.o(.text)
    USART3_IRQHandler                        0x08000203   Thumb Code     0  startup_stm32f10x_cl.o(.text)
    WWDG_IRQHandler                          0x08000203   Thumb Code     0  startup_stm32f10x_cl.o(.text)
    __user_initial_stackheap                 0x08000205   Thumb Code     0  startup_stm32f10x_cl.o(.text)
    __aeabi_memcpy                           0x08000225   Thumb Code     0  rt_memcpy_v6.o(.text)
    __rt_memcpy                              0x08000225   Thumb Code   138  rt_memcpy_v6.o(.text)
    _memcpy_lastbytes                        0x0800028b   Thumb Code     0  rt_memcpy_v6.o(.text)
    __aeabi_memclr4                          0x080002af   Thumb Code     0  rt_memclr_w.o(.text)
    __aeabi_memclr8                          0x080002af   Thumb Code     0  rt_memclr_w.o(.text)
    __rt_memclr_w                            0x080002af   Thumb Code    78  rt_memclr_w.o(.text)
    _memset_w                                0x080002b3   Thumb Code     0  rt_memclr_w.o(.text)
    __use_two_region_memory                  0x080002fd   Thumb Code     2  heapauxi.o(.text)
    __rt_heap_escrow$2region                 0x080002ff   Thumb Code     2  heapauxi.o(.text)
    __rt_heap_expand$2region                 0x08000301   Thumb Code     2  heapauxi.o(.text)
    __aeabi_memcpy4                          0x08000303   Thumb Code     0  rt_memcpy_w.o(.text)
    __aeabi_memcpy8                          0x08000303   Thumb Code     0  rt_memcpy_w.o(.text)
    __rt_memcpy_w                            0x08000303   Thumb Code   100  rt_memcpy_w.o(.text)
    _memcpy_lastbytes_aligned                0x0800034b   Thumb Code     0  rt_memcpy_w.o(.text)
    __user_setup_stackheap                   0x08000367   Thumb Code    74  sys_stackheap_outer.o(.text)
    exit                                     0x080003b1   Thumb Code    18  exit.o(.text)
    __user_libspace                          0x080003c5   Thumb Code     8  libspace.o(.text)
    __user_perproc_libspace                  0x080003c5   Thumb Code     0  libspace.o(.text)
    __user_perthread_libspace                0x080003c5   Thumb Code     0  libspace.o(.text)
    _sys_exit                                0x080003cd   Thumb Code     8  sys_exit.o(.text)
    __I$use$semihosting                      0x080003d9   Thumb Code     0  use_no_semi.o(.text)
    __use_no_semihosting_swi                 0x080003d9   Thumb Code     2  use_no_semi.o(.text)
    ADC_Cmd                                  0x080003db   Thumb Code    22  stm32f10x_adc.o(i.ADC_Cmd)
    __semihosting_library_function           0x080003db   Thumb Code     0  indicate_semi.o(.text)
    ADC_Configuration                        0x080003f1   Thumb Code    74  stm32f107.o(i.ADC_Configuration)
    ADC_Init                                 0x08000441   Thumb Code    70  stm32f10x_adc.o(i.ADC_Init)
    ADC_RegularChannelConfig                 0x08000491   Thumb Code   184  stm32f10x_adc.o(i.ADC_RegularChannelConfig)
    ADC_SoftwareStartConvCmd                 0x08000549   Thumb Code    22  stm32f10x_adc.o(i.ADC_SoftwareStartConvCmd)
    BusFault_Handler                         0x0800055f   Thumb Code     4  stm32f10x_it.o(i.BusFault_Handler)
    DebugMon_Handler                         0x08000563   Thumb Code     2  stm32f10x_it.o(i.DebugMon_Handler)
    ETH_DMAClearITPendingBit                 0x08000565   Thumb Code     6  stm32_eth.o(i.ETH_DMAClearITPendingBit)
    ETH_DMAITConfig                          0x08000571   Thumb Code    26  stm32_eth.o(i.ETH_DMAITConfig)
    ETH_DMAReceptionCmd                      0x08000591   Thumb Code    30  stm32_eth.o(i.ETH_DMAReceptionCmd)
    ETH_DMARxDescChainInit                   0x080005b5   Thumb Code    76  stm32_eth.o(i.ETH_DMARxDescChainInit)
    ETH_DMARxDescReceiveITConfig             0x08000609   Thumb Code    22  stm32_eth.o(i.ETH_DMARxDescReceiveITConfig)
    ETH_DMATransmissionCmd                   0x08000621   Thumb Code    30  stm32_eth.o(i.ETH_DMATransmissionCmd)
    ETH_DMATxDescChainInit                   0x08000645   Thumb Code    70  stm32_eth.o(i.ETH_DMATxDescChainInit)
    ETH_DMATxDescChecksumInsertionConfig     0x08000695   Thumb Code     8  stm32_eth.o(i.ETH_DMATxDescChecksumInsertionConfig)
    ETH_DeInit                               0x0800069d   Thumb Code    22  stm32_eth.o(i.ETH_DeInit)
    ETH_FlushTransmitFIFO                    0x080006d1   Thumb Code    14  stm32_eth.o(i.ETH_FlushTransmitFIFO)
    ETH_GetCurrentTxBuffer                   0x080006e5   Thumb Code     8  ethernetif.o(i.ETH_GetCurrentTxBuffer)
    ETH_GetDMARxDescFrameLength              0x080006f1   Thumb Code    10  stm32_eth.o(i.ETH_GetDMARxDescFrameLength)
    ETH_GetRxPktSize                         0x080006fd   Thumb Code    66  stm32_eth.o(i.ETH_GetRxPktSize)
    ETH_GetSoftwareResetStatus               0x08000745   Thumb Code    20  stm32_eth.o(i.ETH_GetSoftwareResetStatus)
    ETH_IRQHandler                           0x0800075d   Thumb Code    34  stm32f10x_it.o(i.ETH_IRQHandler)
    ETH_Init                                 0x08000785   Thumb Code   556  stm32_eth.o(i.ETH_Init)
    ETH_MACAddressConfig                     0x080009d5   Thumb Code    46  stm32_eth.o(i.ETH_MACAddressConfig)
    ETH_MACReceptionCmd                      0x08000a09   Thumb Code    30  stm32_eth.o(i.ETH_MACReceptionCmd)
    ETH_MACTransmissionCmd                   0x08000a2d   Thumb Code    30  stm32_eth.o(i.ETH_MACTransmissionCmd)
    ETH_ReadPHYRegister                      0x08000a51   Thumb Code    58  stm32_eth.o(i.ETH_ReadPHYRegister)
    ETH_RxPkt_ChainMode                      0x08000a91   Thumb Code   148  ethernetif.o(i.ETH_RxPkt_ChainMode)
    ETH_SoftwareReset                        0x08000b2d   Thumb Code    14  stm32_eth.o(i.ETH_SoftwareReset)
    ETH_Start                                0x08000b41   Thumb Code    32  stm32_eth.o(i.ETH_Start)
    ETH_StructInit                           0x08000b61   Thumb Code   164  stm32_eth.o(i.ETH_StructInit)
    ETH_TxPkt_ChainMode                      0x08000c05   Thumb Code    94  ethernetif.o(i.ETH_TxPkt_ChainMode)
    ETH_WritePHYRegister                     0x08000c6d   Thumb Code    96  stm32_eth.o(i.ETH_WritePHYRegister)
    EXTI15_10_IRQHandler                     0x08000cd5   Thumb Code     2  stm32f10x_it.o(i.EXTI15_10_IRQHandler)
    Ethernet_Configuration                   0x08000cd9   Thumb Code   156  stm32f107.o(i.Ethernet_Configuration)
    GPIO_Configuration                       0x08000d79   Thumb Code   250  stm32f107.o(i.GPIO_Configuration)
    GPIO_ETH_MediaInterfaceConfig            0x08000e85   Thumb Code     6  stm32f10x_gpio.o(i.GPIO_ETH_MediaInterfaceConfig)
    GPIO_Init                                0x08000e91   Thumb Code   278  stm32f10x_gpio.o(i.GPIO_Init)
    GPIO_PinRemapConfig                      0x08000fa9   Thumb Code   106  stm32f10x_gpio.o(i.GPIO_PinRemapConfig)
    HardFault_Handler                        0x08001019   Thumb Code     4  stm32f10x_it.o(i.HardFault_Handler)
    LWIP_INIT                                0x0800101d   Thumb Code    94  netconfig.o(i.LWIP_INIT)
    MemManage_Handler                        0x08001095   Thumb Code     4  stm32f10x_it.o(i.MemManage_Handler)
    NMI_Handler                              0x08001099   Thumb Code     2  stm32f10x_it.o(i.NMI_Handler)
    NVIC_Configuration                       0x0800109b   Thumb Code    52  stm32f107.o(i.NVIC_Configuration)
    NVIC_Init                                0x080010d1   Thumb Code   100  misc.o(i.NVIC_Init)
    NVIC_PriorityGroupConfig                 0x08001141   Thumb Code    10  misc.o(i.NVIC_PriorityGroupConfig)
    NVIC_SetVectorTable                      0x0800117d   Thumb Code    12  misc.o(i.NVIC_SetVectorTable)
    PendSV_Handler                           0x08001191   Thumb Code     2  stm32f10x_it.o(i.PendSV_Handler)
    RCC_AHBPeriphClockCmd                    0x08001195   Thumb Code    26  stm32f10x_rcc.o(i.RCC_AHBPeriphClockCmd)
    RCC_AHBPeriphResetCmd                    0x080011b5   Thumb Code    26  stm32f10x_rcc.o(i.RCC_AHBPeriphResetCmd)
    RCC_APB1PeriphClockCmd                   0x080011d5   Thumb Code    26  stm32f10x_rcc.o(i.RCC_APB1PeriphClockCmd)
    RCC_APB2PeriphClockCmd                   0x080011f5   Thumb Code    26  stm32f10x_rcc.o(i.RCC_APB2PeriphClockCmd)
    RCC_GetClocksFreq                        0x08001215   Thumb Code   374  stm32f10x_rcc.o(i.RCC_GetClocksFreq)
    RCC_GetFlagStatus                        0x080013a5   Thumb Code    56  stm32f10x_rcc.o(i.RCC_GetFlagStatus)
    RCC_MCOConfig                            0x080013e1   Thumb Code     6  stm32f10x_rcc.o(i.RCC_MCOConfig)
    RCC_PLL3Cmd                              0x080013ed   Thumb Code     6  stm32f10x_rcc.o(i.RCC_PLL3Cmd)
    RCC_PLL3Config                           0x080013f9   Thumb Code    18  stm32f10x_rcc.o(i.RCC_PLL3Config)
    SVC_Handler                              0x08001411   Thumb Code     2  stm32f10x_it.o(i.SVC_Handler)
    Set_MAC_Address                          0x0800153d   Thumb Code    40  ethernetif.o(i.Set_MAC_Address)
    SysTick_Handler                          0x08001569   Thumb Code     2  stm32f10x_it.o(i.SysTick_Handler)
    SystemInit                               0x0800156d   Thumb Code    84  system_stm32f10x.o(i.SystemInit)
    System_Setup                             0x080015cd   Thumb Code   122  stm32f107.o(i.System_Setup)
    UsageFault_Handler                       0x08001647   Thumb Code     4  stm32f10x_it.o(i.UsageFault_Handler)
    etharp_arp_input                         0x0800164b   Thumb Code   306  etharp.o(i.etharp_arp_input)
    etharp_ip_input                          0x0800177d   Thumb Code    58  etharp.o(i.etharp_ip_input)
    etharp_output                            0x080017b9   Thumb Code   190  etharp.o(i.etharp_output)
    etharp_query                             0x0800187d   Thumb Code   436  etharp.o(i.etharp_query)
    etharp_request                           0x08001b01   Thumb Code    36  etharp.o(i.etharp_request)
    ethernet_input                           0x08001b7b   Thumb Code   106  etharp.o(i.ethernet_input)
    ethernetif_init                          0x08001be5   Thumb Code    68  ethernetif.o(i.ethernetif_init)
    ethernetif_input                         0x08001c31   Thumb Code    44  ethernetif.o(i.ethernetif_input)
    htonl                                    0x08001ea1   Thumb Code    26  inet.o(i.htonl)
    htons                                    0x08001ebb   Thumb Code    12  inet.o(i.htons)
    icmp_dest_unreach                        0x08001ec7   Thumb Code    18  icmp.o(i.icmp_dest_unreach)
    icmp_input                               0x08001ed9   Thumb Code   404  icmp.o(i.icmp_input)
    icmp_time_exceeded                       0x080020e3   Thumb Code    18  icmp.o(i.icmp_time_exceeded)
    inet_chksum                              0x080020f5   Thumb Code    20  inet_chksum.o(i.inet_chksum)
    inet_chksum_pbuf                         0x08002109   Thumb Code    86  inet_chksum.o(i.inet_chksum_pbuf)
    ip_addr_isbroadcast                      0x0800215f   Thumb Code    78  ip_addr.o(i.ip_addr_isbroadcast)
    ip_frag                                  0x080021ad   Thumb Code   326  ip_frag.o(i.ip_frag)
    ip_input                                 0x080022f9   Thumb Code   398  ip.o(i.ip_input)
    ip_output                                0x08002495   Thumb Code    52  ip.o(i.ip_output)
    ip_output_if                             0x080024c9   Thumb Code   256  ip.o(i.ip_output_if)
    ip_reass                                 0x080025cd   Thumb Code   400  ip_frag.o(i.ip_reass)
    ip_route                                 0x08002abd   Thumb Code    70  ip.o(i.ip_route)
    main                                     0x08002ca3   Thumb Code    12  main.o(i.main)
    mem_free                                 0x08002cb1   Thumb Code   106  mem.o(i.mem_free)
    mem_init                                 0x08002d29   Thumb Code    78  mem.o(i.mem_init)
    mem_malloc                               0x08002d8d   Thumb Code   290  mem.o(i.mem_malloc)
    mem_realloc                              0x08002ebd   Thumb Code   316  mem.o(i.mem_realloc)
    memp_free                                0x08003005   Thumb Code    38  memp.o(i.memp_free)
    memp_init                                0x08003031   Thumb Code    82  memp.o(i.memp_init)
    memp_malloc                              0x08003095   Thumb Code    54  memp.o(i.memp_malloc)
    netif_add                                0x080030d1   Thumb Code    96  netif.o(i.netif_add)
    netif_is_up                              0x08003139   Thumb Code    12  netif.o(i.netif_is_up)
    netif_set_addr                           0x08003145   Thumb Code    40  netif.o(i.netif_set_addr)
    netif_set_default                        0x0800316d   Thumb Code     6  netif.o(i.netif_set_default)
    netif_set_gw                             0x08003179   Thumb Code    12  netif.o(i.netif_set_gw)
    netif_set_ipaddr                         0x08003185   Thumb Code   110  netif.o(i.netif_set_ipaddr)
    netif_set_netmask                        0x080031fd   Thumb Code    12  netif.o(i.netif_set_netmask)
    netif_set_up                             0x08003209   Thumb Code    44  netif.o(i.netif_set_up)
    ntohl                                    0x08003235   Thumb Code    12  inet.o(i.ntohl)
    ntohs                                    0x08003241   Thumb Code    12  inet.o(i.ntohs)
    pbuf_alloc                               0x0800324d   Thumb Code   542  pbuf.o(i.pbuf_alloc)
    pbuf_cat                                 0x0800346b   Thumb Code    80  pbuf.o(i.pbuf_cat)
    pbuf_chain                               0x080034bb   Thumb Code    22  pbuf.o(i.pbuf_chain)
    pbuf_clen                                0x080034d1   Thumb Code    18  pbuf.o(i.pbuf_clen)
    pbuf_copy                                0x080034e3   Thumb Code   220  pbuf.o(i.pbuf_copy)
    pbuf_copy_partial                        0x080035bf   Thumb Code   154  pbuf.o(i.pbuf_copy_partial)
    pbuf_free                                0x08003659   Thumb Code   152  pbuf.o(i.pbuf_free)
    pbuf_header                              0x080036f1   Thumb Code   140  pbuf.o(i.pbuf_header)
    pbuf_realloc                             0x0800377d   Thumb Code   176  pbuf.o(i.pbuf_realloc)
    pbuf_ref                                 0x0800382d   Thumb Code    10  pbuf.o(i.pbuf_ref)
    raw_input                                0x080038ed   Thumb Code   100  raw.o(i.raw_input)
    tcp_abandon                              0x08003955   Thumb Code   148  tcp.o(i.tcp_abandon)
    tcp_alloc                                0x080039f1   Thumb Code   166  tcp.o(i.tcp_alloc)
    tcp_close                                0x08003aa5   Thumb Code   242  tcp.o(i.tcp_close)
    tcp_eff_send_mss                         0x08003ba9   Thumb Code    46  tcp.o(i.tcp_eff_send_mss)
    tcp_enqueue                              0x08003bd7   Thumb Code  1068  tcp_out.o(i.tcp_enqueue)
    tcp_input                                0x08004005   Thumb Code  1166  tcp_in.o(i.tcp_input)
    tcp_next_iss                             0x08004675   Thumb Code    20  tcp.o(i.tcp_next_iss)
    tcp_output                               0x08004691   Thumb Code   610  tcp_out.o(i.tcp_output)
    tcp_pcb_purge                            0x08004b01   Thumb Code    54  tcp.o(i.tcp_pcb_purge)
    tcp_pcb_remove                           0x08004b39   Thumb Code   170  tcp.o(i.tcp_pcb_remove)
    tcp_rexmit                               0x080058bd   Thumb Code    86  tcp_out.o(i.tcp_rexmit)
    tcp_rst                                  0x08005913   Thumb Code   174  tcp_out.o(i.tcp_rst)
    tcp_seg_free                             0x080059c1   Thumb Code    32  tcp.o(i.tcp_seg_free)
    tcp_segs_free                            0x080059e1   Thumb Code    30  tcp.o(i.tcp_segs_free)
    tcp_send_ctrl                            0x080059ff   Thumb Code    28  tcp_out.o(i.tcp_send_ctrl)
    tcp_update_rcv_ann_wnd                   0x08005a6d   Thumb Code    56  tcp.o(i.tcp_update_rcv_ann_wnd)
    udp_input                                0x08005aa5   Thumb Code   408  udp.o(i.udp_input)
    ethbroadcast                             0x08005d5c   Data           6  etharp.o(.constdata)
    ethzero                                  0x08005d62   Data           6  etharp.o(.constdata)
    Region$$Table$$Base                      0x08005d68   Number         0  anon$$obj.o(Region$$Table)
    Region$$Table$$Limit                     0x08005d88   Number         0  anon$$obj.o(Region$$Table)
    netif_list                               0x20000024   Data           4  netif.o(.data)
    netif_default                            0x20000028   Data           4  netif.o(.data)
    tcp_ticks                                0x20000034   Data           4  tcp.o(.data)
    tcp_bound_pcbs                           0x20000038   Data           4  tcp.o(.data)
    tcp_listen_pcbs                          0x2000003c   Data           4  tcp.o(.data)
    tcp_active_pcbs                          0x20000040   Data           4  tcp.o(.data)
    tcp_tw_pcbs                              0x20000044   Data           4  tcp.o(.data)
    tcp_tmp_pcb                              0x20000048   Data           4  tcp.o(.data)
    tcp_input_pcb                            0x20000070   Data           4  tcp_in.o(.data)
    udp_pcbs                                 0x20000074   Data           4  udp.o(.data)
    tcp_end_time                             0x2000008c   Data           4  ethernetif.o(.data)
    arp_end_time                             0x20000090   Data           4  ethernetif.o(.data)
    MACaddr                                  0x20000094   Data           6  ethernetif.o(.data)
    DMATxDesc                                0x2000009c   Data           4  ethernetif.o(.data)
    DMATxDescToSet                           0x200000a0   Data           4  stm32_eth.o(.data)
    DMARxDescToGet                           0x200000a4   Data           4  stm32_eth.o(.data)
    DMAPTPTxDescToSet                        0x200000a8   Data           4  stm32_eth.o(.data)
    DMAPTPRxDescToGet                        0x200000ac   Data           4  stm32_eth.o(.data)
    netif                                    0x200000b0   Data          48  netconfig.o(.bss)
    DMARxDscrTab                             0x20006e60   Data          64  ethernetif.o(.bss)
    DMATxDscrTab                             0x20006ea0   Data          32  ethernetif.o(.bss)
    Rx_Buff                                  0x20006ec0   Data        6080  ethernetif.o(.bss)
    Tx_Buff                                  0x20008680   Data        3040  ethernetif.o(.bss)
    __libspace_start                         0x20009260   Data          96  libspace.o(.bss)
    __temporary_stack_top$libspace           0x200092c0   Data           0  libspace.o(.bss)



==============================================================================

Memory Map of the image

  Image Entry point : 0x08000151

  Load Region LR_IROM1 (Base: 0x08000000, Size: 0x00005e38, Max: 0x00040000, ABSOLUTE)

    Execution Region ER_IROM1 (Base: 0x08000000, Size: 0x00005d88, Max: 0x00040000, ABSOLUTE)

    Base Addr    Size         Type   Attr      Idx    E Section Name        Object

    0x08000000   0x00000150   Data   RO          354    RESET               startup_stm32f10x_cl.o
    0x08000150   0x00000008   Code   RO         5082  * !!!main             c_w.l(__main.o)
    0x08000158   0x00000034   Code   RO         5241    !!!scatter          c_w.l(__scatter.o)
    0x0800018c   0x0000001a   Code   RO         5243    !!handler_copy      c_w.l(__scatter_copy.o)
    0x080001a6   0x00000002   PAD
    0x080001a8   0x0000001c   Code   RO         5245    !!handler_zi        c_w.l(__scatter_zi.o)
    0x080001c4   0x00000002   Code   RO         5111    .ARM.Collect$$libinit$$00000000  c_w.l(libinit.o)
    0x080001c6   0x00000000   Code   RO         5118    .ARM.Collect$$libinit$$00000002  c_w.l(libinit2.o)
    0x080001c6   0x00000000   Code   RO         5120    .ARM.Collect$$libinit$$00000004  c_w.l(libinit2.o)
    0x080001c6   0x00000000   Code   RO         5123    .ARM.Collect$$libinit$$0000000A  c_w.l(libinit2.o)
    0x080001c6   0x00000000   Code   RO         5125    .ARM.Collect$$libinit$$0000000C  c_w.l(libinit2.o)
    0x080001c6   0x00000000   Code   RO         5127    .ARM.Collect$$libinit$$0000000E  c_w.l(libinit2.o)
    0x080001c6   0x00000000   Code   RO         5130    .ARM.Collect$$libinit$$00000011  c_w.l(libinit2.o)
    0x080001c6   0x00000000   Code   RO         5132    .ARM.Collect$$libinit$$00000013  c_w.l(libinit2.o)
    0x080001c6   0x00000000   Code   RO         5134    .ARM.Collect$$libinit$$00000015  c_w.l(libinit2.o)
    0x080001c6   0x00000000   Code   RO         5136    .ARM.Collect$$libinit$$00000017  c_w.l(libinit2.o)
    0x080001c6   0x00000000   Code   RO         5138    .ARM.Collect$$libinit$$00000019  c_w.l(libinit2.o)
    0x080001c6   0x00000000   Code   RO         5140    .ARM.Collect$$libinit$$0000001B  c_w.l(libinit2.o)
    0x080001c6   0x00000000   Code   RO         5142    .ARM.Collect$$libinit$$0000001D  c_w.l(libinit2.o)
    0x080001c6   0x00000000   Code   RO         5144    .ARM.Collect$$libinit$$0000001F  c_w.l(libinit2.o)
    0x080001c6   0x00000000   Code   RO         5146    .ARM.Collect$$libinit$$00000021  c_w.l(libinit2.o)
    0x080001c6   0x00000000   Code   RO         5148    .ARM.Collect$$libinit$$00000023  c_w.l(libinit2.o)
    0x080001c6   0x00000000   Code   RO         5150    .ARM.Collect$$libinit$$00000025  c_w.l(libinit2.o)
    0x080001c6   0x00000000   Code   RO         5154    .ARM.Collect$$libinit$$0000002C  c_w.l(libinit2.o)
    0x080001c6   0x00000000   Code   RO         5156    .ARM.Collect$$libinit$$0000002E  c_w.l(libinit2.o)
    0x080001c6   0x00000000   Code   RO         5158    .ARM.Collect$$libinit$$00000030  c_w.l(libinit2.o)
    0x080001c6   0x00000000   Code   RO         5160    .ARM.Collect$$libinit$$00000032  c_w.l(libinit2.o)
    0x080001c6   0x00000002   Code   RO         5161    .ARM.Collect$$libinit$$00000033  c_w.l(libinit2.o)
    0x080001c8   0x00000002   Code   RO         5181    .ARM.Collect$$libshutdown$$00000000  c_w.l(libshutdown.o)
    0x080001ca   0x00000000   Code   RO         5194    .ARM.Collect$$libshutdown$$00000002  c_w.l(libshutdown2.o)
    0x080001ca   0x00000000   Code   RO         5196    .ARM.Collect$$libshutdown$$00000004  c_w.l(libshutdown2.o)
    0x080001ca   0x00000000   Code   RO         5199    .ARM.Collect$$libshutdown$$00000007  c_w.l(libshutdown2.o)
    0x080001ca   0x00000000   Code   RO         5202    .ARM.Collect$$libshutdown$$0000000A  c_w.l(libshutdown2.o)
    0x080001ca   0x00000000   Code   RO         5204    .ARM.Collect$$libshutdown$$0000000C  c_w.l(libshutdown2.o)
    0x080001ca   0x00000000   Code   RO         5207    .ARM.Collect$$libshutdown$$0000000F  c_w.l(libshutdown2.o)
    0x080001ca   0x00000002   Code   RO         5208    .ARM.Collect$$libshutdown$$00000010  c_w.l(libshutdown2.o)
    0x080001cc   0x00000000   Code   RO         5084    .ARM.Collect$$rtentry$$00000000  c_w.l(__rtentry.o)
    0x080001cc   0x00000000   Code   RO         5088    .ARM.Collect$$rtentry$$00000002  c_w.l(__rtentry2.o)
    0x080001cc   0x00000006   Code   RO         5100    .ARM.Collect$$rtentry$$00000004  c_w.l(__rtentry4.o)
    0x080001d2   0x00000000   Code   RO         5090    .ARM.Collect$$rtentry$$00000009  c_w.l(__rtentry2.o)
    0x080001d2   0x00000004   Code   RO         5091    .ARM.Collect$$rtentry$$0000000A  c_w.l(__rtentry2.o)
    0x080001d6   0x00000000   Code   RO         5093    .ARM.Collect$$rtentry$$0000000C  c_w.l(__rtentry2.o)
    0x080001d6   0x00000008   Code   RO         5094    .ARM.Collect$$rtentry$$0000000D  c_w.l(__rtentry2.o)
    0x080001de   0x00000002   Code   RO         5115    .ARM.Collect$$rtexit$$00000000  c_w.l(rtexit.o)
    0x080001e0   0x00000000   Code   RO         5163    .ARM.Collect$$rtexit$$00000002  c_w.l(rtexit2.o)
    0x080001e0   0x00000004   Code   RO         5164    .ARM.Collect$$rtexit$$00000003  c_w.l(rtexit2.o)
    0x080001e4   0x00000006   Code   RO         5165    .ARM.Collect$$rtexit$$00000004  c_w.l(rtexit2.o)
    0x080001ea   0x00000002   PAD
    0x080001ec   0x00000038   Code   RO          355    .text               startup_stm32f10x_cl.o
    0x08000224   0x0000008a   Code   RO         5074    .text               c_w.l(rt_memcpy_v6.o)
    0x080002ae   0x0000004e   Code   RO         5078    .text               c_w.l(rt_memclr_w.o)
    0x080002fc   0x00000006   Code   RO         5080    .text               c_w.l(heapauxi.o)
    0x08000302   0x00000064   Code   RO         5085    .text               c_w.l(rt_memcpy_w.o)
    0x08000366   0x0000004a   Code   RO         5102    .text               c_w.l(sys_stackheap_outer.o)
    0x080003b0   0x00000012   Code   RO         5104    .text               c_w.l(exit.o)
    0x080003c2   0x00000002   PAD
    0x080003c4   0x00000008   Code   RO         5112    .text               c_w.l(libspace.o)
    0x080003cc   0x0000000c   Code   RO         5173    .text               c_w.l(sys_exit.o)
    0x080003d8   0x00000002   Code   RO         5184    .text               c_w.l(use_no_semi.o)
    0x080003da   0x00000000   Code   RO         5186    .text               c_w.l(indicate_semi.o)
    0x080003da   0x00000016   Code   RO          401    i.ADC_Cmd           stm32f10x_adc.o
    0x080003f0   0x00000050   Code   RO          234    i.ADC_Configuration  stm32f107.o
    0x08000440   0x00000050   Code   RO          419    i.ADC_Init          stm32f10x_adc.o
    0x08000490   0x000000b8   Code   RO          423    i.ADC_RegularChannelConfig  stm32f10x_adc.o
    0x08000548   0x00000016   Code   RO          426    i.ADC_SoftwareStartConvCmd  stm32f10x_adc.o
    0x0800055e   0x00000004   Code   RO          147    i.BusFault_Handler  stm32f10x_it.o
    0x08000562   0x00000002   Code   RO          148    i.DebugMon_Handler  stm32f10x_it.o
    0x08000564   0x0000000c   Code   RO         4466    i.ETH_DMAClearITPendingBit  stm32_eth.o
    0x08000570   0x00000020   Code   RO         4467    i.ETH_DMAITConfig   stm32_eth.o
    0x08000590   0x00000024   Code   RO         4470    i.ETH_DMAReceptionCmd  stm32_eth.o
    0x080005b4   0x00000054   Code   RO         4471    i.ETH_DMARxDescChainInit  stm32_eth.o
    0x08000608   0x00000016   Code   RO         4473    i.ETH_DMARxDescReceiveITConfig  stm32_eth.o
    0x0800061e   0x00000002   PAD
    0x08000620   0x00000024   Code   RO         4476    i.ETH_DMATransmissionCmd  stm32_eth.o
    0x08000644   0x00000050   Code   RO         4479    i.ETH_DMATxDescChainInit  stm32_eth.o
    0x08000694   0x00000008   Code   RO         4480    i.ETH_DMATxDescChecksumInsertionConfig  stm32_eth.o
    0x0800069c   0x00000016   Code   RO         4488    i.ETH_DeInit        stm32_eth.o
    0x080006b2   0x0000001c   Code   RO         4489    i.ETH_Delay         stm32_eth.o
    0x080006ce   0x00000002   PAD
    0x080006d0   0x00000014   Code   RO         4494    i.ETH_FlushTransmitFIFO  stm32_eth.o
    0x080006e4   0x0000000c   Code   RO         4384    i.ETH_GetCurrentTxBuffer  ethernetif.o
    0x080006f0   0x0000000a   Code   RO         4505    i.ETH_GetDMARxDescFrameLength  stm32_eth.o
    0x080006fa   0x00000002   PAD
    0x080006fc   0x00000048   Code   RO         4520    i.ETH_GetRxPktSize  stm32_eth.o
    0x08000744   0x00000018   Code   RO         4521    i.ETH_GetSoftwareResetStatus  stm32_eth.o
    0x0800075c   0x00000028   Code   RO          149    i.ETH_IRQHandler    stm32f10x_it.o
    0x08000784   0x00000250   Code   RO         4528    i.ETH_Init          stm32_eth.o
    0x080009d4   0x00000034   Code   RO         4531    i.ETH_MACAddressConfig  stm32_eth.o
    0x08000a08   0x00000024   Code   RO         4536    i.ETH_MACReceptionCmd  stm32_eth.o
    0x08000a2c   0x00000024   Code   RO         4537    i.ETH_MACTransmissionCmd  stm32_eth.o
    0x08000a50   0x00000040   Code   RO         4548    i.ETH_ReadPHYRegister  stm32_eth.o
    0x08000a90   0x0000009c   Code   RO         4385    i.ETH_RxPkt_ChainMode  ethernetif.o
    0x08000b2c   0x00000014   Code   RO         4559    i.ETH_SoftwareReset  stm32_eth.o
    0x08000b40   0x00000020   Code   RO         4560    i.ETH_Start         stm32_eth.o
    0x08000b60   0x000000a4   Code   RO         4561    i.ETH_StructInit    stm32_eth.o
    0x08000c04   0x00000068   Code   RO         4386    i.ETH_TxPkt_ChainMode  ethernetif.o
    0x08000c6c   0x00000068   Code   RO         4563    i.ETH_WritePHYRegister  stm32_eth.o
    0x08000cd4   0x00000002   Code   RO          150    i.EXTI15_10_IRQHandler  stm32f10x_it.o
    0x08000cd6   0x00000002   PAD
    0x08000cd8   0x000000a0   Code   RO          235    i.Ethernet_Configuration  stm32f107.o
    0x08000d78   0x0000010c   Code   RO          236    i.GPIO_Configuration  stm32f107.o
    0x08000e84   0x0000000c   Code   RO         1376    i.GPIO_ETH_MediaInterfaceConfig  stm32f10x_gpio.o
    0x08000e90   0x00000116   Code   RO         1380    i.GPIO_Init         stm32f10x_gpio.o
    0x08000fa6   0x00000002   PAD
    0x08000fa8   0x00000070   Code   RO         1382    i.GPIO_PinRemapConfig  stm32f10x_gpio.o
    0x08001018   0x00000004   Code   RO          151    i.HardFault_Handler  stm32f10x_it.o
    0x0800101c   0x00000078   Code   RO          278    i.LWIP_INIT         netconfig.o
    0x08001094   0x00000004   Code   RO          152    i.MemManage_Handler  stm32f10x_it.o
    0x08001098   0x00000002   Code   RO          153    i.NMI_Handler       stm32f10x_it.o
    0x0800109a   0x00000034   Code   RO          237    i.NVIC_Configuration  stm32f107.o
    0x080010ce   0x00000002   PAD
    0x080010d0   0x00000070   Code   RO          359    i.NVIC_Init         misc.o
    0x08001140   0x00000014   Code   RO          360    i.NVIC_PriorityGroupConfig  misc.o
    0x08001154   0x00000028   Code   RO          238    i.NVIC_SetPriority  stm32f107.o
    0x0800117c   0x00000014   Code   RO          361    i.NVIC_SetVectorTable  misc.o
    0x08001190   0x00000002   Code   RO          154    i.PendSV_Handler    stm32f10x_it.o
    0x08001192   0x00000002   PAD
    0x08001194   0x00000020   Code   RO         1795    i.RCC_AHBPeriphClockCmd  stm32f10x_rcc.o
    0x080011b4   0x00000020   Code   RO         1796    i.RCC_AHBPeriphResetCmd  stm32f10x_rcc.o
    0x080011d4   0x00000020   Code   RO         1797    i.RCC_APB1PeriphClockCmd  stm32f10x_rcc.o
    0x080011f4   0x00000020   Code   RO         1799    i.RCC_APB2PeriphClockCmd  stm32f10x_rcc.o
    0x08001214   0x00000190   Code   RO         1807    i.RCC_GetClocksFreq  stm32f10x_rcc.o
    0x080013a4   0x0000003c   Code   RO         1808    i.RCC_GetFlagStatus  stm32f10x_rcc.o
    0x080013e0   0x0000000c   Code   RO         1819    i.RCC_MCOConfig     stm32f10x_rcc.o
    0x080013ec   0x0000000c   Code   RO         1825    i.RCC_PLL3Cmd       stm32f10x_rcc.o
    0x080013f8   0x00000018   Code   RO         1826    i.RCC_PLL3Config    stm32f10x_rcc.o
    0x08001410   0x00000002   Code   RO          155    i.SVC_Handler       stm32f10x_it.o
    0x08001412   0x00000008   Code   RO          324    i.SetSysClock       system_stm32f10x.o
    0x0800141a   0x00000002   PAD
    0x0800141c   0x00000120   Code   RO          325    i.SetSysClockTo72   system_stm32f10x.o
    0x0800153c   0x0000002c   Code   RO         4387    i.Set_MAC_Address   ethernetif.o
    0x08001568   0x00000002   Code   RO          156    i.SysTick_Handler   stm32f10x_it.o
    0x0800156a   0x00000002   PAD
    0x0800156c   0x00000060   Code   RO          326    i.SystemInit        system_stm32f10x.o
    0x080015cc   0x0000007a   Code   RO          239    i.System_Setup      stm32f107.o
    0x08001646   0x00000004   Code   RO          157    i.UsageFault_Handler  stm32f10x_it.o
    0x0800164a   0x00000132   Code   RO         4297    i.etharp_arp_input  etharp.o
    0x0800177c   0x0000003a   Code   RO         4299    i.etharp_ip_input   etharp.o
    0x080017b6   0x00000002   PAD
    0x080017b8   0x000000c4   Code   RO         4300    i.etharp_output     etharp.o
    0x0800187c   0x000001b8   Code   RO         4301    i.etharp_query      etharp.o
    0x08001a34   0x000000ca   Code   RO         4302    i.etharp_raw        etharp.o
    0x08001afe   0x00000002   PAD
    0x08001b00   0x0000002c   Code   RO         4303    i.etharp_request    etharp.o
    0x08001b2c   0x0000004e   Code   RO         4304    i.etharp_send_ip    etharp.o
    0x08001b7a   0x0000006a   Code   RO         4306    i.ethernet_input    etharp.o
    0x08001be4   0x0000004c   Code   RO         4388    i.ethernetif_init   ethernetif.o
    0x08001c30   0x0000002c   Code   RO         4389    i.ethernetif_input  ethernetif.o
    0x08001c5c   0x00000204   Code   RO         4307    i.find_entry        etharp.o
    0x08001e60   0x00000040   Code   RO         4308    i.free_etharp_q     etharp.o
    0x08001ea0   0x0000001a   Code   RO         4043    i.htonl             inet.o
    0x08001eba   0x0000000c   Code   RO         4044    i.htons             inet.o
    0x08001ec6   0x00000012   Code   RO         4008    i.icmp_dest_unreach  icmp.o
    0x08001ed8   0x00000194   Code   RO         4009    i.icmp_input        icmp.o
    0x0800206c   0x00000076   Code   RO         4010    i.icmp_send_response  icmp.o
    0x080020e2   0x00000012   Code   RO         4011    i.icmp_time_exceeded  icmp.o
    0x080020f4   0x00000014   Code   RO         4092    i.inet_chksum       inet_chksum.o
    0x08002108   0x00000056   Code   RO         4093    i.inet_chksum_pbuf  inet_chksum.o
    0x0800215e   0x0000004e   Code   RO         4172    i.ip_addr_isbroadcast  ip_addr.o
    0x080021ac   0x0000014c   Code   RO         4194    i.ip_frag           ip_frag.o
    0x080022f8   0x0000019c   Code   RO         4130    i.ip_input          ip.o
    0x08002494   0x00000034   Code   RO         4131    i.ip_output         ip.o
    0x080024c8   0x00000104   Code   RO         4132    i.ip_output_if      ip.o
    0x080025cc   0x00000198   Code   RO         4195    i.ip_reass          ip_frag.o
    0x08002764   0x000001a8   Code   RO         4196    i.ip_reass_chain_frag_into_datagram_and_validate  ip_frag.o
    0x0800290c   0x00000034   Code   RO         4197    i.ip_reass_dequeue_datagram  ip_frag.o
    0x08002940   0x00000054   Code   RO         4198    i.ip_reass_enqueue_new_datagram  ip_frag.o
    0x08002994   0x000000ac   Code   RO         4199    i.ip_reass_free_complete_datagram  ip_frag.o
    0x08002a40   0x0000007c   Code   RO         4200    i.ip_reass_remove_oldest_datagram  ip_frag.o
    0x08002abc   0x00000050   Code   RO         4133    i.ip_route          ip.o
    0x08002b0c   0x000000a4   Code   RO         4390    i.low_level_init    ethernetif.o
    0x08002bb0   0x00000074   Code   RO         4391    i.low_level_input   ethernetif.o
    0x08002c24   0x00000034   Code   RO         4392    i.low_level_output  ethernetif.o
    0x08002c58   0x0000004a   Code   RO         4095    i.lwip_standard_chksum  inet_chksum.o
    0x08002ca2   0x0000000c   Code   RO            1    i.main              main.o
    0x08002cae   0x00000002   PAD
    0x08002cb0   0x00000078   Code   RO         3302    i.mem_free          mem.o
    0x08002d28   0x00000064   Code   RO         3303    i.mem_init          mem.o
    0x08002d8c   0x00000130   Code   RO         3304    i.mem_malloc        mem.o
    0x08002ebc   0x00000148   Code   RO         3305    i.mem_realloc       mem.o
    0x08003004   0x0000002c   Code   RO         3348    i.memp_free         memp.o
    0x08003030   0x00000064   Code   RO         3349    i.memp_init         memp.o
    0x08003094   0x0000003c   Code   RO         3350    i.memp_malloc       memp.o
    0x080030d0   0x00000068   Code   RO         3390    i.netif_add         netif.o
    0x08003138   0x0000000c   Code   RO         3392    i.netif_is_up       netif.o
    0x08003144   0x00000028   Code   RO         3394    i.netif_set_addr    netif.o
    0x0800316c   0x0000000c   Code   RO         3395    i.netif_set_default  netif.o
    0x08003178   0x0000000c   Code   RO         3397    i.netif_set_gw      netif.o
    0x08003184   0x00000078   Code   RO         3398    i.netif_set_ipaddr  netif.o
    0x080031fc   0x0000000c   Code   RO         3399    i.netif_set_netmask  netif.o
    0x08003208   0x0000002c   Code   RO         3400    i.netif_set_up      netif.o
    0x08003234   0x0000000c   Code   RO         4048    i.ntohl             inet.o
    0x08003240   0x0000000c   Code   RO         4049    i.ntohs             inet.o
    0x0800324c   0x0000021e   Code   RO         3468    i.pbuf_alloc        pbuf.o
    0x0800346a   0x00000050   Code   RO         3469    i.pbuf_cat          pbuf.o
    0x080034ba   0x00000016   Code   RO         3470    i.pbuf_chain        pbuf.o
    0x080034d0   0x00000012   Code   RO         3471    i.pbuf_clen         pbuf.o
    0x080034e2   0x000000dc   Code   RO         3473    i.pbuf_copy         pbuf.o
    0x080035be   0x0000009a   Code   RO         3474    i.pbuf_copy_partial  pbuf.o
    0x08003658   0x00000098   Code   RO         3476    i.pbuf_free         pbuf.o
    0x080036f0   0x0000008c   Code   RO         3477    i.pbuf_header       pbuf.o
    0x0800377c   0x000000b0   Code   RO         3478    i.pbuf_realloc      pbuf.o
    0x0800382c   0x0000000a   Code   RO         3479    i.pbuf_ref          pbuf.o
    0x08003836   0x00000002   PAD
    0x08003838   0x000000b4   Code   RO         3306    i.plug_holes        mem.o
    0x080038ec   0x00000068   Code   RO         3557    i.raw_input         raw.o
    0x08003954   0x0000009c   Code   RO         3623    i.tcp_abandon       tcp.o
    0x080039f0   0x000000b4   Code   RO         3626    i.tcp_alloc         tcp.o
    0x08003aa4   0x00000104   Code   RO         3629    i.tcp_close         tcp.o
    0x08003ba8   0x0000002e   Code   RO         3631    i.tcp_eff_send_mss  tcp.o
    0x08003bd6   0x0000042c   Code   RO         3860    i.tcp_enqueue       tcp_out.o
    0x08004002   0x00000002   PAD
    0x08004004   0x000004a8   Code   RO         3812    i.tcp_input         tcp_in.o
    0x080044ac   0x00000058   Code   RO         3634    i.tcp_kill_prio     tcp.o
    0x08004504   0x0000003c   Code   RO         3635    i.tcp_kill_timewait  tcp.o
    0x08004540   0x00000134   Code   RO         3813    i.tcp_listen_input  tcp_in.o
    0x08004674   0x0000001c   Code   RO         3639    i.tcp_next_iss      tcp.o
    0x08004690   0x00000268   Code   RO         3862    i.tcp_output        tcp_out.o
    0x080048f8   0x000000cc   Code   RO         3863    i.tcp_output_segment  tcp_out.o
    0x080049c4   0x00000084   Code   RO         3864    i.tcp_output_set_header  tcp_out.o
    0x08004a48   0x000000b8   Code   RO         3814    i.tcp_parseopt      tcp_in.o
    0x08004b00   0x00000036   Code   RO         3640    i.tcp_pcb_purge     tcp.o
    0x08004b36   0x00000002   PAD
    0x08004b38   0x000000b0   Code   RO         3641    i.tcp_pcb_remove    tcp.o
    0x08004be8   0x000005ac   Code   RO         3815    i.tcp_process       tcp_in.o
    0x08005194   0x00000700   Code   RO         3816    i.tcp_receive       tcp_in.o
    0x08005894   0x00000028   Code   RO         3644    i.tcp_recv_null     tcp.o
    0x080058bc   0x00000056   Code   RO         3865    i.tcp_rexmit        tcp_out.o
    0x08005912   0x000000ae   Code   RO         3867    i.tcp_rst           tcp_out.o
    0x080059c0   0x00000020   Code   RO         3646    i.tcp_seg_free      tcp.o
    0x080059e0   0x0000001e   Code   RO         3647    i.tcp_segs_free     tcp.o
    0x080059fe   0x0000001c   Code   RO         3868    i.tcp_send_ctrl     tcp_out.o
    0x08005a1a   0x00000002   PAD
    0x08005a1c   0x00000050   Code   RO         3817    i.tcp_timewait_input  tcp_in.o
    0x08005a6c   0x00000038   Code   RO         3652    i.tcp_update_rcv_ann_wnd  tcp.o
    0x08005aa4   0x0000019c   Code   RO         3933    i.udp_input         udp.o
    0x08005c40   0x000000f8   Code   RO         4309    i.update_arp_entry  etharp.o
    0x08005d38   0x00000024   Data   RO         3352    .constdata          memp.o
    0x08005d5c   0x0000000c   Data   RO         4311    .constdata          etharp.o
    0x08005d68   0x00000020   Data   RO         5239    Region$$Table       anon$$obj.o


    Execution Region RW_IRAM1 (Base: 0x20000000, Size: 0x000098c0, Max: 0x00010000, ABSOLUTE)

    Base Addr    Size         Type   Attr      Idx    E Section Name        Object

    0x20000000   0x00000014   Data   RW         1835    .data               stm32f10x_rcc.o
    0x20000014   0x0000000d   Data   RW         3308    .data               mem.o
    0x20000021   0x00000003   PAD
    0x20000024   0x00000009   Data   RW         3401    .data               netif.o
    0x2000002d   0x00000003   PAD
    0x20000030   0x00000004   Data   RW         3563    .data               raw.o
    0x20000034   0x00000020   Data   RW         3654    .data               tcp.o
    0x20000054   0x00000020   Data   RW         3819    .data               tcp_in.o
    0x20000074   0x00000004   Data   RW         3940    .data               udp.o
    0x20000078   0x0000000a   Data   RW         4134    .data               ip.o
    0x20000082   0x00000002   PAD
    0x20000084   0x00000006   Data   RW         4203    .data               ip_frag.o
    0x2000008a   0x00000001   Data   RW         4312    .data               etharp.o
    0x2000008b   0x00000001   PAD
    0x2000008c   0x00000014   Data   RW         4394    .data               ethernetif.o
    0x200000a0   0x00000010   Data   RW         4564    .data               stm32_eth.o
    0x200000b0   0x00000030   Zero   RW          279    .bss                netconfig.o
    0x200000e0   0x00002014   Zero   RW         3307    .bss                mem.o
    0x200020f4   0x000046af   Zero   RW         3351    .bss                memp.o
    0x200067a3   0x00000001   PAD
    0x200067a4   0x00000014   Zero   RW         3818    .bss                tcp_in.o
    0x200067b8   0x000005e0   Zero   RW         4202    .bss                ip_frag.o
    0x20006d98   0x000000c8   Zero   RW         4310    .bss                etharp.o
    0x20006e60   0x00002400   Zero   RW         4393    .bss                ethernetif.o
    0x20009260   0x00000060   Zero   RW         5113    .bss                c_w.l(libspace.o)
    0x200092c0   0x00000200   Zero   RW          353    HEAP                startup_stm32f10x_cl.o
    0x200094c0   0x00000400   Zero   RW          352    STACK               startup_stm32f10x_cl.o


==============================================================================

Image component sizes


      Code (inc. data)   RO Data    RW Data    ZI Data      Debug   Object Name

         0          0          0          0          0         32   core_cm3.o
      2258         32         12          1        200      12149   etharp.o
       768         62          0         20       9216       7520   ethernetif.o
       558          0          0          0          0       3694   icmp.o
        62          0          0          0          0       2064   inet.o
       180          0          0          0          0       5449   inet_chksum.o
         0          0          0          0          0        656   init.o
       804         28          0         10          0       4649   ip.o
        78          0          0          0          0       5089   ip_addr.o
      1596         42          0          6       1504       7885   ip_frag.o
        12          0          0          0          0     302948   main.o
      1032         74          0         13       8212       4873   mem.o
       204         30         36          0      18095       3674   memp.o
       152         30          0          0          0       2161   misc.o
       120         26          0          0         48       2575   netconfig.o
       356         24          0          9          0       6935   netif.o
      1514          0          0          0          0       7705   pbuf.o
       104          4          0          4          0       1588   raw.o
        56         22        336          0       1536        840   startup_stm32f10x_cl.o
      1586        132          0         16          0      14882   stm32_eth.o
       722         36          0          0          0       8038   stm32f107.o
       308         10          0          0          0       4767   stm32f10x_adc.o
       402         12          0          0          0       3338   stm32f10x_gpio.o
        68          6          0          0          0       4494   stm32f10x_it.o
       636         72          0         20          0       8769   stm32f10x_rcc.o
       392         30          0          0          0       1949   system_stm32f10x.o
      1206         80          0         32          0      17244   tcp.o
      5008        250          0         32         20      14756   tcp_in.o
      2308         16          0          0          0       7498   tcp_out.o
       412          4          0          4          0       3211   udp.o

    ----------------------------------------------------------------------
     22934       1022        416        176      38832     471432   Object Totals
         0          0         32          0          0          0   (incl. Generated)
        32          0          0          9          1          0   (incl. Padding)

    ----------------------------------------------------------------------

      Code (inc. data)   RO Data    RW Data    ZI Data      Debug   Library Member Name

         8          0          0          0          0         68   __main.o
         0          0          0          0          0          0   __rtentry.o
        12          0          0          0          0          0   __rtentry2.o
         6          0          0          0          0          0   __rtentry4.o
        52          8          0          0          0          0   __scatter.o
        26          0          0          0          0          0   __scatter_copy.o
        28          0          0          0          0          0   __scatter_zi.o
        18          0          0          0          0         80   exit.o
         6          0          0          0          0        152   heapauxi.o
         0          0          0          0          0          0   indicate_semi.o
         2          0          0          0          0          0   libinit.o
         2          0          0          0          0          0   libinit2.o
         2          0          0          0          0          0   libshutdown.o
         2          0          0          0          0          0   libshutdown2.o
         8          4          0          0         96         68   libspace.o
        78          0          0          0          0         80   rt_memclr_w.o
       138          0          0          0          0         68   rt_memcpy_v6.o
       100          0          0          0          0         80   rt_memcpy_w.o
         2          0          0          0          0          0   rtexit.o
        10          0          0          0          0          0   rtexit2.o
        12          4          0          0          0         68   sys_exit.o
        74          0          0          0          0         80   sys_stackheap_outer.o
         2          0          0          0          0         68   use_no_semi.o

    ----------------------------------------------------------------------
       594         16          0          0         96        812   Library Totals
         6          0          0          0          0          0   (incl. Padding)

    ----------------------------------------------------------------------

      Code (inc. data)   RO Data    RW Data    ZI Data      Debug   Library Name

       588         16          0          0         96        812   c_w.l

    ----------------------------------------------------------------------
       594         16          0          0         96        812   Library Totals

    ----------------------------------------------------------------------

==============================================================================


      Code (inc. data)   RO Data    RW Data    ZI Data      Debug   

     23528       1038        416        176      38928     463816   Grand Totals
     23528       1038        416        176      38928     463816   ELF Image Totals
     23528       1038        416        176          0          0   ROM Totals

==============================================================================

    Total RO  Size (Code + RO Data)                23944 (  23.38kB)
    Total RW  Size (RW Data + ZI Data)             39104 (  38.19kB)
    Total ROM Size (Code + RO Data + RW Data)      24120 (  23.55kB)

==============================================================================

