<html>
<body>
<pre>
<h1>礦ision Build Log</h1>
<h2>Tool Versions:</h2>
IDE-Version: μVision V5.18.0.0
Copyright (C) 2016 ARM Ltd and ARM Germany GmbH. All rights reserved.
License Information: Henry Shy, HDU, LIC=RC93N-YWPIQ-741S0-BB0MD-FP81C-T8ZJB
 
Tool Versions:
Toolchain:       MDK-ARM Standard  Version: 5.18
Toolchain Path:  D:\study\keil mdk518\ARM\ARMCC\Bin
C Compiler:      Armcc.exe V5.06 update 1 (build 61)
Assembler:       Armasm.exe V5.06 update 1 (build 61)
Linker/Locator:  ArmLink.exe V5.06 update 1 (build 61)
Library Manager: ArmAr.exe V5.06 update 1 (build 61)
Hex Converter:   FromElf.exe V5.06 update 1 (build 61)
CPU DLL:         SARMCM3.DLL V5.18
Dialog DLL:      DCM.DLL V1.13.6.0
Target DLL:      Segger\JL2CM3.dll V2.99.18.0
Dialog DLL:      TCM.DLL V1.14.8.0
 
<h2>Project:</h2>
D:\embedded system\embedded-system\TCP客户端收发数据实验（裸机）\Project\RVMDK\Project.uvprojx
Project File Date:  08/28/2021

<h2>Output:</h2>
*** Using Compiler 'V5.06 update 1 (build 61)', folder: 'D:\study\keil mdk518\ARM\ARMCC\Bin'
Rebuild target 'STM3210C-EVAL'
compiling tcpip.c...
compiling stm32f10x_exti.c...
compiling api_lib.c...
compiling stm32f10x_i2c.c...
compiling SCI.c...
..\src\SCI.c(20): warning:  #177-D: variable "USART_ClockInitStructure" was declared but never referenced
    USART_ClockInitTypeDef  USART_ClockInitStructure;
..\src\SCI.c: 1 warning, 0 errors
compiling stm32f10x_flash.c...
compiling stm32f10x_gpio.c...
compiling stm32f10x_adc.c...
compiling misc.c...
compiling netbuf.c...
compiling netifapi.c...
compiling stm32f10x_tim.c...
compiling stm32f10x_spi.c...
compiling netdb.c...
compiling stm32f10x_usart.c...
compiling stm32f10x_it.c...
compiling stm32f10x_rcc.c...
compiling ethernetif.c...
compiling TCP_CLIENT.C...
compiling api_msg.c...
compiling stm32f107.c...
compiling main.c...
compiling err.c...
compiling netconf.c...
compiling stats.c...
compiling sys.c...
compiling stm32_eth.c...
compiling tcp.c...
compiling init.c...
compiling memp.c...
compiling mem.c...
..\..\Utilities\lwip-1.3.1\src\core\mem.c(184): warning:  #550-D: variable "mem_sem" was set but never used
  static sys_sem_t mem_sem;
..\..\Utilities\lwip-1.3.1\src\core\mem.c: 1 warning, 0 errors
compiling udp.c...
compiling netif.c...
compiling pbuf.c...
compiling tcp_in.c...
compiling raw.c...
compiling tcp_out.c...
..\..\Utilities\lwip-1.3.1\src\core\tcp_out.c(458): warning:  #550-D: variable "tcphdr" was set but never used
    struct tcp_hdr *tcphdr;
..\..\Utilities\lwip-1.3.1\src\core\tcp_out.c(871): warning:  #550-D: variable "tcphdr" was set but never used
    struct tcp_hdr *tcphdr;
..\..\Utilities\lwip-1.3.1\src\core\tcp_out.c(925): warning:  #550-D: variable "tcphdr" was set but never used
    struct tcp_hdr *tcphdr;
..\..\Utilities\lwip-1.3.1\src\core\tcp_out.c: 3 warnings, 0 errors
compiling dhcp.c...
compiling inet_chksum.c...
compiling autoip.c...
compiling igmp.c...
compiling icmp.c...
compiling inet.c...
compiling ip_addr.c...
compiling ip.c...
assembling startup_stm32f10x_cl.s...
compiling ip_frag.c...
compiling etharp.c...
compiling core_cm3.c...
compiling system_stm32f10x.c...
linking...
Program Size: Code=23844 RO-data=444 RW-data=208 ZI-data=38936  
FromELF: creating hex file...
".\Obj\STM3210C-EVAL.axf" - 0 Error(s), 5 Warning(s).

<h2>Software Packages used:</h2>

Package Vendor: ARM
                http://www.keil.com/pack/ARM.CMSIS.4.5.0.pack
                ARM::CMSIS:CORE:4.3.0
                CMSIS (Cortex Microcontroller Software Interface Standard)
   * Component: CORE Version: 4.3.0

<h2>Collection of Component include folders:</h2>
  D:\embedded system\embedded-system\TCP客户端收发数据实验（裸机）\Project\RVMDK\RTE
  D:\study\keil mdk518\ARM\PACK\ARM\CMSIS\4.5.0\CMSIS\Include
  D:\study\keil mdk518\ARM\PACK\Keil\STM32F1xx_DFP\2.0.0\Device\Include

<h2>Collection of Component Files used:</h2>

   * Component: ARM::CMSIS:CORE:4.3.0
Build Time Elapsed:  00:00:01
</pre>
</body>
</html>
