<!doctype html public "-//w3c//dtd html 4.0 transitional//en">
<html><head>
<title>Static Call Graph - [.\Obj\STM3210C-EVAL.axf]</title></head>
<body><HR>
<H1>Static Call Graph for image .\Obj\STM3210C-EVAL.axf</H1><HR>
<BR><P>#&#060CALLGRAPH&#062# ARM Linker, 5060061: Last Updated: Tue Oct 19 16:49:43 2021
<BR><P>
<H3>Maximum Stack Usage =        484 bytes + Unknown(Functions without stacksize, Cycles, Untraceable Function Pointers)</H3><H3>
Call chain for Maximum Stack Depth:</H3>
ethernet_input &rArr; ip_input &rArr; tcp_input &rArr; tcp_process &rArr; tcp_abandon &rArr; tcp_pcb_remove &rArr; tcp_output &rArr; tcp_output_segment &rArr; ip_output &rArr; ip_output_if &rArr; ip_frag &rArr; pbuf_alloc &rArr; pbuf_free &rArr; mem_free &rArr; plug_holes
<P>
<H3>
Functions with no stack information
</H3><UL>
 <LI><a href="#[6f]">__user_initial_stackheap</a>
</UL>
</UL>
<P>
<H3>
Mutually Recursive functions
</H3> <LI><a href="#[1f]">ADC1_2_IRQHandler</a>&nbsp;&nbsp;&nbsp;&rArr;&nbsp;&nbsp;&nbsp;<a href="#[1f]">ADC1_2_IRQHandler</a><BR>
 <LI><a href="#[7]">BusFault_Handler</a>&nbsp;&nbsp;&nbsp;&rArr;&nbsp;&nbsp;&nbsp;<a href="#[7]">BusFault_Handler</a><BR>
 <LI><a href="#[5]">HardFault_Handler</a>&nbsp;&nbsp;&nbsp;&rArr;&nbsp;&nbsp;&nbsp;<a href="#[5]">HardFault_Handler</a><BR>
 <LI><a href="#[6]">MemManage_Handler</a>&nbsp;&nbsp;&nbsp;&rArr;&nbsp;&nbsp;&nbsp;<a href="#[6]">MemManage_Handler</a><BR>
 <LI><a href="#[8]">UsageFault_Handler</a>&nbsp;&nbsp;&nbsp;&rArr;&nbsp;&nbsp;&nbsp;<a href="#[8]">UsageFault_Handler</a><BR>
 <LI><a href="#[73]">Delay_s</a>&nbsp;&nbsp;&nbsp;&rArr;&nbsp;&nbsp;&nbsp;<a href="#[73]">Delay_s</a><BR>
</UL>
<P>
<H3>
Function Pointers
</H3><UL>
 <LI><a href="#[1f]">ADC1_2_IRQHandler</a> from startup_stm32f10x_cl.o(.text) referenced from startup_stm32f10x_cl.o(RESET)
 <LI><a href="#[7]">BusFault_Handler</a> from stm32f10x_it.o(i.BusFault_Handler) referenced from startup_stm32f10x_cl.o(RESET)
 <LI><a href="#[21]">CAN1_RX0_IRQHandler</a> from startup_stm32f10x_cl.o(.text) referenced from startup_stm32f10x_cl.o(RESET)
 <LI><a href="#[22]">CAN1_RX1_IRQHandler</a> from startup_stm32f10x_cl.o(.text) referenced from startup_stm32f10x_cl.o(RESET)
 <LI><a href="#[23]">CAN1_SCE_IRQHandler</a> from startup_stm32f10x_cl.o(.text) referenced from startup_stm32f10x_cl.o(RESET)
 <LI><a href="#[20]">CAN1_TX_IRQHandler</a> from startup_stm32f10x_cl.o(.text) referenced from startup_stm32f10x_cl.o(RESET)
 <LI><a href="#[46]">CAN2_RX0_IRQHandler</a> from startup_stm32f10x_cl.o(.text) referenced from startup_stm32f10x_cl.o(RESET)
 <LI><a href="#[47]">CAN2_RX1_IRQHandler</a> from startup_stm32f10x_cl.o(.text) referenced from startup_stm32f10x_cl.o(RESET)
 <LI><a href="#[48]">CAN2_SCE_IRQHandler</a> from startup_stm32f10x_cl.o(.text) referenced from startup_stm32f10x_cl.o(RESET)
 <LI><a href="#[45]">CAN2_TX_IRQHandler</a> from startup_stm32f10x_cl.o(.text) referenced from startup_stm32f10x_cl.o(RESET)
 <LI><a href="#[18]">DMA1_Channel1_IRQHandler</a> from startup_stm32f10x_cl.o(.text) referenced from startup_stm32f10x_cl.o(RESET)
 <LI><a href="#[19]">DMA1_Channel2_IRQHandler</a> from startup_stm32f10x_cl.o(.text) referenced from startup_stm32f10x_cl.o(RESET)
 <LI><a href="#[1a]">DMA1_Channel3_IRQHandler</a> from startup_stm32f10x_cl.o(.text) referenced from startup_stm32f10x_cl.o(RESET)
 <LI><a href="#[1b]">DMA1_Channel4_IRQHandler</a> from startup_stm32f10x_cl.o(.text) referenced from startup_stm32f10x_cl.o(RESET)
 <LI><a href="#[1c]">DMA1_Channel5_IRQHandler</a> from startup_stm32f10x_cl.o(.text) referenced from startup_stm32f10x_cl.o(RESET)
 <LI><a href="#[1d]">DMA1_Channel6_IRQHandler</a> from startup_stm32f10x_cl.o(.text) referenced from startup_stm32f10x_cl.o(RESET)
 <LI><a href="#[1e]">DMA1_Channel7_IRQHandler</a> from startup_stm32f10x_cl.o(.text) referenced from startup_stm32f10x_cl.o(RESET)
 <LI><a href="#[3e]">DMA2_Channel1_IRQHandler</a> from startup_stm32f10x_cl.o(.text) referenced from startup_stm32f10x_cl.o(RESET)
 <LI><a href="#[3f]">DMA2_Channel2_IRQHandler</a> from startup_stm32f10x_cl.o(.text) referenced from startup_stm32f10x_cl.o(RESET)
 <LI><a href="#[40]">DMA2_Channel3_IRQHandler</a> from startup_stm32f10x_cl.o(.text) referenced from startup_stm32f10x_cl.o(RESET)
 <LI><a href="#[41]">DMA2_Channel4_IRQHandler</a> from startup_stm32f10x_cl.o(.text) referenced from startup_stm32f10x_cl.o(RESET)
 <LI><a href="#[42]">DMA2_Channel5_IRQHandler</a> from startup_stm32f10x_cl.o(.text) referenced from startup_stm32f10x_cl.o(RESET)
 <LI><a href="#[a]">DebugMon_Handler</a> from stm32f10x_it.o(i.DebugMon_Handler) referenced from startup_stm32f10x_cl.o(RESET)
 <LI><a href="#[43]">ETH_IRQHandler</a> from stm32f10x_it.o(i.ETH_IRQHandler) referenced from startup_stm32f10x_cl.o(RESET)
 <LI><a href="#[44]">ETH_WKUP_IRQHandler</a> from startup_stm32f10x_cl.o(.text) referenced from startup_stm32f10x_cl.o(RESET)
 <LI><a href="#[13]">EXTI0_IRQHandler</a> from startup_stm32f10x_cl.o(.text) referenced from startup_stm32f10x_cl.o(RESET)
 <LI><a href="#[35]">EXTI15_10_IRQHandler</a> from stm32f10x_it.o(i.EXTI15_10_IRQHandler) referenced from startup_stm32f10x_cl.o(RESET)
 <LI><a href="#[14]">EXTI1_IRQHandler</a> from startup_stm32f10x_cl.o(.text) referenced from startup_stm32f10x_cl.o(RESET)
 <LI><a href="#[15]">EXTI2_IRQHandler</a> from startup_stm32f10x_cl.o(.text) referenced from startup_stm32f10x_cl.o(RESET)
 <LI><a href="#[16]">EXTI3_IRQHandler</a> from startup_stm32f10x_cl.o(.text) referenced from startup_stm32f10x_cl.o(RESET)
 <LI><a href="#[17]">EXTI4_IRQHandler</a> from startup_stm32f10x_cl.o(.text) referenced from startup_stm32f10x_cl.o(RESET)
 <LI><a href="#[24]">EXTI9_5_IRQHandler</a> from startup_stm32f10x_cl.o(.text) referenced from startup_stm32f10x_cl.o(RESET)
 <LI><a href="#[11]">FLASH_IRQHandler</a> from startup_stm32f10x_cl.o(.text) referenced from startup_stm32f10x_cl.o(RESET)
 <LI><a href="#[5]">HardFault_Handler</a> from stm32f10x_it.o(i.HardFault_Handler) referenced from startup_stm32f10x_cl.o(RESET)
 <LI><a href="#[2d]">I2C1_ER_IRQHandler</a> from startup_stm32f10x_cl.o(.text) referenced from startup_stm32f10x_cl.o(RESET)
 <LI><a href="#[2c]">I2C1_EV_IRQHandler</a> from startup_stm32f10x_cl.o(.text) referenced from startup_stm32f10x_cl.o(RESET)
 <LI><a href="#[2f]">I2C2_ER_IRQHandler</a> from startup_stm32f10x_cl.o(.text) referenced from startup_stm32f10x_cl.o(RESET)
 <LI><a href="#[2e]">I2C2_EV_IRQHandler</a> from startup_stm32f10x_cl.o(.text) referenced from startup_stm32f10x_cl.o(RESET)
 <LI><a href="#[6]">MemManage_Handler</a> from stm32f10x_it.o(i.MemManage_Handler) referenced from startup_stm32f10x_cl.o(RESET)
 <LI><a href="#[4]">NMI_Handler</a> from stm32f10x_it.o(i.NMI_Handler) referenced from startup_stm32f10x_cl.o(RESET)
 <LI><a href="#[49]">OTG_FS_IRQHandler</a> from startup_stm32f10x_cl.o(.text) referenced from startup_stm32f10x_cl.o(RESET)
 <LI><a href="#[37]">OTG_FS_WKUP_IRQHandler</a> from startup_stm32f10x_cl.o(.text) referenced from startup_stm32f10x_cl.o(RESET)
 <LI><a href="#[e]">PVD_IRQHandler</a> from startup_stm32f10x_cl.o(.text) referenced from startup_stm32f10x_cl.o(RESET)
 <LI><a href="#[b]">PendSV_Handler</a> from stm32f10x_it.o(i.PendSV_Handler) referenced from startup_stm32f10x_cl.o(RESET)
 <LI><a href="#[12]">RCC_IRQHandler</a> from startup_stm32f10x_cl.o(.text) referenced from startup_stm32f10x_cl.o(RESET)
 <LI><a href="#[36]">RTCAlarm_IRQHandler</a> from startup_stm32f10x_cl.o(.text) referenced from startup_stm32f10x_cl.o(RESET)
 <LI><a href="#[10]">RTC_IRQHandler</a> from startup_stm32f10x_cl.o(.text) referenced from startup_stm32f10x_cl.o(RESET)
 <LI><a href="#[3]">Reset_Handler</a> from startup_stm32f10x_cl.o(.text) referenced from startup_stm32f10x_cl.o(RESET)
 <LI><a href="#[30]">SPI1_IRQHandler</a> from startup_stm32f10x_cl.o(.text) referenced from startup_stm32f10x_cl.o(RESET)
 <LI><a href="#[31]">SPI2_IRQHandler</a> from startup_stm32f10x_cl.o(.text) referenced from startup_stm32f10x_cl.o(RESET)
 <LI><a href="#[39]">SPI3_IRQHandler</a> from startup_stm32f10x_cl.o(.text) referenced from startup_stm32f10x_cl.o(RESET)
 <LI><a href="#[9]">SVC_Handler</a> from stm32f10x_it.o(i.SVC_Handler) referenced from startup_stm32f10x_cl.o(RESET)
 <LI><a href="#[c]">SysTick_Handler</a> from stm32f10x_it.o(i.SysTick_Handler) referenced from startup_stm32f10x_cl.o(RESET)
 <LI><a href="#[f]">TAMPER_IRQHandler</a> from startup_stm32f10x_cl.o(.text) referenced from startup_stm32f10x_cl.o(RESET)
 <LI><a href="#[50]">TCP_Client_Recv</a> from tcp_client.o(i.TCP_Client_Recv) referenced from tcp_client.o(i.TCP_Client_Init)
 <LI><a href="#[4f]">TCP_Connected</a> from tcp_client.o(i.TCP_Connected) referenced from tcp_client.o(i.TCP_Client_Init)
 <LI><a href="#[25]">TIM1_BRK_IRQHandler</a> from startup_stm32f10x_cl.o(.text) referenced from startup_stm32f10x_cl.o(RESET)
 <LI><a href="#[28]">TIM1_CC_IRQHandler</a> from startup_stm32f10x_cl.o(.text) referenced from startup_stm32f10x_cl.o(RESET)
 <LI><a href="#[27]">TIM1_TRG_COM_IRQHandler</a> from startup_stm32f10x_cl.o(.text) referenced from startup_stm32f10x_cl.o(RESET)
 <LI><a href="#[26]">TIM1_UP_IRQHandler</a> from startup_stm32f10x_cl.o(.text) referenced from startup_stm32f10x_cl.o(RESET)
 <LI><a href="#[29]">TIM2_IRQHandler</a> from stm32f107.o(i.TIM2_IRQHandler) referenced from startup_stm32f10x_cl.o(RESET)
 <LI><a href="#[2a]">TIM3_IRQHandler</a> from startup_stm32f10x_cl.o(.text) referenced from startup_stm32f10x_cl.o(RESET)
 <LI><a href="#[2b]">TIM4_IRQHandler</a> from startup_stm32f10x_cl.o(.text) referenced from startup_stm32f10x_cl.o(RESET)
 <LI><a href="#[38]">TIM5_IRQHandler</a> from startup_stm32f10x_cl.o(.text) referenced from startup_stm32f10x_cl.o(RESET)
 <LI><a href="#[3c]">TIM6_IRQHandler</a> from startup_stm32f10x_cl.o(.text) referenced from startup_stm32f10x_cl.o(RESET)
 <LI><a href="#[3d]">TIM7_IRQHandler</a> from startup_stm32f10x_cl.o(.text) referenced from startup_stm32f10x_cl.o(RESET)
 <LI><a href="#[3a]">UART4_IRQHandler</a> from startup_stm32f10x_cl.o(.text) referenced from startup_stm32f10x_cl.o(RESET)
 <LI><a href="#[3b]">UART5_IRQHandler</a> from startup_stm32f10x_cl.o(.text) referenced from startup_stm32f10x_cl.o(RESET)
 <LI><a href="#[32]">USART1_IRQHandler</a> from sci.o(i.USART1_IRQHandler) referenced from startup_stm32f10x_cl.o(RESET)
 <LI><a href="#[33]">USART2_IRQHandler</a> from sci.o(i.USART2_IRQHandler) referenced from startup_stm32f10x_cl.o(RESET)
 <LI><a href="#[34]">USART3_IRQHandler</a> from startup_stm32f10x_cl.o(.text) referenced from startup_stm32f10x_cl.o(RESET)
 <LI><a href="#[8]">UsageFault_Handler</a> from stm32f10x_it.o(i.UsageFault_Handler) referenced from startup_stm32f10x_cl.o(RESET)
 <LI><a href="#[d]">WWDG_IRQHandler</a> from startup_stm32f10x_cl.o(.text) referenced from startup_stm32f10x_cl.o(RESET)
 <LI><a href="#[55]">__main</a> from __main.o(!!!main) referenced from startup_stm32f10x_cl.o(.text)
 <LI><a href="#[4c]">_printf_input_char</a> from _printf_char_common.o(.text) referenced from _printf_char_common.o(.text)
 <LI><a href="#[4b]">_sputc</a> from _sputc.o(.text) referenced from noretval__2sprintf.o(.text)
 <LI><a href="#[51]">dhcp_recv</a> from dhcp.o(i.dhcp_recv) referenced from dhcp.o(i.dhcp_start)
 <LI><a href="#[52]">etharp_output</a> from etharp.o(i.etharp_output) referenced from ethernetif.o(i.ethernetif_init)
 <LI><a href="#[4d]">ethernet_input</a> from etharp.o(i.ethernet_input) referenced from netconf.o(i.LwIP_Init)
 <LI><a href="#[4e]">ethernetif_init</a> from ethernetif.o(i.ethernetif_init) referenced from netconf.o(i.LwIP_Init)
 <LI><a href="#[53]">low_level_output</a> from ethernetif.o(i.low_level_output) referenced from ethernetif.o(i.ethernetif_init)
 <LI><a href="#[54]">tcp_recv_null</a> from tcp.o(i.tcp_recv_null) referenced from tcp.o(i.tcp_alloc)
</UL>
<P>
<H3>
Global Symbols
</H3>
<P><STRONG><a name="[55]"></a>__main</STRONG> (Thumb, 8 bytes, Stack size 0 bytes, __main.o(!!!main))
<BR><BR>[Calls]<UL><LI><a href="#[56]">&gt;&gt;</a>&nbsp;&nbsp;&nbsp;__scatterload
<LI><a href="#[57]">&gt;&gt;</a>&nbsp;&nbsp;&nbsp;__rt_entry
</UL>

<P><STRONG><a name="[56]"></a>__scatterload</STRONG> (Thumb, 0 bytes, Stack size unknown bytes, __scatter.o(!!!scatter))
<BR><BR>[Called By]<UL><LI><a href="#[55]">&gt;&gt;</a>&nbsp;&nbsp;&nbsp;__main
</UL>

<P><STRONG><a name="[58]"></a>__scatterload_rt2</STRONG> (Thumb, 44 bytes, Stack size unknown bytes, __scatter.o(!!!scatter), UNUSED)
<BR><BR>[Calls]<UL><LI><a href="#[57]">&gt;&gt;</a>&nbsp;&nbsp;&nbsp;__rt_entry
</UL>

<P><STRONG><a name="[139]"></a>__scatterload_rt2_thumb_only</STRONG> (Thumb, 0 bytes, Stack size unknown bytes, __scatter.o(!!!scatter), UNUSED)

<P><STRONG><a name="[13a]"></a>__scatterload_null</STRONG> (Thumb, 0 bytes, Stack size unknown bytes, __scatter.o(!!!scatter), UNUSED)

<P><STRONG><a name="[59]"></a>__scatterload_copy</STRONG> (Thumb, 26 bytes, Stack size unknown bytes, __scatter_copy.o(!!handler_copy), UNUSED)
<BR><BR>[Calls]<UL><LI><a href="#[59]">&gt;&gt;</a>&nbsp;&nbsp;&nbsp;__scatterload_copy
</UL>
<BR>[Called By]<UL><LI><a href="#[59]">&gt;&gt;</a>&nbsp;&nbsp;&nbsp;__scatterload_copy
</UL>

<P><STRONG><a name="[13b]"></a>__scatterload_zeroinit</STRONG> (Thumb, 28 bytes, Stack size unknown bytes, __scatter_zi.o(!!handler_zi), UNUSED)

<P><STRONG><a name="[5a]"></a>_printf_d</STRONG> (Thumb, 0 bytes, Stack size unknown bytes, _printf_d.o(.ARM.Collect$$_printf_percent$$00000009))
<BR><BR>[Stack]<UL><LI>Max Depth = 56 + Unknown Stack Size
<LI>Call Chain = _printf_d &rArr; _printf_int_dec &rArr; _printf_int_common
</UL>
<BR>[Calls]<UL><LI><a href="#[5b]">&gt;&gt;</a>&nbsp;&nbsp;&nbsp;_printf_int_dec
</UL>

<P><STRONG><a name="[6a]"></a>_printf_percent</STRONG> (Thumb, 0 bytes, Stack size unknown bytes, _printf_percent.o(.ARM.Collect$$_printf_percent$$00000000))
<BR><BR>[Called By]<UL><LI><a href="#[69]">&gt;&gt;</a>&nbsp;&nbsp;&nbsp;__printf
</UL>

<P><STRONG><a name="[13c]"></a>_printf_percent_end</STRONG> (Thumb, 0 bytes, Stack size unknown bytes, _printf_percent_end.o(.ARM.Collect$$_printf_percent$$00000017))

<P><STRONG><a name="[5f]"></a>__rt_lib_init</STRONG> (Thumb, 0 bytes, Stack size unknown bytes, libinit.o(.ARM.Collect$$libinit$$00000000))
<BR><BR>[Called By]<UL><LI><a href="#[5e]">&gt;&gt;</a>&nbsp;&nbsp;&nbsp;__rt_entry_li
</UL>

<P><STRONG><a name="[13d]"></a>__rt_lib_init_alloca_1</STRONG> (Thumb, 0 bytes, Stack size unknown bytes, libinit2.o(.ARM.Collect$$libinit$$0000002E))

<P><STRONG><a name="[13e]"></a>__rt_lib_init_argv_1</STRONG> (Thumb, 0 bytes, Stack size unknown bytes, libinit2.o(.ARM.Collect$$libinit$$0000002C))

<P><STRONG><a name="[13f]"></a>__rt_lib_init_atexit_1</STRONG> (Thumb, 0 bytes, Stack size unknown bytes, libinit2.o(.ARM.Collect$$libinit$$0000001B))

<P><STRONG><a name="[140]"></a>__rt_lib_init_clock_1</STRONG> (Thumb, 0 bytes, Stack size unknown bytes, libinit2.o(.ARM.Collect$$libinit$$00000021))

<P><STRONG><a name="[141]"></a>__rt_lib_init_cpp_1</STRONG> (Thumb, 0 bytes, Stack size unknown bytes, libinit2.o(.ARM.Collect$$libinit$$00000032))

<P><STRONG><a name="[142]"></a>__rt_lib_init_exceptions_1</STRONG> (Thumb, 0 bytes, Stack size unknown bytes, libinit2.o(.ARM.Collect$$libinit$$00000030))

<P><STRONG><a name="[143]"></a>__rt_lib_init_fp_1</STRONG> (Thumb, 0 bytes, Stack size unknown bytes, libinit2.o(.ARM.Collect$$libinit$$00000002))

<P><STRONG><a name="[144]"></a>__rt_lib_init_fp_trap_1</STRONG> (Thumb, 0 bytes, Stack size unknown bytes, libinit2.o(.ARM.Collect$$libinit$$0000001F))

<P><STRONG><a name="[145]"></a>__rt_lib_init_getenv_1</STRONG> (Thumb, 0 bytes, Stack size unknown bytes, libinit2.o(.ARM.Collect$$libinit$$00000023))

<P><STRONG><a name="[146]"></a>__rt_lib_init_heap_1</STRONG> (Thumb, 0 bytes, Stack size unknown bytes, libinit2.o(.ARM.Collect$$libinit$$0000000A))

<P><STRONG><a name="[147]"></a>__rt_lib_init_lc_collate_1</STRONG> (Thumb, 0 bytes, Stack size unknown bytes, libinit2.o(.ARM.Collect$$libinit$$00000011))

<P><STRONG><a name="[148]"></a>__rt_lib_init_lc_ctype_1</STRONG> (Thumb, 0 bytes, Stack size unknown bytes, libinit2.o(.ARM.Collect$$libinit$$00000013))

<P><STRONG><a name="[149]"></a>__rt_lib_init_lc_monetary_1</STRONG> (Thumb, 0 bytes, Stack size unknown bytes, libinit2.o(.ARM.Collect$$libinit$$00000015))

<P><STRONG><a name="[14a]"></a>__rt_lib_init_lc_numeric_1</STRONG> (Thumb, 0 bytes, Stack size unknown bytes, libinit2.o(.ARM.Collect$$libinit$$00000017))

<P><STRONG><a name="[14b]"></a>__rt_lib_init_lc_time_1</STRONG> (Thumb, 0 bytes, Stack size unknown bytes, libinit2.o(.ARM.Collect$$libinit$$00000019))

<P><STRONG><a name="[14c]"></a>__rt_lib_init_preinit_1</STRONG> (Thumb, 0 bytes, Stack size unknown bytes, libinit2.o(.ARM.Collect$$libinit$$00000004))

<P><STRONG><a name="[14d]"></a>__rt_lib_init_rand_1</STRONG> (Thumb, 0 bytes, Stack size unknown bytes, libinit2.o(.ARM.Collect$$libinit$$0000000E))

<P><STRONG><a name="[14e]"></a>__rt_lib_init_return</STRONG> (Thumb, 0 bytes, Stack size unknown bytes, libinit2.o(.ARM.Collect$$libinit$$00000033))

<P><STRONG><a name="[14f]"></a>__rt_lib_init_signal_1</STRONG> (Thumb, 0 bytes, Stack size unknown bytes, libinit2.o(.ARM.Collect$$libinit$$0000001D))

<P><STRONG><a name="[150]"></a>__rt_lib_init_stdio_1</STRONG> (Thumb, 0 bytes, Stack size unknown bytes, libinit2.o(.ARM.Collect$$libinit$$00000025))

<P><STRONG><a name="[151]"></a>__rt_lib_init_user_alloc_1</STRONG> (Thumb, 0 bytes, Stack size unknown bytes, libinit2.o(.ARM.Collect$$libinit$$0000000C))

<P><STRONG><a name="[64]"></a>__rt_lib_shutdown</STRONG> (Thumb, 0 bytes, Stack size unknown bytes, libshutdown.o(.ARM.Collect$$libshutdown$$00000000))
<BR><BR>[Called By]<UL><LI><a href="#[63]">&gt;&gt;</a>&nbsp;&nbsp;&nbsp;__rt_exit_ls
</UL>

<P><STRONG><a name="[152]"></a>__rt_lib_shutdown_cpp_1</STRONG> (Thumb, 0 bytes, Stack size unknown bytes, libshutdown2.o(.ARM.Collect$$libshutdown$$00000002))

<P><STRONG><a name="[153]"></a>__rt_lib_shutdown_fp_trap_1</STRONG> (Thumb, 0 bytes, Stack size unknown bytes, libshutdown2.o(.ARM.Collect$$libshutdown$$00000007))

<P><STRONG><a name="[154]"></a>__rt_lib_shutdown_heap_1</STRONG> (Thumb, 0 bytes, Stack size unknown bytes, libshutdown2.o(.ARM.Collect$$libshutdown$$0000000F))

<P><STRONG><a name="[155]"></a>__rt_lib_shutdown_return</STRONG> (Thumb, 0 bytes, Stack size unknown bytes, libshutdown2.o(.ARM.Collect$$libshutdown$$00000010))

<P><STRONG><a name="[156]"></a>__rt_lib_shutdown_signal_1</STRONG> (Thumb, 0 bytes, Stack size unknown bytes, libshutdown2.o(.ARM.Collect$$libshutdown$$0000000A))

<P><STRONG><a name="[157]"></a>__rt_lib_shutdown_stdio_1</STRONG> (Thumb, 0 bytes, Stack size unknown bytes, libshutdown2.o(.ARM.Collect$$libshutdown$$00000004))

<P><STRONG><a name="[158]"></a>__rt_lib_shutdown_user_alloc_1</STRONG> (Thumb, 0 bytes, Stack size unknown bytes, libshutdown2.o(.ARM.Collect$$libshutdown$$0000000C))

<P><STRONG><a name="[57]"></a>__rt_entry</STRONG> (Thumb, 0 bytes, Stack size unknown bytes, __rtentry.o(.ARM.Collect$$rtentry$$00000000))
<BR><BR>[Called By]<UL><LI><a href="#[58]">&gt;&gt;</a>&nbsp;&nbsp;&nbsp;__scatterload_rt2
<LI><a href="#[55]">&gt;&gt;</a>&nbsp;&nbsp;&nbsp;__main
</UL>

<P><STRONG><a name="[159]"></a>__rt_entry_presh_1</STRONG> (Thumb, 0 bytes, Stack size unknown bytes, __rtentry2.o(.ARM.Collect$$rtentry$$00000002))

<P><STRONG><a name="[5c]"></a>__rt_entry_sh</STRONG> (Thumb, 0 bytes, Stack size unknown bytes, __rtentry4.o(.ARM.Collect$$rtentry$$00000004))
<BR><BR>[Stack]<UL><LI>Max Depth = 8 + Unknown Stack Size
<LI>Call Chain = __rt_entry_sh &rArr; __user_setup_stackheap
</UL>
<BR>[Calls]<UL><LI><a href="#[5d]">&gt;&gt;</a>&nbsp;&nbsp;&nbsp;__user_setup_stackheap
</UL>

<P><STRONG><a name="[5e]"></a>__rt_entry_li</STRONG> (Thumb, 0 bytes, Stack size unknown bytes, __rtentry2.o(.ARM.Collect$$rtentry$$0000000A))
<BR><BR>[Calls]<UL><LI><a href="#[5f]">&gt;&gt;</a>&nbsp;&nbsp;&nbsp;__rt_lib_init
</UL>

<P><STRONG><a name="[15a]"></a>__rt_entry_postsh_1</STRONG> (Thumb, 0 bytes, Stack size unknown bytes, __rtentry2.o(.ARM.Collect$$rtentry$$00000009))

<P><STRONG><a name="[60]"></a>__rt_entry_main</STRONG> (Thumb, 0 bytes, Stack size unknown bytes, __rtentry2.o(.ARM.Collect$$rtentry$$0000000D))
<BR><BR>[Stack]<UL><LI>Max Depth = 468 + Unknown Stack Size
<LI>Call Chain = __rt_entry_main &rArr; main &rArr; LwIP_Init &rArr; netif_add &rArr; netif_set_addr &rArr; netif_set_ipaddr &rArr; tcp_abandon &rArr; tcp_pcb_remove &rArr; tcp_output &rArr; tcp_output_segment &rArr; ip_output &rArr; ip_output_if &rArr; ip_frag &rArr; pbuf_alloc &rArr; pbuf_free &rArr; mem_free &rArr; plug_holes
</UL>
<BR>[Calls]<UL><LI><a href="#[61]">&gt;&gt;</a>&nbsp;&nbsp;&nbsp;main
<LI><a href="#[62]">&gt;&gt;</a>&nbsp;&nbsp;&nbsp;exit
</UL>

<P><STRONG><a name="[15b]"></a>__rt_entry_postli_1</STRONG> (Thumb, 0 bytes, Stack size unknown bytes, __rtentry2.o(.ARM.Collect$$rtentry$$0000000C))

<P><STRONG><a name="[70]"></a>__rt_exit</STRONG> (Thumb, 0 bytes, Stack size unknown bytes, rtexit.o(.ARM.Collect$$rtexit$$00000000))
<BR><BR>[Called By]<UL><LI><a href="#[62]">&gt;&gt;</a>&nbsp;&nbsp;&nbsp;exit
</UL>

<P><STRONG><a name="[63]"></a>__rt_exit_ls</STRONG> (Thumb, 0 bytes, Stack size unknown bytes, rtexit2.o(.ARM.Collect$$rtexit$$00000003))
<BR><BR>[Calls]<UL><LI><a href="#[64]">&gt;&gt;</a>&nbsp;&nbsp;&nbsp;__rt_lib_shutdown
</UL>

<P><STRONG><a name="[15c]"></a>__rt_exit_prels_1</STRONG> (Thumb, 0 bytes, Stack size unknown bytes, rtexit2.o(.ARM.Collect$$rtexit$$00000002))

<P><STRONG><a name="[65]"></a>__rt_exit_exit</STRONG> (Thumb, 0 bytes, Stack size unknown bytes, rtexit2.o(.ARM.Collect$$rtexit$$00000004))
<BR><BR>[Calls]<UL><LI><a href="#[66]">&gt;&gt;</a>&nbsp;&nbsp;&nbsp;_sys_exit
</UL>

<P><STRONG><a name="[3]"></a>Reset_Handler</STRONG> (Thumb, 4 bytes, Stack size 0 bytes, startup_stm32f10x_cl.o(.text))
<BR>[Address Reference Count : 1]<UL><LI> startup_stm32f10x_cl.o(RESET)
</UL>
<P><STRONG><a name="[1f]"></a>ADC1_2_IRQHandler</STRONG> (Thumb, 0 bytes, Stack size 0 bytes, startup_stm32f10x_cl.o(.text))
<BR><BR>[Calls]<UL><LI><a href="#[1f]">&gt;&gt;</a>&nbsp;&nbsp;&nbsp;ADC1_2_IRQHandler
</UL>
<BR>[Called By]<UL><LI><a href="#[1f]">&gt;&gt;</a>&nbsp;&nbsp;&nbsp;ADC1_2_IRQHandler
</UL>
<BR>[Address Reference Count : 1]<UL><LI> startup_stm32f10x_cl.o(RESET)
</UL>
<P><STRONG><a name="[21]"></a>CAN1_RX0_IRQHandler</STRONG> (Thumb, 0 bytes, Stack size 0 bytes, startup_stm32f10x_cl.o(.text))
<BR>[Address Reference Count : 1]<UL><LI> startup_stm32f10x_cl.o(RESET)
</UL>
<P><STRONG><a name="[22]"></a>CAN1_RX1_IRQHandler</STRONG> (Thumb, 0 bytes, Stack size 0 bytes, startup_stm32f10x_cl.o(.text))
<BR>[Address Reference Count : 1]<UL><LI> startup_stm32f10x_cl.o(RESET)
</UL>
<P><STRONG><a name="[23]"></a>CAN1_SCE_IRQHandler</STRONG> (Thumb, 0 bytes, Stack size 0 bytes, startup_stm32f10x_cl.o(.text))
<BR>[Address Reference Count : 1]<UL><LI> startup_stm32f10x_cl.o(RESET)
</UL>
<P><STRONG><a name="[20]"></a>CAN1_TX_IRQHandler</STRONG> (Thumb, 0 bytes, Stack size 0 bytes, startup_stm32f10x_cl.o(.text))
<BR>[Address Reference Count : 1]<UL><LI> startup_stm32f10x_cl.o(RESET)
</UL>
<P><STRONG><a name="[46]"></a>CAN2_RX0_IRQHandler</STRONG> (Thumb, 0 bytes, Stack size 0 bytes, startup_stm32f10x_cl.o(.text))
<BR>[Address Reference Count : 1]<UL><LI> startup_stm32f10x_cl.o(RESET)
</UL>
<P><STRONG><a name="[47]"></a>CAN2_RX1_IRQHandler</STRONG> (Thumb, 0 bytes, Stack size 0 bytes, startup_stm32f10x_cl.o(.text))
<BR>[Address Reference Count : 1]<UL><LI> startup_stm32f10x_cl.o(RESET)
</UL>
<P><STRONG><a name="[48]"></a>CAN2_SCE_IRQHandler</STRONG> (Thumb, 0 bytes, Stack size 0 bytes, startup_stm32f10x_cl.o(.text))
<BR>[Address Reference Count : 1]<UL><LI> startup_stm32f10x_cl.o(RESET)
</UL>
<P><STRONG><a name="[45]"></a>CAN2_TX_IRQHandler</STRONG> (Thumb, 0 bytes, Stack size 0 bytes, startup_stm32f10x_cl.o(.text))
<BR>[Address Reference Count : 1]<UL><LI> startup_stm32f10x_cl.o(RESET)
</UL>
<P><STRONG><a name="[18]"></a>DMA1_Channel1_IRQHandler</STRONG> (Thumb, 0 bytes, Stack size 0 bytes, startup_stm32f10x_cl.o(.text))
<BR>[Address Reference Count : 1]<UL><LI> startup_stm32f10x_cl.o(RESET)
</UL>
<P><STRONG><a name="[19]"></a>DMA1_Channel2_IRQHandler</STRONG> (Thumb, 0 bytes, Stack size 0 bytes, startup_stm32f10x_cl.o(.text))
<BR>[Address Reference Count : 1]<UL><LI> startup_stm32f10x_cl.o(RESET)
</UL>
<P><STRONG><a name="[1a]"></a>DMA1_Channel3_IRQHandler</STRONG> (Thumb, 0 bytes, Stack size 0 bytes, startup_stm32f10x_cl.o(.text))
<BR>[Address Reference Count : 1]<UL><LI> startup_stm32f10x_cl.o(RESET)
</UL>
<P><STRONG><a name="[1b]"></a>DMA1_Channel4_IRQHandler</STRONG> (Thumb, 0 bytes, Stack size 0 bytes, startup_stm32f10x_cl.o(.text))
<BR>[Address Reference Count : 1]<UL><LI> startup_stm32f10x_cl.o(RESET)
</UL>
<P><STRONG><a name="[1c]"></a>DMA1_Channel5_IRQHandler</STRONG> (Thumb, 0 bytes, Stack size 0 bytes, startup_stm32f10x_cl.o(.text))
<BR>[Address Reference Count : 1]<UL><LI> startup_stm32f10x_cl.o(RESET)
</UL>
<P><STRONG><a name="[1d]"></a>DMA1_Channel6_IRQHandler</STRONG> (Thumb, 0 bytes, Stack size 0 bytes, startup_stm32f10x_cl.o(.text))
<BR>[Address Reference Count : 1]<UL><LI> startup_stm32f10x_cl.o(RESET)
</UL>
<P><STRONG><a name="[1e]"></a>DMA1_Channel7_IRQHandler</STRONG> (Thumb, 0 bytes, Stack size 0 bytes, startup_stm32f10x_cl.o(.text))
<BR>[Address Reference Count : 1]<UL><LI> startup_stm32f10x_cl.o(RESET)
</UL>
<P><STRONG><a name="[3e]"></a>DMA2_Channel1_IRQHandler</STRONG> (Thumb, 0 bytes, Stack size 0 bytes, startup_stm32f10x_cl.o(.text))
<BR>[Address Reference Count : 1]<UL><LI> startup_stm32f10x_cl.o(RESET)
</UL>
<P><STRONG><a name="[3f]"></a>DMA2_Channel2_IRQHandler</STRONG> (Thumb, 0 bytes, Stack size 0 bytes, startup_stm32f10x_cl.o(.text))
<BR>[Address Reference Count : 1]<UL><LI> startup_stm32f10x_cl.o(RESET)
</UL>
<P><STRONG><a name="[40]"></a>DMA2_Channel3_IRQHandler</STRONG> (Thumb, 0 bytes, Stack size 0 bytes, startup_stm32f10x_cl.o(.text))
<BR>[Address Reference Count : 1]<UL><LI> startup_stm32f10x_cl.o(RESET)
</UL>
<P><STRONG><a name="[41]"></a>DMA2_Channel4_IRQHandler</STRONG> (Thumb, 0 bytes, Stack size 0 bytes, startup_stm32f10x_cl.o(.text))
<BR>[Address Reference Count : 1]<UL><LI> startup_stm32f10x_cl.o(RESET)
</UL>
<P><STRONG><a name="[42]"></a>DMA2_Channel5_IRQHandler</STRONG> (Thumb, 0 bytes, Stack size 0 bytes, startup_stm32f10x_cl.o(.text))
<BR>[Address Reference Count : 1]<UL><LI> startup_stm32f10x_cl.o(RESET)
</UL>
<P><STRONG><a name="[44]"></a>ETH_WKUP_IRQHandler</STRONG> (Thumb, 0 bytes, Stack size 0 bytes, startup_stm32f10x_cl.o(.text))
<BR>[Address Reference Count : 1]<UL><LI> startup_stm32f10x_cl.o(RESET)
</UL>
<P><STRONG><a name="[13]"></a>EXTI0_IRQHandler</STRONG> (Thumb, 0 bytes, Stack size 0 bytes, startup_stm32f10x_cl.o(.text))
<BR>[Address Reference Count : 1]<UL><LI> startup_stm32f10x_cl.o(RESET)
</UL>
<P><STRONG><a name="[14]"></a>EXTI1_IRQHandler</STRONG> (Thumb, 0 bytes, Stack size 0 bytes, startup_stm32f10x_cl.o(.text))
<BR>[Address Reference Count : 1]<UL><LI> startup_stm32f10x_cl.o(RESET)
</UL>
<P><STRONG><a name="[15]"></a>EXTI2_IRQHandler</STRONG> (Thumb, 0 bytes, Stack size 0 bytes, startup_stm32f10x_cl.o(.text))
<BR>[Address Reference Count : 1]<UL><LI> startup_stm32f10x_cl.o(RESET)
</UL>
<P><STRONG><a name="[16]"></a>EXTI3_IRQHandler</STRONG> (Thumb, 0 bytes, Stack size 0 bytes, startup_stm32f10x_cl.o(.text))
<BR>[Address Reference Count : 1]<UL><LI> startup_stm32f10x_cl.o(RESET)
</UL>
<P><STRONG><a name="[17]"></a>EXTI4_IRQHandler</STRONG> (Thumb, 0 bytes, Stack size 0 bytes, startup_stm32f10x_cl.o(.text))
<BR>[Address Reference Count : 1]<UL><LI> startup_stm32f10x_cl.o(RESET)
</UL>
<P><STRONG><a name="[24]"></a>EXTI9_5_IRQHandler</STRONG> (Thumb, 0 bytes, Stack size 0 bytes, startup_stm32f10x_cl.o(.text))
<BR>[Address Reference Count : 1]<UL><LI> startup_stm32f10x_cl.o(RESET)
</UL>
<P><STRONG><a name="[11]"></a>FLASH_IRQHandler</STRONG> (Thumb, 0 bytes, Stack size 0 bytes, startup_stm32f10x_cl.o(.text))
<BR>[Address Reference Count : 1]<UL><LI> startup_stm32f10x_cl.o(RESET)
</UL>
<P><STRONG><a name="[2d]"></a>I2C1_ER_IRQHandler</STRONG> (Thumb, 0 bytes, Stack size 0 bytes, startup_stm32f10x_cl.o(.text))
<BR>[Address Reference Count : 1]<UL><LI> startup_stm32f10x_cl.o(RESET)
</UL>
<P><STRONG><a name="[2c]"></a>I2C1_EV_IRQHandler</STRONG> (Thumb, 0 bytes, Stack size 0 bytes, startup_stm32f10x_cl.o(.text))
<BR>[Address Reference Count : 1]<UL><LI> startup_stm32f10x_cl.o(RESET)
</UL>
<P><STRONG><a name="[2f]"></a>I2C2_ER_IRQHandler</STRONG> (Thumb, 0 bytes, Stack size 0 bytes, startup_stm32f10x_cl.o(.text))
<BR>[Address Reference Count : 1]<UL><LI> startup_stm32f10x_cl.o(RESET)
</UL>
<P><STRONG><a name="[2e]"></a>I2C2_EV_IRQHandler</STRONG> (Thumb, 0 bytes, Stack size 0 bytes, startup_stm32f10x_cl.o(.text))
<BR>[Address Reference Count : 1]<UL><LI> startup_stm32f10x_cl.o(RESET)
</UL>
<P><STRONG><a name="[49]"></a>OTG_FS_IRQHandler</STRONG> (Thumb, 0 bytes, Stack size 0 bytes, startup_stm32f10x_cl.o(.text))
<BR>[Address Reference Count : 1]<UL><LI> startup_stm32f10x_cl.o(RESET)
</UL>
<P><STRONG><a name="[37]"></a>OTG_FS_WKUP_IRQHandler</STRONG> (Thumb, 0 bytes, Stack size 0 bytes, startup_stm32f10x_cl.o(.text))
<BR>[Address Reference Count : 1]<UL><LI> startup_stm32f10x_cl.o(RESET)
</UL>
<P><STRONG><a name="[e]"></a>PVD_IRQHandler</STRONG> (Thumb, 0 bytes, Stack size 0 bytes, startup_stm32f10x_cl.o(.text))
<BR>[Address Reference Count : 1]<UL><LI> startup_stm32f10x_cl.o(RESET)
</UL>
<P><STRONG><a name="[12]"></a>RCC_IRQHandler</STRONG> (Thumb, 0 bytes, Stack size 0 bytes, startup_stm32f10x_cl.o(.text))
<BR>[Address Reference Count : 1]<UL><LI> startup_stm32f10x_cl.o(RESET)
</UL>
<P><STRONG><a name="[36]"></a>RTCAlarm_IRQHandler</STRONG> (Thumb, 0 bytes, Stack size 0 bytes, startup_stm32f10x_cl.o(.text))
<BR>[Address Reference Count : 1]<UL><LI> startup_stm32f10x_cl.o(RESET)
</UL>
<P><STRONG><a name="[10]"></a>RTC_IRQHandler</STRONG> (Thumb, 0 bytes, Stack size 0 bytes, startup_stm32f10x_cl.o(.text))
<BR>[Address Reference Count : 1]<UL><LI> startup_stm32f10x_cl.o(RESET)
</UL>
<P><STRONG><a name="[30]"></a>SPI1_IRQHandler</STRONG> (Thumb, 0 bytes, Stack size 0 bytes, startup_stm32f10x_cl.o(.text))
<BR>[Address Reference Count : 1]<UL><LI> startup_stm32f10x_cl.o(RESET)
</UL>
<P><STRONG><a name="[31]"></a>SPI2_IRQHandler</STRONG> (Thumb, 0 bytes, Stack size 0 bytes, startup_stm32f10x_cl.o(.text))
<BR>[Address Reference Count : 1]<UL><LI> startup_stm32f10x_cl.o(RESET)
</UL>
<P><STRONG><a name="[39]"></a>SPI3_IRQHandler</STRONG> (Thumb, 0 bytes, Stack size 0 bytes, startup_stm32f10x_cl.o(.text))
<BR>[Address Reference Count : 1]<UL><LI> startup_stm32f10x_cl.o(RESET)
</UL>
<P><STRONG><a name="[f]"></a>TAMPER_IRQHandler</STRONG> (Thumb, 0 bytes, Stack size 0 bytes, startup_stm32f10x_cl.o(.text))
<BR>[Address Reference Count : 1]<UL><LI> startup_stm32f10x_cl.o(RESET)
</UL>
<P><STRONG><a name="[25]"></a>TIM1_BRK_IRQHandler</STRONG> (Thumb, 0 bytes, Stack size 0 bytes, startup_stm32f10x_cl.o(.text))
<BR>[Address Reference Count : 1]<UL><LI> startup_stm32f10x_cl.o(RESET)
</UL>
<P><STRONG><a name="[28]"></a>TIM1_CC_IRQHandler</STRONG> (Thumb, 0 bytes, Stack size 0 bytes, startup_stm32f10x_cl.o(.text))
<BR>[Address Reference Count : 1]<UL><LI> startup_stm32f10x_cl.o(RESET)
</UL>
<P><STRONG><a name="[27]"></a>TIM1_TRG_COM_IRQHandler</STRONG> (Thumb, 0 bytes, Stack size 0 bytes, startup_stm32f10x_cl.o(.text))
<BR>[Address Reference Count : 1]<UL><LI> startup_stm32f10x_cl.o(RESET)
</UL>
<P><STRONG><a name="[26]"></a>TIM1_UP_IRQHandler</STRONG> (Thumb, 0 bytes, Stack size 0 bytes, startup_stm32f10x_cl.o(.text))
<BR>[Address Reference Count : 1]<UL><LI> startup_stm32f10x_cl.o(RESET)
</UL>
<P><STRONG><a name="[2a]"></a>TIM3_IRQHandler</STRONG> (Thumb, 0 bytes, Stack size 0 bytes, startup_stm32f10x_cl.o(.text))
<BR>[Address Reference Count : 1]<UL><LI> startup_stm32f10x_cl.o(RESET)
</UL>
<P><STRONG><a name="[2b]"></a>TIM4_IRQHandler</STRONG> (Thumb, 0 bytes, Stack size 0 bytes, startup_stm32f10x_cl.o(.text))
<BR>[Address Reference Count : 1]<UL><LI> startup_stm32f10x_cl.o(RESET)
</UL>
<P><STRONG><a name="[38]"></a>TIM5_IRQHandler</STRONG> (Thumb, 0 bytes, Stack size 0 bytes, startup_stm32f10x_cl.o(.text))
<BR>[Address Reference Count : 1]<UL><LI> startup_stm32f10x_cl.o(RESET)
</UL>
<P><STRONG><a name="[3c]"></a>TIM6_IRQHandler</STRONG> (Thumb, 0 bytes, Stack size 0 bytes, startup_stm32f10x_cl.o(.text))
<BR>[Address Reference Count : 1]<UL><LI> startup_stm32f10x_cl.o(RESET)
</UL>
<P><STRONG><a name="[3d]"></a>TIM7_IRQHandler</STRONG> (Thumb, 0 bytes, Stack size 0 bytes, startup_stm32f10x_cl.o(.text))
<BR>[Address Reference Count : 1]<UL><LI> startup_stm32f10x_cl.o(RESET)
</UL>
<P><STRONG><a name="[3a]"></a>UART4_IRQHandler</STRONG> (Thumb, 0 bytes, Stack size 0 bytes, startup_stm32f10x_cl.o(.text))
<BR>[Address Reference Count : 1]<UL><LI> startup_stm32f10x_cl.o(RESET)
</UL>
<P><STRONG><a name="[3b]"></a>UART5_IRQHandler</STRONG> (Thumb, 0 bytes, Stack size 0 bytes, startup_stm32f10x_cl.o(.text))
<BR>[Address Reference Count : 1]<UL><LI> startup_stm32f10x_cl.o(RESET)
</UL>
<P><STRONG><a name="[34]"></a>USART3_IRQHandler</STRONG> (Thumb, 0 bytes, Stack size 0 bytes, startup_stm32f10x_cl.o(.text))
<BR>[Address Reference Count : 1]<UL><LI> startup_stm32f10x_cl.o(RESET)
</UL>
<P><STRONG><a name="[d]"></a>WWDG_IRQHandler</STRONG> (Thumb, 0 bytes, Stack size 0 bytes, startup_stm32f10x_cl.o(.text))
<BR>[Address Reference Count : 1]<UL><LI> startup_stm32f10x_cl.o(RESET)
</UL>
<P><STRONG><a name="[6f]"></a>__user_initial_stackheap</STRONG> (Thumb, 0 bytes, Stack size unknown bytes, startup_stm32f10x_cl.o(.text))
<BR><BR>[Called By]<UL><LI><a href="#[5d]">&gt;&gt;</a>&nbsp;&nbsp;&nbsp;__user_setup_stackheap
</UL>

<P><STRONG><a name="[67]"></a>__2sprintf</STRONG> (Thumb, 34 bytes, Stack size 32 bytes, noretval__2sprintf.o(.text))
<BR><BR>[Stack]<UL><LI>Max Depth = 120 + Unknown Stack Size
<LI>Call Chain = __2sprintf &rArr; _printf_char_common &rArr; __printf
</UL>
<BR>[Calls]<UL><LI><a href="#[4b]">&gt;&gt;</a>&nbsp;&nbsp;&nbsp;_sputc
<LI><a href="#[68]">&gt;&gt;</a>&nbsp;&nbsp;&nbsp;_printf_char_common
</UL>
<BR>[Called By]<UL><LI><a href="#[74]">&gt;&gt;</a>&nbsp;&nbsp;&nbsp;Display_Periodic_Handle
</UL>

<P><STRONG><a name="[69]"></a>__printf</STRONG> (Thumb, 104 bytes, Stack size 24 bytes, __printf.o(.text))
<BR><BR>[Stack]<UL><LI>Max Depth = 24 + Unknown Stack Size
<LI>Call Chain = __printf
</UL>
<BR>[Calls]<UL><LI><a href="#[6a]">&gt;&gt;</a>&nbsp;&nbsp;&nbsp;_printf_percent
</UL>
<BR>[Called By]<UL><LI><a href="#[68]">&gt;&gt;</a>&nbsp;&nbsp;&nbsp;_printf_char_common
</UL>

<P><STRONG><a name="[5b]"></a>_printf_int_dec</STRONG> (Thumb, 104 bytes, Stack size 24 bytes, _printf_dec.o(.text))
<BR><BR>[Stack]<UL><LI>Max Depth = 56<LI>Call Chain = _printf_int_dec &rArr; _printf_int_common
</UL>
<BR>[Calls]<UL><LI><a href="#[6b]">&gt;&gt;</a>&nbsp;&nbsp;&nbsp;_printf_int_common
</UL>
<BR>[Called By]<UL><LI><a href="#[5a]">&gt;&gt;</a>&nbsp;&nbsp;&nbsp;_printf_d
</UL>

<P><STRONG><a name="[fd]"></a>__aeabi_memcpy</STRONG> (Thumb, 0 bytes, Stack size 0 bytes, rt_memcpy_v6.o(.text))
<BR><BR>[Called By]<UL><LI><a href="#[a0]">&gt;&gt;</a>&nbsp;&nbsp;&nbsp;ethernetif_input
<LI><a href="#[10c]">&gt;&gt;</a>&nbsp;&nbsp;&nbsp;ip_reass
<LI><a href="#[109]">&gt;&gt;</a>&nbsp;&nbsp;&nbsp;ip_frag
<LI><a href="#[100]">&gt;&gt;</a>&nbsp;&nbsp;&nbsp;icmp_send_response
<LI><a href="#[f5]">&gt;&gt;</a>&nbsp;&nbsp;&nbsp;pbuf_copy
<LI><a href="#[eb]">&gt;&gt;</a>&nbsp;&nbsp;&nbsp;pbuf_copy_partial
<LI><a href="#[129]">&gt;&gt;</a>&nbsp;&nbsp;&nbsp;tcp_enqueue
<LI><a href="#[53]">&gt;&gt;</a>&nbsp;&nbsp;&nbsp;low_level_output
<LI><a href="#[116]">&gt;&gt;</a>&nbsp;&nbsp;&nbsp;ip_reass_free_complete_datagram
</UL>

<P><STRONG><a name="[6c]"></a>__rt_memcpy</STRONG> (Thumb, 138 bytes, Stack size 0 bytes, rt_memcpy_v6.o(.text), UNUSED)
<BR><BR>[Calls]<UL><LI><a href="#[6d]">&gt;&gt;</a>&nbsp;&nbsp;&nbsp;__aeabi_memcpy4
</UL>

<P><STRONG><a name="[15d]"></a>_memcpy_lastbytes</STRONG> (Thumb, 0 bytes, Stack size unknown bytes, rt_memcpy_v6.o(.text), UNUSED)

<P><STRONG><a name="[6d]"></a>__aeabi_memcpy4</STRONG> (Thumb, 0 bytes, Stack size 8 bytes, rt_memcpy_w.o(.text))
<BR><BR>[Stack]<UL><LI>Max Depth = 8<LI>Call Chain = __aeabi_memcpy4
</UL>
<BR>[Called By]<UL><LI><a href="#[61]">&gt;&gt;</a>&nbsp;&nbsp;&nbsp;main
<LI><a href="#[6c]">&gt;&gt;</a>&nbsp;&nbsp;&nbsp;__rt_memcpy
</UL>

<P><STRONG><a name="[15e]"></a>__aeabi_memcpy8</STRONG> (Thumb, 0 bytes, Stack size 8 bytes, rt_memcpy_w.o(.text), UNUSED)

<P><STRONG><a name="[15f]"></a>__rt_memcpy_w</STRONG> (Thumb, 100 bytes, Stack size 8 bytes, rt_memcpy_w.o(.text), UNUSED)

<P><STRONG><a name="[160]"></a>_memcpy_lastbytes_aligned</STRONG> (Thumb, 0 bytes, Stack size unknown bytes, rt_memcpy_w.o(.text), UNUSED)

<P><STRONG><a name="[e5]"></a>__aeabi_memclr4</STRONG> (Thumb, 0 bytes, Stack size 4 bytes, rt_memclr_w.o(.text))
<BR><BR>[Stack]<UL><LI>Max Depth = 4<LI>Call Chain = __aeabi_memclr4
</UL>
<BR>[Called By]<UL><LI><a href="#[99]">&gt;&gt;</a>&nbsp;&nbsp;&nbsp;dhcp_start
<LI><a href="#[10c]">&gt;&gt;</a>&nbsp;&nbsp;&nbsp;ip_reass
<LI><a href="#[e6]">&gt;&gt;</a>&nbsp;&nbsp;&nbsp;udp_new
<LI><a href="#[124]">&gt;&gt;</a>&nbsp;&nbsp;&nbsp;tcp_alloc
</UL>

<P><STRONG><a name="[161]"></a>__aeabi_memclr8</STRONG> (Thumb, 0 bytes, Stack size 4 bytes, rt_memclr_w.o(.text), UNUSED)

<P><STRONG><a name="[162]"></a>__rt_memclr_w</STRONG> (Thumb, 78 bytes, Stack size 4 bytes, rt_memclr_w.o(.text), UNUSED)

<P><STRONG><a name="[163]"></a>_memset_w</STRONG> (Thumb, 0 bytes, Stack size unknown bytes, rt_memclr_w.o(.text), UNUSED)

<P><STRONG><a name="[164]"></a>__use_two_region_memory</STRONG> (Thumb, 2 bytes, Stack size 0 bytes, heapauxi.o(.text), UNUSED)

<P><STRONG><a name="[165]"></a>__rt_heap_escrow$2region</STRONG> (Thumb, 2 bytes, Stack size 0 bytes, heapauxi.o(.text), UNUSED)

<P><STRONG><a name="[166]"></a>__rt_heap_expand$2region</STRONG> (Thumb, 2 bytes, Stack size 0 bytes, heapauxi.o(.text), UNUSED)

<P><STRONG><a name="[6b]"></a>_printf_int_common</STRONG> (Thumb, 178 bytes, Stack size 32 bytes, _printf_intcommon.o(.text))
<BR><BR>[Stack]<UL><LI>Max Depth = 32<LI>Call Chain = _printf_int_common
</UL>
<BR>[Called By]<UL><LI><a href="#[5b]">&gt;&gt;</a>&nbsp;&nbsp;&nbsp;_printf_int_dec
</UL>

<P><STRONG><a name="[68]"></a>_printf_char_common</STRONG> (Thumb, 32 bytes, Stack size 64 bytes, _printf_char_common.o(.text))
<BR><BR>[Stack]<UL><LI>Max Depth = 88 + Unknown Stack Size
<LI>Call Chain = _printf_char_common &rArr; __printf
</UL>
<BR>[Calls]<UL><LI><a href="#[69]">&gt;&gt;</a>&nbsp;&nbsp;&nbsp;__printf
</UL>
<BR>[Called By]<UL><LI><a href="#[67]">&gt;&gt;</a>&nbsp;&nbsp;&nbsp;__2sprintf
</UL>

<P><STRONG><a name="[4b]"></a>_sputc</STRONG> (Thumb, 10 bytes, Stack size 0 bytes, _sputc.o(.text))
<BR><BR>[Called By]<UL><LI><a href="#[67]">&gt;&gt;</a>&nbsp;&nbsp;&nbsp;__2sprintf
</UL>
<BR>[Address Reference Count : 1]<UL><LI> noretval__2sprintf.o(.text)
</UL>
<P><STRONG><a name="[5d]"></a>__user_setup_stackheap</STRONG> (Thumb, 74 bytes, Stack size 8 bytes, sys_stackheap_outer.o(.text))
<BR><BR>[Stack]<UL><LI>Max Depth = 8 + Unknown Stack Size
<LI>Call Chain = __user_setup_stackheap
</UL>
<BR>[Calls]<UL><LI><a href="#[6e]">&gt;&gt;</a>&nbsp;&nbsp;&nbsp;__user_perproc_libspace
<LI><a href="#[6f]">&gt;&gt;</a>&nbsp;&nbsp;&nbsp;__user_initial_stackheap
</UL>
<BR>[Called By]<UL><LI><a href="#[5c]">&gt;&gt;</a>&nbsp;&nbsp;&nbsp;__rt_entry_sh
</UL>

<P><STRONG><a name="[62]"></a>exit</STRONG> (Thumb, 18 bytes, Stack size 8 bytes, exit.o(.text))
<BR><BR>[Stack]<UL><LI>Max Depth = 8 + Unknown Stack Size
<LI>Call Chain = exit
</UL>
<BR>[Calls]<UL><LI><a href="#[70]">&gt;&gt;</a>&nbsp;&nbsp;&nbsp;__rt_exit
</UL>
<BR>[Called By]<UL><LI><a href="#[60]">&gt;&gt;</a>&nbsp;&nbsp;&nbsp;__rt_entry_main
</UL>

<P><STRONG><a name="[167]"></a>__user_libspace</STRONG> (Thumb, 8 bytes, Stack size 0 bytes, libspace.o(.text), UNUSED)

<P><STRONG><a name="[6e]"></a>__user_perproc_libspace</STRONG> (Thumb, 0 bytes, Stack size 0 bytes, libspace.o(.text))
<BR><BR>[Called By]<UL><LI><a href="#[5d]">&gt;&gt;</a>&nbsp;&nbsp;&nbsp;__user_setup_stackheap
</UL>

<P><STRONG><a name="[168]"></a>__user_perthread_libspace</STRONG> (Thumb, 0 bytes, Stack size 0 bytes, libspace.o(.text), UNUSED)

<P><STRONG><a name="[66]"></a>_sys_exit</STRONG> (Thumb, 8 bytes, Stack size 0 bytes, sys_exit.o(.text))
<BR><BR>[Called By]<UL><LI><a href="#[65]">&gt;&gt;</a>&nbsp;&nbsp;&nbsp;__rt_exit_exit
</UL>

<P><STRONG><a name="[169]"></a>__I$use$semihosting</STRONG> (Thumb, 0 bytes, Stack size 0 bytes, use_no_semi.o(.text), UNUSED)

<P><STRONG><a name="[16a]"></a>__use_no_semihosting_swi</STRONG> (Thumb, 2 bytes, Stack size 0 bytes, use_no_semi.o(.text), UNUSED)

<P><STRONG><a name="[7]"></a>BusFault_Handler</STRONG> (Thumb, 2 bytes, Stack size 0 bytes, stm32f10x_it.o(i.BusFault_Handler))
<BR><BR>[Calls]<UL><LI><a href="#[7]">&gt;&gt;</a>&nbsp;&nbsp;&nbsp;BusFault_Handler
</UL>
<BR>[Called By]<UL><LI><a href="#[7]">&gt;&gt;</a>&nbsp;&nbsp;&nbsp;BusFault_Handler
</UL>
<BR>[Address Reference Count : 1]<UL><LI> startup_stm32f10x_cl.o(RESET)
</UL>
<P><STRONG><a name="[16b]"></a>__semihosting_library_function</STRONG> (Thumb, 0 bytes, Stack size 0 bytes, indicate_semi.o(.text), UNUSED)

<P><STRONG><a name="[71]"></a>Check_TCP_Connect</STRONG> (Thumb, 60 bytes, Stack size 16 bytes, tcp_client.o(i.Check_TCP_Connect))
<BR><BR>[Stack]<UL><LI>Max Depth = 404<LI>Call Chain = Check_TCP_Connect &rArr; TCP_Client_Init &rArr; tcp_new &rArr; tcp_alloc &rArr; tcp_abandon &rArr; tcp_pcb_remove &rArr; tcp_output &rArr; tcp_output_segment &rArr; ip_output &rArr; ip_output_if &rArr; ip_frag &rArr; pbuf_alloc &rArr; pbuf_free &rArr; mem_free &rArr; plug_holes
</UL>
<BR>[Calls]<UL><LI><a href="#[72]">&gt;&gt;</a>&nbsp;&nbsp;&nbsp;TCP_Client_Init
</UL>
<BR>[Called By]<UL><LI><a href="#[61]">&gt;&gt;</a>&nbsp;&nbsp;&nbsp;main
</UL>

<P><STRONG><a name="[a]"></a>DebugMon_Handler</STRONG> (Thumb, 2 bytes, Stack size 0 bytes, stm32f10x_it.o(i.DebugMon_Handler))
<BR>[Address Reference Count : 1]<UL><LI> startup_stm32f10x_cl.o(RESET)
</UL>
<P><STRONG><a name="[73]"></a>Delay_s</STRONG> (Thumb, 6 bytes, Stack size 0 bytes, tcp_client.o(i.Delay_s))
<BR><BR>[Calls]<UL><LI><a href="#[73]">&gt;&gt;</a>&nbsp;&nbsp;&nbsp;Delay_s
</UL>
<BR>[Called By]<UL><LI><a href="#[73]">&gt;&gt;</a>&nbsp;&nbsp;&nbsp;Delay_s
<LI><a href="#[61]">&gt;&gt;</a>&nbsp;&nbsp;&nbsp;main
</UL>

<P><STRONG><a name="[74]"></a>Display_Periodic_Handle</STRONG> (Thumb, 86 bytes, Stack size 40 bytes, netconf.o(i.Display_Periodic_Handle))
<BR><BR>[Stack]<UL><LI>Max Depth = 160 + Unknown Stack Size
<LI>Call Chain = Display_Periodic_Handle &rArr; __2sprintf &rArr; _printf_char_common &rArr; __printf
</UL>
<BR>[Calls]<UL><LI><a href="#[67]">&gt;&gt;</a>&nbsp;&nbsp;&nbsp;__2sprintf
</UL>
<BR>[Called By]<UL><LI><a href="#[a9]">&gt;&gt;</a>&nbsp;&nbsp;&nbsp;System_Periodic_Handle
</UL>

<P><STRONG><a name="[7a]"></a>ETH_DMAClearITPendingBit</STRONG> (Thumb, 6 bytes, Stack size 0 bytes, stm32_eth.o(i.ETH_DMAClearITPendingBit))
<BR><BR>[Called By]<UL><LI><a href="#[43]">&gt;&gt;</a>&nbsp;&nbsp;&nbsp;ETH_IRQHandler
</UL>

<P><STRONG><a name="[8f]"></a>ETH_DMAITConfig</STRONG> (Thumb, 18 bytes, Stack size 0 bytes, stm32_eth.o(i.ETH_DMAITConfig))
<BR><BR>[Called By]<UL><LI><a href="#[86]">&gt;&gt;</a>&nbsp;&nbsp;&nbsp;Ethernet_Configuration
</UL>

<P><STRONG><a name="[85]"></a>ETH_DMAReceptionCmd</STRONG> (Thumb, 22 bytes, Stack size 0 bytes, stm32_eth.o(i.ETH_DMAReceptionCmd))
<BR><BR>[Called By]<UL><LI><a href="#[80]">&gt;&gt;</a>&nbsp;&nbsp;&nbsp;ETH_Start
</UL>

<P><STRONG><a name="[118]"></a>ETH_DMARxDescChainInit</STRONG> (Thumb, 68 bytes, Stack size 20 bytes, stm32_eth.o(i.ETH_DMARxDescChainInit))
<BR><BR>[Stack]<UL><LI>Max Depth = 20<LI>Call Chain = ETH_DMARxDescChainInit
</UL>
<BR>[Called By]<UL><LI><a href="#[fb]">&gt;&gt;</a>&nbsp;&nbsp;&nbsp;low_level_init
</UL>

<P><STRONG><a name="[119]"></a>ETH_DMARxDescReceiveITConfig</STRONG> (Thumb, 18 bytes, Stack size 0 bytes, stm32_eth.o(i.ETH_DMARxDescReceiveITConfig))
<BR><BR>[Called By]<UL><LI><a href="#[fb]">&gt;&gt;</a>&nbsp;&nbsp;&nbsp;low_level_init
</UL>

<P><STRONG><a name="[84]"></a>ETH_DMATransmissionCmd</STRONG> (Thumb, 22 bytes, Stack size 0 bytes, stm32_eth.o(i.ETH_DMATransmissionCmd))
<BR><BR>[Called By]<UL><LI><a href="#[80]">&gt;&gt;</a>&nbsp;&nbsp;&nbsp;ETH_Start
</UL>

<P><STRONG><a name="[117]"></a>ETH_DMATxDescChainInit</STRONG> (Thumb, 62 bytes, Stack size 20 bytes, stm32_eth.o(i.ETH_DMATxDescChainInit))
<BR><BR>[Stack]<UL><LI>Max Depth = 20<LI>Call Chain = ETH_DMATxDescChainInit
</UL>
<BR>[Called By]<UL><LI><a href="#[fb]">&gt;&gt;</a>&nbsp;&nbsp;&nbsp;low_level_init
</UL>

<P><STRONG><a name="[11a]"></a>ETH_DMATxDescChecksumInsertionConfig</STRONG> (Thumb, 8 bytes, Stack size 0 bytes, stm32_eth.o(i.ETH_DMATxDescChecksumInsertionConfig))
<BR><BR>[Called By]<UL><LI><a href="#[fb]">&gt;&gt;</a>&nbsp;&nbsp;&nbsp;low_level_init
</UL>

<P><STRONG><a name="[75]"></a>ETH_DeInit</STRONG> (Thumb, 24 bytes, Stack size 8 bytes, stm32_eth.o(i.ETH_DeInit))
<BR><BR>[Stack]<UL><LI>Max Depth = 8<LI>Call Chain = ETH_DeInit
</UL>
<BR>[Calls]<UL><LI><a href="#[76]">&gt;&gt;</a>&nbsp;&nbsp;&nbsp;RCC_AHBPeriphResetCmd
</UL>
<BR>[Called By]<UL><LI><a href="#[86]">&gt;&gt;</a>&nbsp;&nbsp;&nbsp;Ethernet_Configuration
</UL>

<P><STRONG><a name="[82]"></a>ETH_FlushTransmitFIFO</STRONG> (Thumb, 12 bytes, Stack size 0 bytes, stm32_eth.o(i.ETH_FlushTransmitFIFO))
<BR><BR>[Called By]<UL><LI><a href="#[80]">&gt;&gt;</a>&nbsp;&nbsp;&nbsp;ETH_Start
</UL>

<P><STRONG><a name="[11b]"></a>ETH_GetCurrentTxBuffer</STRONG> (Thumb, 8 bytes, Stack size 0 bytes, ethernetif.o(i.ETH_GetCurrentTxBuffer))
<BR><BR>[Called By]<UL><LI><a href="#[53]">&gt;&gt;</a>&nbsp;&nbsp;&nbsp;low_level_output
</UL>

<P><STRONG><a name="[78]"></a>ETH_GetDMARxDescFrameLength</STRONG> (Thumb, 8 bytes, Stack size 0 bytes, stm32_eth.o(i.ETH_GetDMARxDescFrameLength))
<BR><BR>[Called By]<UL><LI><a href="#[77]">&gt;&gt;</a>&nbsp;&nbsp;&nbsp;ETH_GetRxPktSize
</UL>

<P><STRONG><a name="[77]"></a>ETH_GetRxPktSize</STRONG> (Thumb, 30 bytes, Stack size 0 bytes, stm32_eth.o(i.ETH_GetRxPktSize))
<BR><BR>[Calls]<UL><LI><a href="#[78]">&gt;&gt;</a>&nbsp;&nbsp;&nbsp;ETH_GetDMARxDescFrameLength
</UL>
<BR>[Called By]<UL><LI><a href="#[43]">&gt;&gt;</a>&nbsp;&nbsp;&nbsp;ETH_IRQHandler
</UL>

<P><STRONG><a name="[8d]"></a>ETH_GetSoftwareResetStatus</STRONG> (Thumb, 14 bytes, Stack size 0 bytes, stm32_eth.o(i.ETH_GetSoftwareResetStatus))
<BR><BR>[Called By]<UL><LI><a href="#[86]">&gt;&gt;</a>&nbsp;&nbsp;&nbsp;Ethernet_Configuration
</UL>

<P><STRONG><a name="[43]"></a>ETH_IRQHandler</STRONG> (Thumb, 34 bytes, Stack size 8 bytes, stm32f10x_it.o(i.ETH_IRQHandler))
<BR><BR>[Stack]<UL><LI>Max Depth = 108<LI>Call Chain = ETH_IRQHandler &rArr; LwIP_Pkt_Handle &rArr; ethernetif_input &rArr; pbuf_alloc &rArr; pbuf_free &rArr; mem_free &rArr; plug_holes
</UL>
<BR>[Calls]<UL><LI><a href="#[79]">&gt;&gt;</a>&nbsp;&nbsp;&nbsp;LwIP_Pkt_Handle
<LI><a href="#[77]">&gt;&gt;</a>&nbsp;&nbsp;&nbsp;ETH_GetRxPktSize
<LI><a href="#[7a]">&gt;&gt;</a>&nbsp;&nbsp;&nbsp;ETH_DMAClearITPendingBit
</UL>
<BR>[Address Reference Count : 1]<UL><LI> startup_stm32f10x_cl.o(RESET)
</UL>
<P><STRONG><a name="[7b]"></a>ETH_Init</STRONG> (Thumb, 480 bytes, Stack size 56 bytes, stm32_eth.o(i.ETH_Init))
<BR><BR>[Stack]<UL><LI>Max Depth = 76<LI>Call Chain = ETH_Init &rArr; RCC_GetClocksFreq
</UL>
<BR>[Calls]<UL><LI><a href="#[7c]">&gt;&gt;</a>&nbsp;&nbsp;&nbsp;RCC_GetClocksFreq
<LI><a href="#[7d]">&gt;&gt;</a>&nbsp;&nbsp;&nbsp;ETH_WritePHYRegister
<LI><a href="#[7f]">&gt;&gt;</a>&nbsp;&nbsp;&nbsp;ETH_ReadPHYRegister
<LI><a href="#[7e]">&gt;&gt;</a>&nbsp;&nbsp;&nbsp;ETH_Delay
</UL>
<BR>[Called By]<UL><LI><a href="#[86]">&gt;&gt;</a>&nbsp;&nbsp;&nbsp;Ethernet_Configuration
</UL>

<P><STRONG><a name="[a5]"></a>ETH_MACAddressConfig</STRONG> (Thumb, 22 bytes, Stack size 0 bytes, stm32_eth.o(i.ETH_MACAddressConfig))
<BR><BR>[Called By]<UL><LI><a href="#[96]">&gt;&gt;</a>&nbsp;&nbsp;&nbsp;Set_MAC_Address
</UL>

<P><STRONG><a name="[83]"></a>ETH_MACReceptionCmd</STRONG> (Thumb, 22 bytes, Stack size 0 bytes, stm32_eth.o(i.ETH_MACReceptionCmd))
<BR><BR>[Called By]<UL><LI><a href="#[80]">&gt;&gt;</a>&nbsp;&nbsp;&nbsp;ETH_Start
</UL>

<P><STRONG><a name="[81]"></a>ETH_MACTransmissionCmd</STRONG> (Thumb, 22 bytes, Stack size 0 bytes, stm32_eth.o(i.ETH_MACTransmissionCmd))
<BR><BR>[Called By]<UL><LI><a href="#[80]">&gt;&gt;</a>&nbsp;&nbsp;&nbsp;ETH_Start
</UL>

<P><STRONG><a name="[7f]"></a>ETH_ReadPHYRegister</STRONG> (Thumb, 80 bytes, Stack size 12 bytes, stm32_eth.o(i.ETH_ReadPHYRegister))
<BR><BR>[Stack]<UL><LI>Max Depth = 12<LI>Call Chain = ETH_ReadPHYRegister
</UL>
<BR>[Called By]<UL><LI><a href="#[7b]">&gt;&gt;</a>&nbsp;&nbsp;&nbsp;ETH_Init
</UL>

<P><STRONG><a name="[fc]"></a>ETH_RxPkt_ChainMode</STRONG> (Thumb, 72 bytes, Stack size 16 bytes, ethernetif.o(i.ETH_RxPkt_ChainMode))
<BR><BR>[Stack]<UL><LI>Max Depth = 16<LI>Call Chain = ETH_RxPkt_ChainMode
</UL>
<BR>[Called By]<UL><LI><a href="#[a0]">&gt;&gt;</a>&nbsp;&nbsp;&nbsp;ethernetif_input
</UL>

<P><STRONG><a name="[8c]"></a>ETH_SoftwareReset</STRONG> (Thumb, 12 bytes, Stack size 0 bytes, stm32_eth.o(i.ETH_SoftwareReset))
<BR><BR>[Called By]<UL><LI><a href="#[86]">&gt;&gt;</a>&nbsp;&nbsp;&nbsp;Ethernet_Configuration
</UL>

<P><STRONG><a name="[80]"></a>ETH_Start</STRONG> (Thumb, 34 bytes, Stack size 4 bytes, stm32_eth.o(i.ETH_Start))
<BR><BR>[Stack]<UL><LI>Max Depth = 4<LI>Call Chain = ETH_Start
</UL>
<BR>[Calls]<UL><LI><a href="#[81]">&gt;&gt;</a>&nbsp;&nbsp;&nbsp;ETH_MACTransmissionCmd
<LI><a href="#[83]">&gt;&gt;</a>&nbsp;&nbsp;&nbsp;ETH_MACReceptionCmd
<LI><a href="#[82]">&gt;&gt;</a>&nbsp;&nbsp;&nbsp;ETH_FlushTransmitFIFO
<LI><a href="#[84]">&gt;&gt;</a>&nbsp;&nbsp;&nbsp;ETH_DMATransmissionCmd
<LI><a href="#[85]">&gt;&gt;</a>&nbsp;&nbsp;&nbsp;ETH_DMAReceptionCmd
</UL>
<BR>[Called By]<UL><LI><a href="#[fb]">&gt;&gt;</a>&nbsp;&nbsp;&nbsp;low_level_init
</UL>

<P><STRONG><a name="[8e]"></a>ETH_StructInit</STRONG> (Thumb, 124 bytes, Stack size 0 bytes, stm32_eth.o(i.ETH_StructInit))
<BR><BR>[Called By]<UL><LI><a href="#[86]">&gt;&gt;</a>&nbsp;&nbsp;&nbsp;Ethernet_Configuration
</UL>

<P><STRONG><a name="[11c]"></a>ETH_TxPkt_ChainMode</STRONG> (Thumb, 50 bytes, Stack size 0 bytes, ethernetif.o(i.ETH_TxPkt_ChainMode))
<BR><BR>[Called By]<UL><LI><a href="#[53]">&gt;&gt;</a>&nbsp;&nbsp;&nbsp;low_level_output
</UL>

<P><STRONG><a name="[7d]"></a>ETH_WritePHYRegister</STRONG> (Thumb, 76 bytes, Stack size 16 bytes, stm32_eth.o(i.ETH_WritePHYRegister))
<BR><BR>[Stack]<UL><LI>Max Depth = 16<LI>Call Chain = ETH_WritePHYRegister
</UL>
<BR>[Called By]<UL><LI><a href="#[7b]">&gt;&gt;</a>&nbsp;&nbsp;&nbsp;ETH_Init
</UL>

<P><STRONG><a name="[35]"></a>EXTI15_10_IRQHandler</STRONG> (Thumb, 2 bytes, Stack size 0 bytes, stm32f10x_it.o(i.EXTI15_10_IRQHandler))
<BR>[Address Reference Count : 1]<UL><LI> startup_stm32f10x_cl.o(RESET)
</UL>
<P><STRONG><a name="[86]"></a>Ethernet_Configuration</STRONG> (Thumb, 144 bytes, Stack size 192 bytes, stm32f107.o(i.Ethernet_Configuration))
<BR><BR>[Stack]<UL><LI>Max Depth = 268<LI>Call Chain = Ethernet_Configuration &rArr; ETH_Init &rArr; RCC_GetClocksFreq
</UL>
<BR>[Calls]<UL><LI><a href="#[88]">&gt;&gt;</a>&nbsp;&nbsp;&nbsp;RCC_PLL3Config
<LI><a href="#[89]">&gt;&gt;</a>&nbsp;&nbsp;&nbsp;RCC_PLL3Cmd
<LI><a href="#[8b]">&gt;&gt;</a>&nbsp;&nbsp;&nbsp;RCC_MCOConfig
<LI><a href="#[8a]">&gt;&gt;</a>&nbsp;&nbsp;&nbsp;RCC_GetFlagStatus
<LI><a href="#[87]">&gt;&gt;</a>&nbsp;&nbsp;&nbsp;GPIO_ETH_MediaInterfaceConfig
<LI><a href="#[8e]">&gt;&gt;</a>&nbsp;&nbsp;&nbsp;ETH_StructInit
<LI><a href="#[8c]">&gt;&gt;</a>&nbsp;&nbsp;&nbsp;ETH_SoftwareReset
<LI><a href="#[7b]">&gt;&gt;</a>&nbsp;&nbsp;&nbsp;ETH_Init
<LI><a href="#[8d]">&gt;&gt;</a>&nbsp;&nbsp;&nbsp;ETH_GetSoftwareResetStatus
<LI><a href="#[75]">&gt;&gt;</a>&nbsp;&nbsp;&nbsp;ETH_DeInit
<LI><a href="#[8f]">&gt;&gt;</a>&nbsp;&nbsp;&nbsp;ETH_DMAITConfig
</UL>
<BR>[Called By]<UL><LI><a href="#[aa]">&gt;&gt;</a>&nbsp;&nbsp;&nbsp;System_Setup
</UL>

<P><STRONG><a name="[90]"></a>GPIO_Configuration</STRONG> (Thumb, 232 bytes, Stack size 32 bytes, stm32f107.o(i.GPIO_Configuration))
<BR><BR>[Stack]<UL><LI>Max Depth = 52<LI>Call Chain = GPIO_Configuration &rArr; GPIO_PinRemapConfig
</UL>
<BR>[Calls]<UL><LI><a href="#[92]">&gt;&gt;</a>&nbsp;&nbsp;&nbsp;GPIO_PinRemapConfig
<LI><a href="#[91]">&gt;&gt;</a>&nbsp;&nbsp;&nbsp;GPIO_Init
</UL>
<BR>[Called By]<UL><LI><a href="#[aa]">&gt;&gt;</a>&nbsp;&nbsp;&nbsp;System_Setup
</UL>

<P><STRONG><a name="[87]"></a>GPIO_ETH_MediaInterfaceConfig</STRONG> (Thumb, 8 bytes, Stack size 0 bytes, stm32f10x_gpio.o(i.GPIO_ETH_MediaInterfaceConfig))
<BR><BR>[Called By]<UL><LI><a href="#[86]">&gt;&gt;</a>&nbsp;&nbsp;&nbsp;Ethernet_Configuration
</UL>

<P><STRONG><a name="[91]"></a>GPIO_Init</STRONG> (Thumb, 156 bytes, Stack size 20 bytes, stm32f10x_gpio.o(i.GPIO_Init))
<BR><BR>[Stack]<UL><LI>Max Depth = 20<LI>Call Chain = GPIO_Init
</UL>
<BR>[Called By]<UL><LI><a href="#[ae]">&gt;&gt;</a>&nbsp;&nbsp;&nbsp;USART_Configuration
<LI><a href="#[90]">&gt;&gt;</a>&nbsp;&nbsp;&nbsp;GPIO_Configuration
</UL>

<P><STRONG><a name="[92]"></a>GPIO_PinRemapConfig</STRONG> (Thumb, 66 bytes, Stack size 20 bytes, stm32f10x_gpio.o(i.GPIO_PinRemapConfig))
<BR><BR>[Stack]<UL><LI>Max Depth = 20<LI>Call Chain = GPIO_PinRemapConfig
</UL>
<BR>[Called By]<UL><LI><a href="#[ae]">&gt;&gt;</a>&nbsp;&nbsp;&nbsp;USART_Configuration
<LI><a href="#[90]">&gt;&gt;</a>&nbsp;&nbsp;&nbsp;GPIO_Configuration
</UL>

<P><STRONG><a name="[5]"></a>HardFault_Handler</STRONG> (Thumb, 2 bytes, Stack size 0 bytes, stm32f10x_it.o(i.HardFault_Handler))
<BR><BR>[Calls]<UL><LI><a href="#[5]">&gt;&gt;</a>&nbsp;&nbsp;&nbsp;HardFault_Handler
</UL>
<BR>[Called By]<UL><LI><a href="#[5]">&gt;&gt;</a>&nbsp;&nbsp;&nbsp;HardFault_Handler
</UL>
<BR>[Address Reference Count : 1]<UL><LI> startup_stm32f10x_cl.o(RESET)
</UL>
<P><STRONG><a name="[93]"></a>LwIP_Init</STRONG> (Thumb, 80 bytes, Stack size 40 bytes, netconf.o(i.LwIP_Init))
<BR><BR>[Stack]<UL><LI>Max Depth = 436<LI>Call Chain = LwIP_Init &rArr; netif_add &rArr; netif_set_addr &rArr; netif_set_ipaddr &rArr; tcp_abandon &rArr; tcp_pcb_remove &rArr; tcp_output &rArr; tcp_output_segment &rArr; ip_output &rArr; ip_output_if &rArr; ip_frag &rArr; pbuf_alloc &rArr; pbuf_free &rArr; mem_free &rArr; plug_holes
</UL>
<BR>[Calls]<UL><LI><a href="#[9a]">&gt;&gt;</a>&nbsp;&nbsp;&nbsp;netif_set_up
<LI><a href="#[98]">&gt;&gt;</a>&nbsp;&nbsp;&nbsp;netif_set_default
<LI><a href="#[97]">&gt;&gt;</a>&nbsp;&nbsp;&nbsp;netif_add
<LI><a href="#[95]">&gt;&gt;</a>&nbsp;&nbsp;&nbsp;memp_init
<LI><a href="#[94]">&gt;&gt;</a>&nbsp;&nbsp;&nbsp;mem_init
<LI><a href="#[99]">&gt;&gt;</a>&nbsp;&nbsp;&nbsp;dhcp_start
<LI><a href="#[96]">&gt;&gt;</a>&nbsp;&nbsp;&nbsp;Set_MAC_Address
</UL>
<BR>[Called By]<UL><LI><a href="#[61]">&gt;&gt;</a>&nbsp;&nbsp;&nbsp;main
</UL>

<P><STRONG><a name="[9b]"></a>LwIP_Periodic_Handle</STRONG> (Thumb, 90 bytes, Stack size 16 bytes, netconf.o(i.LwIP_Periodic_Handle))
<BR><BR>[Stack]<UL><LI>Max Depth = 428<LI>Call Chain = LwIP_Periodic_Handle &rArr; dhcp_fine_tmr &rArr; dhcp_timeout &rArr; dhcp_bind &rArr; netif_set_ipaddr &rArr; tcp_abandon &rArr; tcp_pcb_remove &rArr; tcp_output &rArr; tcp_output_segment &rArr; ip_output &rArr; ip_output_if &rArr; ip_frag &rArr; pbuf_alloc &rArr; pbuf_free &rArr; mem_free &rArr; plug_holes
</UL>
<BR>[Calls]<UL><LI><a href="#[9c]">&gt;&gt;</a>&nbsp;&nbsp;&nbsp;tcp_tmr
<LI><a href="#[9d]">&gt;&gt;</a>&nbsp;&nbsp;&nbsp;etharp_tmr
<LI><a href="#[9e]">&gt;&gt;</a>&nbsp;&nbsp;&nbsp;dhcp_fine_tmr
<LI><a href="#[9f]">&gt;&gt;</a>&nbsp;&nbsp;&nbsp;dhcp_coarse_tmr
</UL>
<BR>[Called By]<UL><LI><a href="#[a9]">&gt;&gt;</a>&nbsp;&nbsp;&nbsp;System_Periodic_Handle
</UL>

<P><STRONG><a name="[79]"></a>LwIP_Pkt_Handle</STRONG> (Thumb, 6 bytes, Stack size 0 bytes, netconf.o(i.LwIP_Pkt_Handle))
<BR><BR>[Stack]<UL><LI>Max Depth = 100<LI>Call Chain = LwIP_Pkt_Handle &rArr; ethernetif_input &rArr; pbuf_alloc &rArr; pbuf_free &rArr; mem_free &rArr; plug_holes
</UL>
<BR>[Calls]<UL><LI><a href="#[a0]">&gt;&gt;</a>&nbsp;&nbsp;&nbsp;ethernetif_input
</UL>
<BR>[Called By]<UL><LI><a href="#[43]">&gt;&gt;</a>&nbsp;&nbsp;&nbsp;ETH_IRQHandler
</UL>

<P><STRONG><a name="[6]"></a>MemManage_Handler</STRONG> (Thumb, 2 bytes, Stack size 0 bytes, stm32f10x_it.o(i.MemManage_Handler))
<BR><BR>[Calls]<UL><LI><a href="#[6]">&gt;&gt;</a>&nbsp;&nbsp;&nbsp;MemManage_Handler
</UL>
<BR>[Called By]<UL><LI><a href="#[6]">&gt;&gt;</a>&nbsp;&nbsp;&nbsp;MemManage_Handler
</UL>
<BR>[Address Reference Count : 1]<UL><LI> startup_stm32f10x_cl.o(RESET)
</UL>
<P><STRONG><a name="[4]"></a>NMI_Handler</STRONG> (Thumb, 2 bytes, Stack size 0 bytes, stm32f10x_it.o(i.NMI_Handler))
<BR>[Address Reference Count : 1]<UL><LI> startup_stm32f10x_cl.o(RESET)
</UL>
<P><STRONG><a name="[a1]"></a>NVIC_Configuration</STRONG> (Thumb, 176 bytes, Stack size 16 bytes, stm32f107.o(i.NVIC_Configuration))
<BR><BR>[Stack]<UL><LI>Max Depth = 28<LI>Call Chain = NVIC_Configuration &rArr; NVIC_Init
</UL>
<BR>[Calls]<UL><LI><a href="#[a2]">&gt;&gt;</a>&nbsp;&nbsp;&nbsp;NVIC_SetVectorTable
<LI><a href="#[a3]">&gt;&gt;</a>&nbsp;&nbsp;&nbsp;NVIC_PriorityGroupConfig
<LI><a href="#[a4]">&gt;&gt;</a>&nbsp;&nbsp;&nbsp;NVIC_Init
</UL>
<BR>[Called By]<UL><LI><a href="#[aa]">&gt;&gt;</a>&nbsp;&nbsp;&nbsp;System_Setup
</UL>

<P><STRONG><a name="[a4]"></a>NVIC_Init</STRONG> (Thumb, 94 bytes, Stack size 12 bytes, misc.o(i.NVIC_Init))
<BR><BR>[Stack]<UL><LI>Max Depth = 12<LI>Call Chain = NVIC_Init
</UL>
<BR>[Called By]<UL><LI><a href="#[a1]">&gt;&gt;</a>&nbsp;&nbsp;&nbsp;NVIC_Configuration
</UL>

<P><STRONG><a name="[a3]"></a>NVIC_PriorityGroupConfig</STRONG> (Thumb, 10 bytes, Stack size 0 bytes, misc.o(i.NVIC_PriorityGroupConfig))
<BR><BR>[Called By]<UL><LI><a href="#[a1]">&gt;&gt;</a>&nbsp;&nbsp;&nbsp;NVIC_Configuration
</UL>

<P><STRONG><a name="[a2]"></a>NVIC_SetVectorTable</STRONG> (Thumb, 12 bytes, Stack size 0 bytes, misc.o(i.NVIC_SetVectorTable))
<BR><BR>[Called By]<UL><LI><a href="#[a1]">&gt;&gt;</a>&nbsp;&nbsp;&nbsp;NVIC_Configuration
</UL>

<P><STRONG><a name="[b]"></a>PendSV_Handler</STRONG> (Thumb, 2 bytes, Stack size 0 bytes, stm32f10x_it.o(i.PendSV_Handler))
<BR>[Address Reference Count : 1]<UL><LI> startup_stm32f10x_cl.o(RESET)
</UL>
<P><STRONG><a name="[ac]"></a>RCC_AHBPeriphClockCmd</STRONG> (Thumb, 18 bytes, Stack size 0 bytes, stm32f10x_rcc.o(i.RCC_AHBPeriphClockCmd))
<BR><BR>[Called By]<UL><LI><a href="#[aa]">&gt;&gt;</a>&nbsp;&nbsp;&nbsp;System_Setup
</UL>

<P><STRONG><a name="[76]"></a>RCC_AHBPeriphResetCmd</STRONG> (Thumb, 18 bytes, Stack size 0 bytes, stm32f10x_rcc.o(i.RCC_AHBPeriphResetCmd))
<BR><BR>[Called By]<UL><LI><a href="#[75]">&gt;&gt;</a>&nbsp;&nbsp;&nbsp;ETH_DeInit
</UL>

<P><STRONG><a name="[ab]"></a>RCC_APB1PeriphClockCmd</STRONG> (Thumb, 18 bytes, Stack size 0 bytes, stm32f10x_rcc.o(i.RCC_APB1PeriphClockCmd))
<BR><BR>[Called By]<UL><LI><a href="#[ae]">&gt;&gt;</a>&nbsp;&nbsp;&nbsp;USART_Configuration
<LI><a href="#[aa]">&gt;&gt;</a>&nbsp;&nbsp;&nbsp;System_Setup
</UL>

<P><STRONG><a name="[ad]"></a>RCC_APB2PeriphClockCmd</STRONG> (Thumb, 18 bytes, Stack size 0 bytes, stm32f10x_rcc.o(i.RCC_APB2PeriphClockCmd))
<BR><BR>[Called By]<UL><LI><a href="#[ae]">&gt;&gt;</a>&nbsp;&nbsp;&nbsp;USART_Configuration
<LI><a href="#[aa]">&gt;&gt;</a>&nbsp;&nbsp;&nbsp;System_Setup
</UL>

<P><STRONG><a name="[7c]"></a>RCC_GetClocksFreq</STRONG> (Thumb, 180 bytes, Stack size 20 bytes, stm32f10x_rcc.o(i.RCC_GetClocksFreq))
<BR><BR>[Stack]<UL><LI>Max Depth = 20<LI>Call Chain = RCC_GetClocksFreq
</UL>
<BR>[Called By]<UL><LI><a href="#[bf]">&gt;&gt;</a>&nbsp;&nbsp;&nbsp;USART_Init
<LI><a href="#[7b]">&gt;&gt;</a>&nbsp;&nbsp;&nbsp;ETH_Init
<LI><a href="#[aa]">&gt;&gt;</a>&nbsp;&nbsp;&nbsp;System_Setup
</UL>

<P><STRONG><a name="[8a]"></a>RCC_GetFlagStatus</STRONG> (Thumb, 42 bytes, Stack size 0 bytes, stm32f10x_rcc.o(i.RCC_GetFlagStatus))
<BR><BR>[Called By]<UL><LI><a href="#[86]">&gt;&gt;</a>&nbsp;&nbsp;&nbsp;Ethernet_Configuration
</UL>

<P><STRONG><a name="[8b]"></a>RCC_MCOConfig</STRONG> (Thumb, 6 bytes, Stack size 0 bytes, stm32f10x_rcc.o(i.RCC_MCOConfig))
<BR><BR>[Called By]<UL><LI><a href="#[86]">&gt;&gt;</a>&nbsp;&nbsp;&nbsp;Ethernet_Configuration
</UL>

<P><STRONG><a name="[89]"></a>RCC_PLL3Cmd</STRONG> (Thumb, 6 bytes, Stack size 0 bytes, stm32f10x_rcc.o(i.RCC_PLL3Cmd))
<BR><BR>[Called By]<UL><LI><a href="#[86]">&gt;&gt;</a>&nbsp;&nbsp;&nbsp;Ethernet_Configuration
</UL>

<P><STRONG><a name="[88]"></a>RCC_PLL3Config</STRONG> (Thumb, 14 bytes, Stack size 0 bytes, stm32f10x_rcc.o(i.RCC_PLL3Config))
<BR><BR>[Called By]<UL><LI><a href="#[86]">&gt;&gt;</a>&nbsp;&nbsp;&nbsp;Ethernet_Configuration
</UL>

<P><STRONG><a name="[9]"></a>SVC_Handler</STRONG> (Thumb, 2 bytes, Stack size 0 bytes, stm32f10x_it.o(i.SVC_Handler))
<BR>[Address Reference Count : 1]<UL><LI> startup_stm32f10x_cl.o(RESET)
</UL>
<P><STRONG><a name="[96]"></a>Set_MAC_Address</STRONG> (Thumb, 34 bytes, Stack size 0 bytes, ethernetif.o(i.Set_MAC_Address))
<BR><BR>[Calls]<UL><LI><a href="#[a5]">&gt;&gt;</a>&nbsp;&nbsp;&nbsp;ETH_MACAddressConfig
</UL>
<BR>[Called By]<UL><LI><a href="#[93]">&gt;&gt;</a>&nbsp;&nbsp;&nbsp;LwIP_Init
</UL>

<P><STRONG><a name="[c]"></a>SysTick_Handler</STRONG> (Thumb, 4 bytes, Stack size 0 bytes, stm32f10x_it.o(i.SysTick_Handler))
<BR><BR>[Calls]<UL><LI><a href="#[a6]">&gt;&gt;</a>&nbsp;&nbsp;&nbsp;Time_Update
</UL>
<BR>[Address Reference Count : 1]<UL><LI> startup_stm32f10x_cl.o(RESET)
</UL>
<P><STRONG><a name="[a7]"></a>SystemInit</STRONG> (Thumb, 64 bytes, Stack size 0 bytes, system_stm32f10x.o(i.SystemInit))
<BR><BR>[Stack]<UL><LI>Max Depth = 12<LI>Call Chain = SystemInit &rArr; SetSysClockTo72
</UL>
<BR>[Calls]<UL><LI><a href="#[a8]">&gt;&gt;</a>&nbsp;&nbsp;&nbsp;SetSysClockTo72
</UL>
<BR>[Called By]<UL><LI><a href="#[aa]">&gt;&gt;</a>&nbsp;&nbsp;&nbsp;System_Setup
</UL>

<P><STRONG><a name="[a9]"></a>System_Periodic_Handle</STRONG> (Thumb, 20 bytes, Stack size 8 bytes, main.o(i.System_Periodic_Handle))
<BR><BR>[Stack]<UL><LI>Max Depth = 436 + Unknown Stack Size
<LI>Call Chain = System_Periodic_Handle &rArr; LwIP_Periodic_Handle &rArr; dhcp_fine_tmr &rArr; dhcp_timeout &rArr; dhcp_bind &rArr; netif_set_ipaddr &rArr; tcp_abandon &rArr; tcp_pcb_remove &rArr; tcp_output &rArr; tcp_output_segment &rArr; ip_output &rArr; ip_output_if &rArr; ip_frag &rArr; pbuf_alloc &rArr; pbuf_free &rArr; mem_free &rArr; plug_holes
</UL>
<BR>[Calls]<UL><LI><a href="#[9b]">&gt;&gt;</a>&nbsp;&nbsp;&nbsp;LwIP_Periodic_Handle
<LI><a href="#[74]">&gt;&gt;</a>&nbsp;&nbsp;&nbsp;Display_Periodic_Handle
</UL>
<BR>[Called By]<UL><LI><a href="#[61]">&gt;&gt;</a>&nbsp;&nbsp;&nbsp;main
</UL>

<P><STRONG><a name="[aa]"></a>System_Setup</STRONG> (Thumb, 116 bytes, Stack size 32 bytes, stm32f107.o(i.System_Setup))
<BR><BR>[Stack]<UL><LI>Max Depth = 300<LI>Call Chain = System_Setup &rArr; Ethernet_Configuration &rArr; ETH_Init &rArr; RCC_GetClocksFreq
</UL>
<BR>[Calls]<UL><LI><a href="#[ae]">&gt;&gt;</a>&nbsp;&nbsp;&nbsp;USART_Configuration
<LI><a href="#[a7]">&gt;&gt;</a>&nbsp;&nbsp;&nbsp;SystemInit
<LI><a href="#[7c]">&gt;&gt;</a>&nbsp;&nbsp;&nbsp;RCC_GetClocksFreq
<LI><a href="#[ad]">&gt;&gt;</a>&nbsp;&nbsp;&nbsp;RCC_APB2PeriphClockCmd
<LI><a href="#[ab]">&gt;&gt;</a>&nbsp;&nbsp;&nbsp;RCC_APB1PeriphClockCmd
<LI><a href="#[ac]">&gt;&gt;</a>&nbsp;&nbsp;&nbsp;RCC_AHBPeriphClockCmd
<LI><a href="#[a1]">&gt;&gt;</a>&nbsp;&nbsp;&nbsp;NVIC_Configuration
<LI><a href="#[90]">&gt;&gt;</a>&nbsp;&nbsp;&nbsp;GPIO_Configuration
<LI><a href="#[86]">&gt;&gt;</a>&nbsp;&nbsp;&nbsp;Ethernet_Configuration
<LI><a href="#[af]">&gt;&gt;</a>&nbsp;&nbsp;&nbsp;NVIC_SetPriority
</UL>
<BR>[Called By]<UL><LI><a href="#[61]">&gt;&gt;</a>&nbsp;&nbsp;&nbsp;main
</UL>

<P><STRONG><a name="[72]"></a>TCP_Client_Init</STRONG> (Thumb, 74 bytes, Stack size 24 bytes, tcp_client.o(i.TCP_Client_Init))
<BR><BR>[Stack]<UL><LI>Max Depth = 388<LI>Call Chain = TCP_Client_Init &rArr; tcp_new &rArr; tcp_alloc &rArr; tcp_abandon &rArr; tcp_pcb_remove &rArr; tcp_output &rArr; tcp_output_segment &rArr; ip_output &rArr; ip_output_if &rArr; ip_frag &rArr; pbuf_alloc &rArr; pbuf_free &rArr; mem_free &rArr; plug_holes
</UL>
<BR>[Calls]<UL><LI><a href="#[b4]">&gt;&gt;</a>&nbsp;&nbsp;&nbsp;tcp_recv
<LI><a href="#[b1]">&gt;&gt;</a>&nbsp;&nbsp;&nbsp;tcp_new
<LI><a href="#[b3]">&gt;&gt;</a>&nbsp;&nbsp;&nbsp;tcp_connect
<LI><a href="#[b2]">&gt;&gt;</a>&nbsp;&nbsp;&nbsp;tcp_bind
<LI><a href="#[b0]">&gt;&gt;</a>&nbsp;&nbsp;&nbsp;htonl
</UL>
<BR>[Called By]<UL><LI><a href="#[71]">&gt;&gt;</a>&nbsp;&nbsp;&nbsp;Check_TCP_Connect
<LI><a href="#[61]">&gt;&gt;</a>&nbsp;&nbsp;&nbsp;main
</UL>

<P><STRONG><a name="[50]"></a>TCP_Client_Recv</STRONG> (Thumb, 52 bytes, Stack size 16 bytes, tcp_client.o(i.TCP_Client_Recv))
<BR><BR>[Stack]<UL><LI>Max Depth = 316<LI>Call Chain = TCP_Client_Recv &rArr; tcp_close &rArr; tcp_pcb_remove &rArr; tcp_output &rArr; tcp_output_segment &rArr; ip_output &rArr; ip_output_if &rArr; ip_frag &rArr; pbuf_alloc &rArr; pbuf_free &rArr; mem_free &rArr; plug_holes
</UL>
<BR>[Calls]<UL><LI><a href="#[b6]">&gt;&gt;</a>&nbsp;&nbsp;&nbsp;tcp_write
<LI><a href="#[b5]">&gt;&gt;</a>&nbsp;&nbsp;&nbsp;tcp_recved
<LI><a href="#[b7]">&gt;&gt;</a>&nbsp;&nbsp;&nbsp;tcp_output
<LI><a href="#[b9]">&gt;&gt;</a>&nbsp;&nbsp;&nbsp;tcp_close
<LI><a href="#[b8]">&gt;&gt;</a>&nbsp;&nbsp;&nbsp;pbuf_free
</UL>
<BR>[Address Reference Count : 1]<UL><LI> tcp_client.o(i.TCP_Client_Init)
</UL>
<P><STRONG><a name="[ba]"></a>TCP_Client_Send_Data</STRONG> (Thumb, 24 bytes, Stack size 16 bytes, tcp_client.o(i.TCP_Client_Send_Data))
<BR><BR>[Stack]<UL><LI>Max Depth = 284<LI>Call Chain = TCP_Client_Send_Data &rArr; tcp_output &rArr; tcp_output_segment &rArr; ip_output &rArr; ip_output_if &rArr; ip_frag &rArr; pbuf_alloc &rArr; pbuf_free &rArr; mem_free &rArr; plug_holes
</UL>
<BR>[Calls]<UL><LI><a href="#[b6]">&gt;&gt;</a>&nbsp;&nbsp;&nbsp;tcp_write
<LI><a href="#[b7]">&gt;&gt;</a>&nbsp;&nbsp;&nbsp;tcp_output
</UL>
<BR>[Called By]<UL><LI><a href="#[61]">&gt;&gt;</a>&nbsp;&nbsp;&nbsp;main
</UL>

<P><STRONG><a name="[4f]"></a>TCP_Connected</STRONG> (Thumb, 4 bytes, Stack size 0 bytes, tcp_client.o(i.TCP_Connected))
<BR>[Address Reference Count : 1]<UL><LI> tcp_client.o(i.TCP_Client_Init)
</UL>
<P><STRONG><a name="[29]"></a>TIM2_IRQHandler</STRONG> (Thumb, 30 bytes, Stack size 8 bytes, stm32f107.o(i.TIM2_IRQHandler))
<BR><BR>[Stack]<UL><LI>Max Depth = 8<LI>Call Chain = TIM2_IRQHandler
</UL>
<BR>[Calls]<UL><LI><a href="#[bb]">&gt;&gt;</a>&nbsp;&nbsp;&nbsp;TIM_GetITStatus
<LI><a href="#[bc]">&gt;&gt;</a>&nbsp;&nbsp;&nbsp;TIM_ClearITPendingBit
</UL>
<BR>[Address Reference Count : 1]<UL><LI> startup_stm32f10x_cl.o(RESET)
</UL>
<P><STRONG><a name="[bc]"></a>TIM_ClearITPendingBit</STRONG> (Thumb, 6 bytes, Stack size 0 bytes, stm32f10x_tim.o(i.TIM_ClearITPendingBit))
<BR><BR>[Called By]<UL><LI><a href="#[29]">&gt;&gt;</a>&nbsp;&nbsp;&nbsp;TIM2_IRQHandler
</UL>

<P><STRONG><a name="[bb]"></a>TIM_GetITStatus</STRONG> (Thumb, 24 bytes, Stack size 0 bytes, stm32f10x_tim.o(i.TIM_GetITStatus))
<BR><BR>[Called By]<UL><LI><a href="#[29]">&gt;&gt;</a>&nbsp;&nbsp;&nbsp;TIM2_IRQHandler
</UL>

<P><STRONG><a name="[a6]"></a>Time_Update</STRONG> (Thumb, 10 bytes, Stack size 0 bytes, main.o(i.Time_Update))
<BR><BR>[Called By]<UL><LI><a href="#[c]">&gt;&gt;</a>&nbsp;&nbsp;&nbsp;SysTick_Handler
</UL>

<P><STRONG><a name="[32]"></a>USART1_IRQHandler</STRONG> (Thumb, 56 bytes, Stack size 16 bytes, sci.o(i.USART1_IRQHandler))
<BR><BR>[Stack]<UL><LI>Max Depth = 32<LI>Call Chain = USART1_IRQHandler &rArr; USART_GetITStatus
</UL>
<BR>[Calls]<UL><LI><a href="#[bd]">&gt;&gt;</a>&nbsp;&nbsp;&nbsp;USART_GetITStatus
<LI><a href="#[be]">&gt;&gt;</a>&nbsp;&nbsp;&nbsp;USART_ClearITPendingBit
</UL>
<BR>[Address Reference Count : 1]<UL><LI> startup_stm32f10x_cl.o(RESET)
</UL>
<P><STRONG><a name="[33]"></a>USART2_IRQHandler</STRONG> (Thumb, 62 bytes, Stack size 16 bytes, sci.o(i.USART2_IRQHandler))
<BR><BR>[Stack]<UL><LI>Max Depth = 32<LI>Call Chain = USART2_IRQHandler &rArr; USART_GetITStatus
</UL>
<BR>[Calls]<UL><LI><a href="#[bd]">&gt;&gt;</a>&nbsp;&nbsp;&nbsp;USART_GetITStatus
<LI><a href="#[be]">&gt;&gt;</a>&nbsp;&nbsp;&nbsp;USART_ClearITPendingBit
</UL>
<BR>[Address Reference Count : 1]<UL><LI> startup_stm32f10x_cl.o(RESET)
</UL>
<P><STRONG><a name="[be]"></a>USART_ClearITPendingBit</STRONG> (Thumb, 12 bytes, Stack size 0 bytes, stm32f10x_usart.o(i.USART_ClearITPendingBit))
<BR><BR>[Called By]<UL><LI><a href="#[33]">&gt;&gt;</a>&nbsp;&nbsp;&nbsp;USART2_IRQHandler
<LI><a href="#[32]">&gt;&gt;</a>&nbsp;&nbsp;&nbsp;USART1_IRQHandler
<LI><a href="#[ae]">&gt;&gt;</a>&nbsp;&nbsp;&nbsp;USART_Configuration
</UL>

<P><STRONG><a name="[c1]"></a>USART_Cmd</STRONG> (Thumb, 20 bytes, Stack size 0 bytes, stm32f10x_usart.o(i.USART_Cmd))
<BR><BR>[Called By]<UL><LI><a href="#[ae]">&gt;&gt;</a>&nbsp;&nbsp;&nbsp;USART_Configuration
</UL>

<P><STRONG><a name="[ae]"></a>USART_Configuration</STRONG> (Thumb, 302 bytes, Stack size 56 bytes, sci.o(i.USART_Configuration))
<BR><BR>[Stack]<UL><LI>Max Depth = 108<LI>Call Chain = USART_Configuration &rArr; USART_Init &rArr; RCC_GetClocksFreq
</UL>
<BR>[Calls]<UL><LI><a href="#[bf]">&gt;&gt;</a>&nbsp;&nbsp;&nbsp;USART_Init
<LI><a href="#[c0]">&gt;&gt;</a>&nbsp;&nbsp;&nbsp;USART_ITConfig
<LI><a href="#[c1]">&gt;&gt;</a>&nbsp;&nbsp;&nbsp;USART_Cmd
<LI><a href="#[be]">&gt;&gt;</a>&nbsp;&nbsp;&nbsp;USART_ClearITPendingBit
<LI><a href="#[ad]">&gt;&gt;</a>&nbsp;&nbsp;&nbsp;RCC_APB2PeriphClockCmd
<LI><a href="#[ab]">&gt;&gt;</a>&nbsp;&nbsp;&nbsp;RCC_APB1PeriphClockCmd
<LI><a href="#[92]">&gt;&gt;</a>&nbsp;&nbsp;&nbsp;GPIO_PinRemapConfig
<LI><a href="#[91]">&gt;&gt;</a>&nbsp;&nbsp;&nbsp;GPIO_Init
</UL>
<BR>[Called By]<UL><LI><a href="#[aa]">&gt;&gt;</a>&nbsp;&nbsp;&nbsp;System_Setup
</UL>

<P><STRONG><a name="[bd]"></a>USART_GetITStatus</STRONG> (Thumb, 62 bytes, Stack size 16 bytes, stm32f10x_usart.o(i.USART_GetITStatus))
<BR><BR>[Stack]<UL><LI>Max Depth = 16<LI>Call Chain = USART_GetITStatus
</UL>
<BR>[Called By]<UL><LI><a href="#[33]">&gt;&gt;</a>&nbsp;&nbsp;&nbsp;USART2_IRQHandler
<LI><a href="#[32]">&gt;&gt;</a>&nbsp;&nbsp;&nbsp;USART1_IRQHandler
</UL>

<P><STRONG><a name="[c0]"></a>USART_ITConfig</STRONG> (Thumb, 48 bytes, Stack size 8 bytes, stm32f10x_usart.o(i.USART_ITConfig))
<BR><BR>[Stack]<UL><LI>Max Depth = 8<LI>Call Chain = USART_ITConfig
</UL>
<BR>[Called By]<UL><LI><a href="#[ae]">&gt;&gt;</a>&nbsp;&nbsp;&nbsp;USART_Configuration
</UL>

<P><STRONG><a name="[bf]"></a>USART_Init</STRONG> (Thumb, 134 bytes, Stack size 32 bytes, stm32f10x_usart.o(i.USART_Init))
<BR><BR>[Stack]<UL><LI>Max Depth = 52<LI>Call Chain = USART_Init &rArr; RCC_GetClocksFreq
</UL>
<BR>[Calls]<UL><LI><a href="#[7c]">&gt;&gt;</a>&nbsp;&nbsp;&nbsp;RCC_GetClocksFreq
</UL>
<BR>[Called By]<UL><LI><a href="#[ae]">&gt;&gt;</a>&nbsp;&nbsp;&nbsp;USART_Configuration
</UL>

<P><STRONG><a name="[8]"></a>UsageFault_Handler</STRONG> (Thumb, 2 bytes, Stack size 0 bytes, stm32f10x_it.o(i.UsageFault_Handler))
<BR><BR>[Calls]<UL><LI><a href="#[8]">&gt;&gt;</a>&nbsp;&nbsp;&nbsp;UsageFault_Handler
</UL>
<BR>[Called By]<UL><LI><a href="#[8]">&gt;&gt;</a>&nbsp;&nbsp;&nbsp;UsageFault_Handler
</UL>
<BR>[Address Reference Count : 1]<UL><LI> startup_stm32f10x_cl.o(RESET)
</UL>
<P><STRONG><a name="[c2]"></a>dhcp_arp_reply</STRONG> (Thumb, 30 bytes, Stack size 0 bytes, dhcp.o(i.dhcp_arp_reply))
<BR><BR>[Stack]<UL><LI>Max Depth = 236<LI>Call Chain = dhcp_arp_reply &rArr; dhcp_decline &rArr; udp_sendto_if &rArr; ip_output_if &rArr; ip_frag &rArr; pbuf_alloc &rArr; pbuf_free &rArr; mem_free &rArr; plug_holes
</UL>
<BR>[Calls]<UL><LI><a href="#[c3]">&gt;&gt;</a>&nbsp;&nbsp;&nbsp;dhcp_decline
</UL>
<BR>[Called By]<UL><LI><a href="#[ec]">&gt;&gt;</a>&nbsp;&nbsp;&nbsp;etharp_arp_input
</UL>

<P><STRONG><a name="[9f]"></a>dhcp_coarse_tmr</STRONG> (Thumb, 90 bytes, Stack size 8 bytes, dhcp.o(i.dhcp_coarse_tmr))
<BR><BR>[Stack]<UL><LI>Max Depth = 244<LI>Call Chain = dhcp_coarse_tmr &rArr; dhcp_renew &rArr; udp_sendto_if &rArr; ip_output_if &rArr; ip_frag &rArr; pbuf_alloc &rArr; pbuf_free &rArr; mem_free &rArr; plug_holes
</UL>
<BR>[Calls]<UL><LI><a href="#[cd]">&gt;&gt;</a>&nbsp;&nbsp;&nbsp;dhcp_renew
<LI><a href="#[cc]">&gt;&gt;</a>&nbsp;&nbsp;&nbsp;dhcp_rebind
</UL>
<BR>[Called By]<UL><LI><a href="#[9b]">&gt;&gt;</a>&nbsp;&nbsp;&nbsp;LwIP_Periodic_Handle
</UL>

<P><STRONG><a name="[9e]"></a>dhcp_fine_tmr</STRONG> (Thumb, 46 bytes, Stack size 16 bytes, dhcp.o(i.dhcp_fine_tmr))
<BR><BR>[Stack]<UL><LI>Max Depth = 412<LI>Call Chain = dhcp_fine_tmr &rArr; dhcp_timeout &rArr; dhcp_bind &rArr; netif_set_ipaddr &rArr; tcp_abandon &rArr; tcp_pcb_remove &rArr; tcp_output &rArr; tcp_output_segment &rArr; ip_output &rArr; ip_output_if &rArr; ip_frag &rArr; pbuf_alloc &rArr; pbuf_free &rArr; mem_free &rArr; plug_holes
</UL>
<BR>[Calls]<UL><LI><a href="#[da]">&gt;&gt;</a>&nbsp;&nbsp;&nbsp;dhcp_timeout
</UL>
<BR>[Called By]<UL><LI><a href="#[9b]">&gt;&gt;</a>&nbsp;&nbsp;&nbsp;LwIP_Periodic_Handle
</UL>

<P><STRONG><a name="[e3]"></a>dhcp_release</STRONG> (Thumb, 188 bytes, Stack size 24 bytes, dhcp.o(i.dhcp_release))
<BR><BR>[Stack]<UL><LI>Max Depth = 380<LI>Call Chain = dhcp_release &rArr; netif_set_ipaddr &rArr; tcp_abandon &rArr; tcp_pcb_remove &rArr; tcp_output &rArr; tcp_output_segment &rArr; ip_output &rArr; ip_output_if &rArr; ip_frag &rArr; pbuf_alloc &rArr; pbuf_free &rArr; mem_free &rArr; plug_holes
</UL>
<BR>[Calls]<UL><LI><a href="#[c7]">&gt;&gt;</a>&nbsp;&nbsp;&nbsp;netif_set_netmask
<LI><a href="#[c6]">&gt;&gt;</a>&nbsp;&nbsp;&nbsp;netif_set_ipaddr
<LI><a href="#[c8]">&gt;&gt;</a>&nbsp;&nbsp;&nbsp;netif_set_gw
<LI><a href="#[e1]">&gt;&gt;</a>&nbsp;&nbsp;&nbsp;netif_set_down
<LI><a href="#[c9]">&gt;&gt;</a>&nbsp;&nbsp;&nbsp;dhcp_set_state
<LI><a href="#[d3]">&gt;&gt;</a>&nbsp;&nbsp;&nbsp;dhcp_option_trailer
<LI><a href="#[d1]">&gt;&gt;</a>&nbsp;&nbsp;&nbsp;dhcp_option_byte
<LI><a href="#[d0]">&gt;&gt;</a>&nbsp;&nbsp;&nbsp;dhcp_option
<LI><a href="#[d7]">&gt;&gt;</a>&nbsp;&nbsp;&nbsp;dhcp_delete_request
<LI><a href="#[ce]">&gt;&gt;</a>&nbsp;&nbsp;&nbsp;dhcp_create_request
<LI><a href="#[d6]">&gt;&gt;</a>&nbsp;&nbsp;&nbsp;udp_sendto_if
<LI><a href="#[d5]">&gt;&gt;</a>&nbsp;&nbsp;&nbsp;udp_connect
<LI><a href="#[d4]">&gt;&gt;</a>&nbsp;&nbsp;&nbsp;pbuf_realloc
</UL>
<BR>[Called By]<UL><LI><a href="#[da]">&gt;&gt;</a>&nbsp;&nbsp;&nbsp;dhcp_timeout
</UL>

<P><STRONG><a name="[cd]"></a>dhcp_renew</STRONG> (Thumb, 156 bytes, Stack size 24 bytes, dhcp.o(i.dhcp_renew))
<BR><BR>[Stack]<UL><LI>Max Depth = 236<LI>Call Chain = dhcp_renew &rArr; udp_sendto_if &rArr; ip_output_if &rArr; ip_frag &rArr; pbuf_alloc &rArr; pbuf_free &rArr; mem_free &rArr; plug_holes
</UL>
<BR>[Calls]<UL><LI><a href="#[c9]">&gt;&gt;</a>&nbsp;&nbsp;&nbsp;dhcp_set_state
<LI><a href="#[d3]">&gt;&gt;</a>&nbsp;&nbsp;&nbsp;dhcp_option_trailer
<LI><a href="#[d9]">&gt;&gt;</a>&nbsp;&nbsp;&nbsp;dhcp_option_short
<LI><a href="#[d1]">&gt;&gt;</a>&nbsp;&nbsp;&nbsp;dhcp_option_byte
<LI><a href="#[d0]">&gt;&gt;</a>&nbsp;&nbsp;&nbsp;dhcp_option
<LI><a href="#[d7]">&gt;&gt;</a>&nbsp;&nbsp;&nbsp;dhcp_delete_request
<LI><a href="#[ce]">&gt;&gt;</a>&nbsp;&nbsp;&nbsp;dhcp_create_request
<LI><a href="#[d6]">&gt;&gt;</a>&nbsp;&nbsp;&nbsp;udp_sendto_if
<LI><a href="#[d5]">&gt;&gt;</a>&nbsp;&nbsp;&nbsp;udp_connect
<LI><a href="#[d4]">&gt;&gt;</a>&nbsp;&nbsp;&nbsp;pbuf_realloc
</UL>
<BR>[Called By]<UL><LI><a href="#[9f]">&gt;&gt;</a>&nbsp;&nbsp;&nbsp;dhcp_coarse_tmr
<LI><a href="#[da]">&gt;&gt;</a>&nbsp;&nbsp;&nbsp;dhcp_timeout
</UL>

<P><STRONG><a name="[99]"></a>dhcp_start</STRONG> (Thumb, 156 bytes, Stack size 16 bytes, dhcp.o(i.dhcp_start))
<BR><BR>[Stack]<UL><LI>Max Depth = 252<LI>Call Chain = dhcp_start &rArr; dhcp_discover &rArr; udp_sendto_if &rArr; ip_output_if &rArr; ip_frag &rArr; pbuf_alloc &rArr; pbuf_free &rArr; mem_free &rArr; plug_holes
</UL>
<BR>[Calls]<UL><LI><a href="#[b8]">&gt;&gt;</a>&nbsp;&nbsp;&nbsp;pbuf_free
<LI><a href="#[dc]">&gt;&gt;</a>&nbsp;&nbsp;&nbsp;mem_free
<LI><a href="#[e9]">&gt;&gt;</a>&nbsp;&nbsp;&nbsp;dhcp_stop
<LI><a href="#[d8]">&gt;&gt;</a>&nbsp;&nbsp;&nbsp;dhcp_discover
<LI><a href="#[e4]">&gt;&gt;</a>&nbsp;&nbsp;&nbsp;udp_remove
<LI><a href="#[e8]">&gt;&gt;</a>&nbsp;&nbsp;&nbsp;udp_recv
<LI><a href="#[e6]">&gt;&gt;</a>&nbsp;&nbsp;&nbsp;udp_new
<LI><a href="#[d5]">&gt;&gt;</a>&nbsp;&nbsp;&nbsp;udp_connect
<LI><a href="#[e7]">&gt;&gt;</a>&nbsp;&nbsp;&nbsp;udp_bind
<LI><a href="#[ea]">&gt;&gt;</a>&nbsp;&nbsp;&nbsp;mem_malloc
<LI><a href="#[e5]">&gt;&gt;</a>&nbsp;&nbsp;&nbsp;__aeabi_memclr4
</UL>
<BR>[Called By]<UL><LI><a href="#[93]">&gt;&gt;</a>&nbsp;&nbsp;&nbsp;LwIP_Init
</UL>

<P><STRONG><a name="[e9]"></a>dhcp_stop</STRONG> (Thumb, 62 bytes, Stack size 16 bytes, dhcp.o(i.dhcp_stop))
<BR><BR>[Stack]<UL><LI>Max Depth = 44<LI>Call Chain = dhcp_stop &rArr; pbuf_free &rArr; mem_free &rArr; plug_holes
</UL>
<BR>[Calls]<UL><LI><a href="#[b8]">&gt;&gt;</a>&nbsp;&nbsp;&nbsp;pbuf_free
<LI><a href="#[dc]">&gt;&gt;</a>&nbsp;&nbsp;&nbsp;mem_free
<LI><a href="#[db]">&gt;&gt;</a>&nbsp;&nbsp;&nbsp;dhcp_free_reply
<LI><a href="#[e4]">&gt;&gt;</a>&nbsp;&nbsp;&nbsp;udp_remove
</UL>
<BR>[Called By]<UL><LI><a href="#[99]">&gt;&gt;</a>&nbsp;&nbsp;&nbsp;dhcp_start
</UL>

<P><STRONG><a name="[ec]"></a>etharp_arp_input</STRONG> (Thumb, 218 bytes, Stack size 32 bytes, etharp.o(i.etharp_arp_input))
<BR><BR>[Stack]<UL><LI>Max Depth = 268<LI>Call Chain = etharp_arp_input &rArr; dhcp_arp_reply &rArr; dhcp_decline &rArr; udp_sendto_if &rArr; ip_output_if &rArr; ip_frag &rArr; pbuf_alloc &rArr; pbuf_free &rArr; mem_free &rArr; plug_holes
</UL>
<BR>[Calls]<UL><LI><a href="#[b8]">&gt;&gt;</a>&nbsp;&nbsp;&nbsp;pbuf_free
<LI><a href="#[c2]">&gt;&gt;</a>&nbsp;&nbsp;&nbsp;dhcp_arp_reply
<LI><a href="#[ed]">&gt;&gt;</a>&nbsp;&nbsp;&nbsp;htons
<LI><a href="#[ee]">&gt;&gt;</a>&nbsp;&nbsp;&nbsp;update_arp_entry
</UL>
<BR>[Called By]<UL><LI><a href="#[4d]">&gt;&gt;</a>&nbsp;&nbsp;&nbsp;ethernet_input
</UL>

<P><STRONG><a name="[ef]"></a>etharp_ip_input</STRONG> (Thumb, 40 bytes, Stack size 8 bytes, etharp.o(i.etharp_ip_input))
<BR><BR>[Stack]<UL><LI>Max Depth = 132<LI>Call Chain = etharp_ip_input &rArr; update_arp_entry &rArr; find_entry &rArr; free_etharp_q &rArr; pbuf_free &rArr; mem_free &rArr; plug_holes
</UL>
<BR>[Calls]<UL><LI><a href="#[ee]">&gt;&gt;</a>&nbsp;&nbsp;&nbsp;update_arp_entry
</UL>
<BR>[Called By]<UL><LI><a href="#[4d]">&gt;&gt;</a>&nbsp;&nbsp;&nbsp;ethernet_input
</UL>

<P><STRONG><a name="[52]"></a>etharp_output</STRONG> (Thumb, 178 bytes, Stack size 32 bytes, etharp.o(i.etharp_output))
<BR><BR>[Stack]<UL><LI>Max Depth = 196<LI>Call Chain = etharp_output &rArr; etharp_query &rArr; etharp_request &rArr; etharp_raw &rArr; pbuf_alloc &rArr; pbuf_free &rArr; mem_free &rArr; plug_holes
</UL>
<BR>[Calls]<UL><LI><a href="#[cb]">&gt;&gt;</a>&nbsp;&nbsp;&nbsp;etharp_query
<LI><a href="#[f0]">&gt;&gt;</a>&nbsp;&nbsp;&nbsp;pbuf_header
<LI><a href="#[c5]">&gt;&gt;</a>&nbsp;&nbsp;&nbsp;ntohl
<LI><a href="#[f1]">&gt;&gt;</a>&nbsp;&nbsp;&nbsp;ip_addr_isbroadcast
<LI><a href="#[f2]">&gt;&gt;</a>&nbsp;&nbsp;&nbsp;etharp_send_ip
</UL>
<BR>[Address Reference Count : 1]<UL><LI> ethernetif.o(i.ethernetif_init)
</UL>
<P><STRONG><a name="[cb]"></a>etharp_query</STRONG> (Thumb, 256 bytes, Stack size 40 bytes, etharp.o(i.etharp_query))
<BR><BR>[Stack]<UL><LI>Max Depth = 164<LI>Call Chain = etharp_query &rArr; etharp_request &rArr; etharp_raw &rArr; pbuf_alloc &rArr; pbuf_free &rArr; mem_free &rArr; plug_holes
</UL>
<BR>[Calls]<UL><LI><a href="#[b8]">&gt;&gt;</a>&nbsp;&nbsp;&nbsp;pbuf_free
<LI><a href="#[f6]">&gt;&gt;</a>&nbsp;&nbsp;&nbsp;pbuf_ref
<LI><a href="#[f5]">&gt;&gt;</a>&nbsp;&nbsp;&nbsp;pbuf_copy
[...]
<BR><BR>[Stack]<UL><LI>Max Depth = 36<LI>Call Chain = dhcp_delete_request &rArr; pbuf_free &rArr; mem_free &rArr; plug_holes
</UL>
<BR>[Calls]<UL><LI><a href="#[b8]">&gt;&gt;</a>&nbsp;&nbsp;&nbsp;pbuf_free
</UL>
<BR>[Called By]<UL><LI><a href="#[cd]">&gt;&gt;</a>&nbsp;&nbsp;&nbsp;dhcp_renew
<LI><a href="#[e3]">&gt;&gt;</a>&nbsp;&nbsp;&nbsp;dhcp_release
<LI><a href="#[e2]">&gt;&gt;</a>&nbsp;&nbsp;&nbsp;dhcp_select
<LI><a href="#[cc]">&gt;&gt;</a>&nbsp;&nbsp;&nbsp;dhcp_rebind
<LI><a href="#[d8]">&gt;&gt;</a>&nbsp;&nbsp;&nbsp;dhcp_discover
<LI><a href="#[c3]">&gt;&gt;</a>&nbsp;&nbsp;&nbsp;dhcp_decline
</UL>

<P><STRONG><a name="[d8]"></a>dhcp_discover</STRONG> (Thumb, 210 bytes, Stack size 24 bytes, dhcp.o(i.dhcp_discover))
<BR><BR>[Stack]<UL><LI>Max Depth = 236<LI>Call Chain = dhcp_discover &rArr; udp_sendto_if &rArr; ip_output_if &rArr; ip_frag &rArr; pbuf_alloc &rArr; pbuf_free &rArr; mem_free &rArr; plug_holes
</UL>
<BR>[Calls]<UL><LI><a href="#[c9]">&gt;&gt;</a>&nbsp;&nbsp;&nbsp;dhcp_set_state
<LI><a href="#[d3]">&gt;&gt;</a>&nbsp;&nbsp;&nbsp;dhcp_option_trailer
<LI><a href="#[d9]">&gt;&gt;</a>&nbsp;&nbsp;&nbsp;dhcp_option_short
<LI><a href="#[d1]">&gt;&gt;</a>&nbsp;&nbsp;&nbsp;dhcp_option_byte
<LI><a href="#[d0]">&gt;&gt;</a>&nbsp;&nbsp;&nbsp;dhcp_option
<LI><a href="#[d7]">&gt;&gt;</a>&nbsp;&nbsp;&nbsp;dhcp_delete_request
<LI><a href="#[ce]">&gt;&gt;</a>&nbsp;&nbsp;&nbsp;dhcp_create_request
<LI><a href="#[d6]">&gt;&gt;</a>&nbsp;&nbsp;&nbsp;udp_sendto_if
<LI><a href="#[d5]">&gt;&gt;</a>&nbsp;&nbsp;&nbsp;udp_connect
<LI><a href="#[d4]">&gt;&gt;</a>&nbsp;&nbsp;&nbsp;pbuf_realloc
</UL>
<BR>[Called By]<UL><LI><a href="#[99]">&gt;&gt;</a>&nbsp;&nbsp;&nbsp;dhcp_start
<LI><a href="#[da]">&gt;&gt;</a>&nbsp;&nbsp;&nbsp;dhcp_timeout
<LI><a href="#[51]">&gt;&gt;</a>&nbsp;&nbsp;&nbsp;dhcp_recv
</UL>

<P><STRONG><a name="[db]"></a>dhcp_free_reply</STRONG> (Thumb, 32 bytes, Stack size 16 bytes, dhcp.o(i.dhcp_free_reply))
<BR><BR>[Stack]<UL><LI>Max Depth = 28<LI>Call Chain = dhcp_free_reply &rArr; mem_free &rArr; plug_holes
</UL>
<BR>[Calls]<UL><LI><a href="#[dc]">&gt;&gt;</a>&nbsp;&nbsp;&nbsp;mem_free
</UL>
<BR>[Called By]<UL><LI><a href="#[e9]">&gt;&gt;</a>&nbsp;&nbsp;&nbsp;dhcp_stop
<LI><a href="#[e0]">&gt;&gt;</a>&nbsp;&nbsp;&nbsp;dhcp_unfold_reply
<LI><a href="#[51]">&gt;&gt;</a>&nbsp;&nbsp;&nbsp;dhcp_recv
</UL>

<P><STRONG><a name="[df]"></a>dhcp_get_option_long</STRONG> (Thumb, 22 bytes, Stack size 0 bytes, dhcp.o(i.dhcp_get_option_long))
<BR><BR>[Called By]<UL><LI><a href="#[51]">&gt;&gt;</a>&nbsp;&nbsp;&nbsp;dhcp_recv
<LI><a href="#[dd]">&gt;&gt;</a>&nbsp;&nbsp;&nbsp;dhcp_handle_ack
</UL>

<P><STRONG><a name="[de]"></a>dhcp_get_option_ptr</STRONG> (Thumb, 126 bytes, Stack size 16 bytes, dhcp.o(i.dhcp_get_option_ptr))
<BR><BR>[Stack]<UL><LI>Max Depth = 16<LI>Call Chain = dhcp_get_option_ptr
</UL>
<BR>[Called By]<UL><LI><a href="#[51]">&gt;&gt;</a>&nbsp;&nbsp;&nbsp;dhcp_recv
<LI><a href="#[dd]">&gt;&gt;</a>&nbsp;&nbsp;&nbsp;dhcp_handle_ack
</UL>

<P><STRONG><a name="[dd]"></a>dhcp_handle_ack</STRONG> (Thumb, 220 bytes, Stack size 16 bytes, dhcp.o(i.dhcp_handle_ack))
<BR><BR>[Stack]<UL><LI>Max Depth = 32<LI>Call Chain = dhcp_handle_ack &rArr; dhcp_get_option_ptr
</UL>
<BR>[Calls]<UL><LI><a href="#[b0]">&gt;&gt;</a>&nbsp;&nbsp;&nbsp;htonl
<LI><a href="#[de]">&gt;&gt;</a>&nbsp;&nbsp;&nbsp;dhcp_get_option_ptr
<LI><a href="#[df]">&gt;&gt;</a>&nbsp;&nbsp;&nbsp;dhcp_get_option_long
</UL>
<BR>[Called By]<UL><LI><a href="#[51]">&gt;&gt;</a>&nbsp;&nbsp;&nbsp;dhcp_recv
</UL>

<P><STRONG><a name="[d0]"></a>dhcp_option</STRONG> (Thumb, 32 bytes, Stack size 8 bytes, dhcp.o(i.dhcp_option))
<BR><BR>[Stack]<UL><LI>Max Depth = 8<LI>Call Chain = dhcp_option
</UL>
<BR>[Called By]<UL><LI><a href="#[cd]">&gt;&gt;</a>&nbsp;&nbsp;&nbsp;dhcp_renew
<LI><a href="#[e3]">&gt;&gt;</a>&nbsp;&nbsp;&nbsp;dhcp_release
<LI><a href="#[e2]">&gt;&gt;</a>&nbsp;&nbsp;&nbsp;dhcp_select
<LI><a href="#[cc]">&gt;&gt;</a>&nbsp;&nbsp;&nbsp;dhcp_rebind
<LI><a href="#[d8]">&gt;&gt;</a>&nbsp;&nbsp;&nbsp;dhcp_discover
<LI><a href="#[c3]">&gt;&gt;</a>&nbsp;&nbsp;&nbsp;dhcp_decline
</UL>

<P><STRONG><a name="[d1]"></a>dhcp_option_byte</STRONG> (Thumb, 16 bytes, Stack size 0 bytes, dhcp.o(i.dhcp_option_byte))
<BR><BR>[Called By]<UL><LI><a href="#[cd]">&gt;&gt;</a>&nbsp;&nbsp;&nbsp;dhcp_renew
<LI><a href="#[e3]">&gt;&gt;</a>&nbsp;&nbsp;&nbsp;dhcp_release
<LI><a href="#[e2]">&gt;&gt;</a>&nbsp;&nbsp;&nbsp;dhcp_select
<LI><a href="#[cc]">&gt;&gt;</a>&nbsp;&nbsp;&nbsp;dhcp_rebind
<LI><a href="#[d8]">&gt;&gt;</a>&nbsp;&nbsp;&nbsp;dhcp_discover
<LI><a href="#[c3]">&gt;&gt;</a>&nbsp;&nbsp;&nbsp;dhcp_decline
</UL>

<P><STRONG><a name="[d2]"></a>dhcp_option_long</STRONG> (Thumb, 66 bytes, Stack size 8 bytes, dhcp.o(i.dhcp_option_long))
<BR><BR>[Stack]<UL><LI>Max Depth = 8<LI>Call Chain = dhcp_option_long
</UL>
<BR>[Called By]<UL><LI><a href="#[e2]">&gt;&gt;</a>&nbsp;&nbsp;&nbsp;dhcp_select
<LI><a href="#[c3]">&gt;&gt;</a>&nbsp;&nbsp;&nbsp;dhcp_decline
</UL>

<P><STRONG><a name="[d9]"></a>dhcp_option_short</STRONG> (Thumb, 34 bytes, Stack size 8 bytes, dhcp.o(i.dhcp_option_short))
<BR><BR>[Stack]<UL><LI>Max Depth = 8<LI>Call Chain = dhcp_option_short
</UL>
<BR>[Called By]<UL><LI><a href="#[cd]">&gt;&gt;</a>&nbsp;&nbsp;&nbsp;dhcp_renew
<LI><a href="#[e2]">&gt;&gt;</a>&nbsp;&nbsp;&nbsp;dhcp_select
<LI><a href="#[cc]">&gt;&gt;</a>&nbsp;&nbsp;&nbsp;dhcp_rebind
<LI><a href="#[d8]">&gt;&gt;</a>&nbsp;&nbsp;&nbsp;dhcp_discover
</UL>

<P><STRONG><a name="[d3]"></a>dhcp_option_trailer</STRONG> (Thumb, 48 bytes, Stack size 0 bytes, dhcp.o(i.dhcp_option_trailer))
<BR><BR>[Called By]<UL><LI><a href="#[cd]">&gt;&gt;</a>&nbsp;&nbsp;&nbsp;dhcp_renew
<LI><a href="#[e3]">&gt;&gt;</a>&nbsp;&nbsp;&nbsp;dhcp_release
<LI><a href="#[e2]">&gt;&gt;</a>&nbsp;&nbsp;&nbsp;dhcp_select
<LI><a href="#[cc]">&gt;&gt;</a>&nbsp;&nbsp;&nbsp;dhcp_rebind
<LI><a href="#[d8]">&gt;&gt;</a>&nbsp;&nbsp;&nbsp;dhcp_discover
<LI><a href="#[c3]">&gt;&gt;</a>&nbsp;&nbsp;&nbsp;dhcp_decline
</UL>

<P><STRONG><a name="[cc]"></a>dhcp_rebind</STRONG> (Thumb, 152 bytes, Stack size 24 bytes, dhcp.o(i.dhcp_rebind))
<BR><BR>[Stack]<UL><LI>Max Depth = 236<LI>Call Chain = dhcp_rebind &rArr; udp_sendto_if &rArr; ip_output_if &rArr; ip_frag &rArr; pbuf_alloc &rArr; pbuf_free &rArr; mem_free &rArr; plug_holes
</UL>
<BR>[Calls]<UL><LI><a href="#[c9]">&gt;&gt;</a>&nbsp;&nbsp;&nbsp;dhcp_set_state
<LI><a href="#[d3]">&gt;&gt;</a>&nbsp;&nbsp;&nbsp;dhcp_option_trailer
<LI><a href="#[d9]">&gt;&gt;</a>&nbsp;&nbsp;&nbsp;dhcp_option_short
<LI><a href="#[d1]">&gt;&gt;</a>&nbsp;&nbsp;&nbsp;dhcp_option_byte
<LI><a href="#[d0]">&gt;&gt;</a>&nbsp;&nbsp;&nbsp;dhcp_option
<LI><a href="#[d7]">&gt;&gt;</a>&nbsp;&nbsp;&nbsp;dhcp_delete_request
<LI><a href="#[ce]">&gt;&gt;</a>&nbsp;&nbsp;&nbsp;dhcp_create_request
<LI><a href="#[d6]">&gt;&gt;</a>&nbsp;&nbsp;&nbsp;udp_sendto_if
<LI><a href="#[d5]">&gt;&gt;</a>&nbsp;&nbsp;&nbsp;udp_connect
<LI><a href="#[d4]">&gt;&gt;</a>&nbsp;&nbsp;&nbsp;pbuf_realloc
</UL>
<BR>[Called By]<UL><LI><a href="#[9f]">&gt;&gt;</a>&nbsp;&nbsp;&nbsp;dhcp_coarse_tmr
<LI><a href="#[da]">&gt;&gt;</a>&nbsp;&nbsp;&nbsp;dhcp_timeout
</UL>

<P><STRONG><a name="[51]"></a>dhcp_recv</STRONG> (Thumb, 290 bytes, Stack size 24 bytes, dhcp.o(i.dhcp_recv))
<BR><BR>[Stack]<UL><LI>Max Depth = 412<LI>Call Chain = dhcp_recv &rArr; dhcp_bind &rArr; netif_set_ipaddr &rArr; tcp_abandon &rArr; tcp_pcb_remove &rArr; tcp_output &rArr; tcp_output_segment &rArr; ip_output &rArr; ip_output_if &rArr; ip_frag &rArr; pbuf_alloc &rArr; pbuf_free &rArr; mem_free &rArr; plug_holes
</UL>
<BR>[Calls]<UL><LI><a href="#[b8]">&gt;&gt;</a>&nbsp;&nbsp;&nbsp;pbuf_free
<LI><a href="#[b0]">&gt;&gt;</a>&nbsp;&nbsp;&nbsp;htonl
<LI><a href="#[c7]">&gt;&gt;</a>&nbsp;&nbsp;&nbsp;netif_set_netmask
<LI><a href="#[c6]">&gt;&gt;</a>&nbsp;&nbsp;&nbsp;netif_set_ipaddr
<LI><a href="#[c8]">&gt;&gt;</a>&nbsp;&nbsp;&nbsp;netif_set_gw
<LI><a href="#[e1]">&gt;&gt;</a>&nbsp;&nbsp;&nbsp;netif_set_down
<LI><a href="#[e0]">&gt;&gt;</a>&nbsp;&nbsp;&nbsp;dhcp_unfold_reply
<LI><a href="#[c9]">&gt;&gt;</a>&nbsp;&nbsp;&nbsp;dhcp_set_state
<LI><a href="#[e2]">&gt;&gt;</a>&nbsp;&nbsp;&nbsp;dhcp_select
<LI><a href="#[dd]">&gt;&gt;</a>&nbsp;&nbsp;&nbsp;dhcp_handle_ack
<LI><a href="#[de]">&gt;&gt;</a>&nbsp;&nbsp;&nbsp;dhcp_get_option_ptr
<LI><a href="#[df]">&gt;&gt;</a>&nbsp;&nbsp;&nbsp;dhcp_get_option_long
<LI><a href="#[db]">&gt;&gt;</a>&nbsp;&nbsp;&nbsp;dhcp_free_reply
<LI><a href="#[d8]">&gt;&gt;</a>&nbsp;&nbsp;&nbsp;dhcp_discover
<LI><a href="#[ca]">&gt;&gt;</a>&nbsp;&nbsp;&nbsp;dhcp_check
<LI><a href="#[c4]">&gt;&gt;</a>&nbsp;&nbsp;&nbsp;dhcp_bind
<LI><a href="#[c5]">&gt;&gt;</a>&nbsp;&nbsp;&nbsp;ntohl
</UL>
<BR>[Address Reference Count : 1]<UL><LI> dhcp.o(i.dhcp_start)
</UL>
<P><STRONG><a name="[e2]"></a>dhcp_select</STRONG> (Thumb, 252 bytes, Stack size 24 bytes, dhcp.o(i.dhcp_select))
<BR><BR>[Stack]<UL><LI>Max Depth = 236<LI>Call Chain = dhcp_select &rArr; udp_sendto_if &rArr; ip_output_if &rArr; ip_frag &rArr; pbuf_alloc &rArr; pbuf_free &rArr; mem_free &rArr; plug_holes
</UL>
<BR>[Calls]<UL><LI><a href="#[c9]">&gt;&gt;</a>&nbsp;&nbsp;&nbsp;dhcp_set_state
<LI><a href="#[d3]">&gt;&gt;</a>&nbsp;&nbsp;&nbsp;dhcp_option_trailer
<LI><a href="#[d9]">&gt;&gt;</a>&nbsp;&nbsp;&nbsp;dhcp_option_short
<LI><a href="#[d2]">&gt;&gt;</a>&nbsp;&nbsp;&nbsp;dhcp_option_long
<LI><a href="#[d1]">&gt;&gt;</a>&nbsp;&nbsp;&nbsp;dhcp_option_byte
<LI><a href="#[d0]">&gt;&gt;</a>&nbsp;&nbsp;&nbsp;dhcp_option
<LI><a href="#[d7]">&gt;&gt;</a>&nbsp;&nbsp;&nbsp;dhcp_delete_request
<LI><a href="#[ce]">&gt;&gt;</a>&nbsp;&nbsp;&nbsp;dhcp_create_request
<LI><a href="#[d6]">&gt;&gt;</a>&nbsp;&nbsp;&nbsp;udp_sendto_if
<LI><a href="#[d5]">&gt;&gt;</a>&nbsp;&nbsp;&nbsp;udp_connect
<LI><a href="#[d4]">&gt;&gt;</a>&nbsp;&nbsp;&nbsp;pbuf_realloc
<LI><a href="#[c5]">&gt;&gt;</a>&nbsp;&nbsp;&nbsp;ntohl
</UL>
<BR>[Called By]<UL><LI><a href="#[da]">&gt;&gt;</a>&nbsp;&nbsp;&nbsp;dhcp_timeout
<LI><a href="#[51]">&gt;&gt;</a>&nbsp;&nbsp;&nbsp;dhcp_recv
</UL>

<P><STRONG><a name="[c9]"></a>dhcp_set_state</STRONG> (Thumb, 14 bytes, Stack size 0 bytes, dhcp.o(i.dhcp_set_state))
<BR><BR>[Called By]<UL><LI><a href="#[cd]">&gt;&gt;</a>&nbsp;&nbsp;&nbsp;dhcp_renew
<LI><a href="#[e3]">&gt;&gt;</a>&nbsp;&nbsp;&nbsp;dhcp_release
<LI><a href="#[e2]">&gt;&gt;</a>&nbsp;&nbsp;&nbsp;dhcp_select
<LI><a href="#[51]">&gt;&gt;</a>&nbsp;&nbsp;&nbsp;dhcp_recv
<LI><a href="#[cc]">&gt;&gt;</a>&nbsp;&nbsp;&nbsp;dhcp_rebind
<LI><a href="#[d8]">&gt;&gt;</a>&nbsp;&nbsp;&nbsp;dhcp_discover
<LI><a href="#[c3]">&gt;&gt;</a>&nbsp;&nbsp;&nbsp;dhcp_decline
<LI><a href="#[ca]">&gt;&gt;</a>&nbsp;&nbsp;&nbsp;dhcp_check
<LI><a href="#[c4]">&gt;&gt;</a>&nbsp;&nbsp;&nbsp;dhcp_bind
</UL>

<P><STRONG><a name="[da]"></a>dhcp_timeout</STRONG> (Thumb, 116 bytes, Stack size 8 bytes, dhcp.o(i.dhcp_timeout))
<BR><BR>[Stack]<UL><LI>Max Depth = 396<LI>Call Chain = dhcp_timeout &rArr; dhcp_bind &rArr; netif_set_ipaddr &rArr; tcp_abandon &rArr; tcp_pcb_remove &rArr; tcp_output &rArr; tcp_output_segment &rArr; ip_output &rArr; ip_output_if &rArr; ip_frag &rArr; pbuf_alloc &rArr; pbuf_free &rArr; mem_free &rArr; plug_holes
</UL>
<BR>[Calls]<UL><LI><a href="#[cd]">&gt;&gt;</a>&nbsp;&nbsp;&nbsp;dhcp_renew
<LI><a href="#[e3]">&gt;&gt;</a>&nbsp;&nbsp;&nbsp;dhcp_release
<LI><a href="#[e2]">&gt;&gt;</a>&nbsp;&nbsp;&nbsp;dhcp_select
<LI><a href="#[cc]">&gt;&gt;</a>&nbsp;&nbsp;&nbsp;dhcp_rebind
<LI><a href="#[d8]">&gt;&gt;</a>&nbsp;&nbsp;&nbsp;dhcp_discover
<LI><a href="#[ca]">&gt;&gt;</a>&nbsp;&nbsp;&nbsp;dhcp_check
<LI><a href="#[c4]">&gt;&gt;</a>&nbsp;&nbsp;&nbsp;dhcp_bind
</UL>
<BR>[Called By]<UL><LI><a href="#[9e]">&gt;&gt;</a>&nbsp;&nbsp;&nbsp;dhcp_fine_tmr
</UL>

<P><STRONG><a name="[e0]"></a>dhcp_unfold_reply</STRONG> (Thumb, 112 bytes, Stack size 16 bytes, dhcp.o(i.dhcp_unfold_reply))
<BR><BR>[Stack]<UL><LI>Max Depth = 48<LI>Call Chain = dhcp_unfold_reply &rArr; pbuf_copy_partial
</UL>
<BR>[Calls]<UL><LI><a href="#[eb]">&gt;&gt;</a>&nbsp;&nbsp;&nbsp;pbuf_copy_partial
<LI><a href="#[dc]">&gt;&gt;</a>&nbsp;&nbsp;&nbsp;mem_free
<LI><a href="#[db]">&gt;&gt;</a>&nbsp;&nbsp;&nbsp;dhcp_free_reply
<LI><a href="#[ea]">&gt;&gt;</a>&nbsp;&nbsp;&nbsp;mem_malloc
</UL>
<BR>[Called By]<UL><LI><a href="#[51]">&gt;&gt;</a>&nbsp;&nbsp;&nbsp;dhcp_recv
</UL>

<P><STRONG><a name="[11d]"></a>plug_holes</STRONG> (Thumb, 78 bytes, Stack size 12 bytes, mem.o(i.plug_holes))
<BR><BR>[Stack]<UL><LI>Max Depth = 12<LI>Call Chain = plug_holes
</UL>
<BR>[Called By]<UL><LI><a href="#[dc]">&gt;&gt;</a>&nbsp;&nbsp;&nbsp;mem_free
</UL>

<P><STRONG><a name="[100]"></a>icmp_send_response</STRONG> (Thumb, 102 bytes, Stack size 40 bytes, icmp.o(i.icmp_send_response))
<BR><BR>[Stack]<UL><LI>Max Depth = 244<LI>Call Chain = icmp_send_response &rArr; ip_output &rArr; ip_output_if &rArr; ip_frag &rArr; pbuf_alloc &rArr; pbuf_free &rArr; mem_free &rArr; plug_holes
</UL>
<BR>[Calls]<UL><LI><a href="#[b8]">&gt;&gt;</a>&nbsp;&nbsp;&nbsp;pbuf_free
<LI><a href="#[105]">&gt;&gt;</a>&nbsp;&nbsp;&nbsp;inet_chksum
<LI><a href="#[106]">&gt;&gt;</a>&nbsp;&nbsp;&nbsp;ip_output
<LI><a href="#[cf]">&gt;&gt;</a>&nbsp;&nbsp;&nbsp;pbuf_alloc
<LI><a href="#[fd]">&gt;&gt;</a>&nbsp;&nbsp;&nbsp;__aeabi_memcpy
</UL>
<BR>[Called By]<UL><LI><a href="#[107]">&gt;&gt;</a>&nbsp;&nbsp;&nbsp;icmp_time_exceeded
<LI><a href="#[ff]">&gt;&gt;</a>&nbsp;&nbsp;&nbsp;icmp_dest_unreach
</UL>

<P><STRONG><a name="[108]"></a>lwip_standard_chksum</STRONG> (Thumb, 60 bytes, Stack size 8 bytes, inet_chksum.o(i.lwip_standard_chksum))
<BR><BR>[Stack]<UL><LI>Max Depth = 8<LI>Call Chain = lwip_standard_chksum
</UL>
<BR>[Calls]<UL><LI><a href="#[ed]">&gt;&gt;</a>&nbsp;&nbsp;&nbsp;htons
</UL>
<BR>[Called By]<UL><LI><a href="#[103]">&gt;&gt;</a>&nbsp;&nbsp;&nbsp;inet_chksum_pbuf
<LI><a href="#[105]">&gt;&gt;</a>&nbsp;&nbsp;&nbsp;inet_chksum
</UL>

<P><STRONG><a name="[113]"></a>ip_reass_chain_frag_into_datagram_and_validate</STRONG> (Thumb, 234 bytes, Stack size 32 bytes, ip_frag.o(i.ip_reass_chain_frag_into_datagram_and_validate))
<BR><BR>[Stack]<UL><LI>Max Depth = 60<LI>Call Chain = ip_reass_chain_frag_into_datagram_and_validate &rArr; pbuf_free &rArr; mem_free &rArr; plug_holes
</UL>
<BR>[Calls]<UL><LI><a href="#[b8]">&gt;&gt;</a>&nbsp;&nbsp;&nbsp;pbuf_free
<LI><a href="#[111]">&gt;&gt;</a>&nbsp;&nbsp;&nbsp;pbuf_clen
<LI><a href="#[102]">&gt;&gt;</a>&nbsp;&nbsp;&nbsp;ntohs
</UL>
<BR>[Called By]<UL><LI><a href="#[10c]">&gt;&gt;</a>&nbsp;&nbsp;&nbsp;ip_reass
</UL>

<P><STRONG><a name="[115]"></a>ip_reass_dequeue_datagram</STRONG> (Thumb, 30 bytes, Stack size 8 bytes, ip_frag.o(i.ip_reass_dequeue_datagram))
<BR><BR>[Stack]<UL><LI>Max Depth = 8<LI>Call Chain = ip_reass_dequeue_datagram
</UL>
<BR>[Calls]<UL><LI><a href="#[fe]">&gt;&gt;</a>&nbsp;&nbsp;&nbsp;memp_free
</UL>
<BR>[Called By]<UL><LI><a href="#[10c]">&gt;&gt;</a>&nbsp;&nbsp;&nbsp;ip_reass
<LI><a href="#[116]">&gt;&gt;</a>&nbsp;&nbsp;&nbsp;ip_reass_free_complete_datagram
</UL>

<P><STRONG><a name="[116]"></a>ip_reass_free_complete_datagram</STRONG> (Thumb, 106 bytes, Stack size 24 bytes, ip_frag.o(i.ip_reass_free_complete_datagram))
<BR><BR>[Stack]<UL><LI>Max Depth = 268<LI>Call Chain = ip_reass_free_complete_datagram &rArr; icmp_time_exceeded &rArr; icmp_send_response &rArr; ip_output &rArr; ip_output_if &rArr; ip_frag &rArr; pbuf_alloc &rArr; pbuf_free &rArr; mem_free &rArr; plug_holes
</UL>
<BR>[Calls]<UL><LI><a href="#[b8]">&gt;&gt;</a>&nbsp;&nbsp;&nbsp;pbuf_free
<LI><a href="#[107]">&gt;&gt;</a>&nbsp;&nbsp;&nbsp;icmp_time_exceeded
<LI><a href="#[111]">&gt;&gt;</a>&nbsp;&nbsp;&nbsp;pbuf_clen
<LI><a href="#[fd]">&gt;&gt;</a>&nbsp;&nbsp;&nbsp;__aeabi_memcpy
<LI><a href="#[115]">&gt;&gt;</a>&nbsp;&nbsp;&nbsp;ip_reass_dequeue_datagram
</UL>
<BR>[Called By]<UL><LI><a href="#[112]">&gt;&gt;</a>&nbsp;&nbsp;&nbsp;ip_reass_remove_oldest_datagram
</UL>

<P><STRONG><a name="[112]"></a>ip_reass_remove_oldest_datagram</STRONG> (Thumb, 110 bytes, Stack size 24 bytes, ip_frag.o(i.ip_reass_remove_oldest_datagram))
<BR><BR>[Stack]<UL><LI>Max Depth = 292<LI>Call Chain = ip_reass_remove_oldest_datagram &rArr; ip_reass_free_complete_datagram &rArr; icmp_time_exceeded &rArr; icmp_send_response &rArr; ip_output &rArr; ip_output_if &rArr; ip_frag &rArr; pbuf_alloc &rArr; pbuf_free &rArr; mem_free &rArr; plug_holes
</UL>
<BR>[Calls]<UL><LI><a href="#[116]">&gt;&gt;</a>&nbsp;&nbsp;&nbsp;ip_reass_free_complete_datagram
</UL>
<BR>[Called By]<UL><LI><a href="#[10c]">&gt;&gt;</a>&nbsp;&nbsp;&nbsp;ip_reass
</UL>

<P><STRONG><a name="[f8]"></a>etharp_raw</STRONG> (Thumb, 158 bytes, Stack size 40 bytes, etharp.o(i.etharp_raw))
<BR><BR>[Stack]<UL><LI>Max Depth = 100<LI>Call Chain = etharp_raw &rArr; pbuf_alloc &rArr; pbuf_free &rArr; mem_free &rArr; plug_holes
</UL>
<BR>[Calls]<UL><LI><a href="#[b8]">&gt;&gt;</a>&nbsp;&nbsp;&nbsp;pbuf_free
<LI><a href="#[ed]">&gt;&gt;</a>&nbsp;&nbsp;&nbsp;htons
<LI><a href="#[cf]">&gt;&gt;</a>&nbsp;&nbsp;&nbsp;pbuf_alloc
</UL>
<BR>[Called By]<UL><LI><a href="#[f4]">&gt;&gt;</a>&nbsp;&nbsp;&nbsp;etharp_request
</UL>

<P><STRONG><a name="[f2]"></a>etharp_send_ip</STRONG> (Thumb, 54 bytes, Stack size 24 bytes, etharp.o(i.etharp_send_ip))
<BR><BR>[Stack]<UL><LI>Max Depth = 24<LI>Call Chain = etharp_send_ip
</UL>
<BR>[Calls]<UL><LI><a href="#[ed]">&gt;&gt;</a>&nbsp;&nbsp;&nbsp;htons
</UL>
<BR>[Called By]<UL><LI><a href="#[cb]">&gt;&gt;</a>&nbsp;&nbsp;&nbsp;etharp_query
<LI><a href="#[52]">&gt;&gt;</a>&nbsp;&nbsp;&nbsp;etharp_output
<LI><a href="#[ee]">&gt;&gt;</a>&nbsp;&nbsp;&nbsp;update_arp_entry
</UL>

<P><STRONG><a name="[f3]"></a>find_entry</STRONG> (Thumb, 308 bytes, Stack size 48 bytes, etharp.o(i.find_entry))
<BR><BR>[Stack]<UL><LI>Max Depth = 92<LI>Call Chain = find_entry &rArr; free_etharp_q &rArr; pbuf_free &rArr; mem_free &rArr; plug_holes
</UL>
<BR>[Calls]<UL><LI><a href="#[f9]">&gt;&gt;</a>&nbsp;&nbsp;&nbsp;free_etharp_q
</UL>
<BR>[Called By]<UL><LI><a href="#[cb]">&gt;&gt;</a>&nbsp;&nbsp;&nbsp;etharp_query
<LI><a href="#[ee]">&gt;&gt;</a>&nbsp;&nbsp;&nbsp;update_arp_entry
</UL>

<P><STRONG><a name="[f9]"></a>free_etharp_q</STRONG> (Thumb, 30 bytes, Stack size 16 bytes, etharp.o(i.free_etharp_q))
<BR><BR>[Stack]<UL><LI>Max Depth = 44<LI>Call Chain = free_etharp_q &rArr; pbuf_free &rArr; mem_free &rArr; plug_holes
</UL>
<BR>[Calls]<UL><LI><a href="#[b8]">&gt;&gt;</a>&nbsp;&nbsp;&nbsp;pbuf_free
<LI><a href="#[fe]">&gt;&gt;</a>&nbsp;&nbsp;&nbsp;memp_free
</UL>
<BR>[Called By]<UL><LI><a href="#[9d]">&gt;&gt;</a>&nbsp;&nbsp;&nbsp;etharp_tmr
<LI><a href="#[f3]">&gt;&gt;</a>&nbsp;&nbsp;&nbsp;find_entry
</UL>

<P><STRONG><a name="[ee]"></a>update_arp_entry</STRONG> (Thumb, 162 bytes, Stack size 32 bytes, etharp.o(i.update_arp_entry))
<BR><BR>[Stack]<UL><LI>Max Depth = 124<LI>Call Chain = update_arp_entry &rArr; find_entry &rArr; free_etharp_q &rArr; pbuf_free &rArr; mem_free &rArr; plug_holes
</UL>
<BR>[Calls]<UL><LI><a href="#[b8]">&gt;&gt;</a>&nbsp;&nbsp;&nbsp;pbuf_free
<LI><a href="#[c5]">&gt;&gt;</a>&nbsp;&nbsp;&nbsp;ntohl
<LI><a href="#[f1]">&gt;&gt;</a>&nbsp;&nbsp;&nbsp;ip_addr_isbroadcast
<LI><a href="#[fe]">&gt;&gt;</a>&nbsp;&nbsp;&nbsp;memp_free
<LI><a href="#[f3]">&gt;&gt;</a>&nbsp;&nbsp;&nbsp;find_entry
<LI><a href="#[f2]">&gt;&gt;</a>&nbsp;&nbsp;&nbsp;etharp_send_ip
</UL>
<BR>[Called By]<UL><LI><a href="#[ef]">&gt;&gt;</a>&nbsp;&nbsp;&nbsp;etharp_ip_input
<LI><a href="#[ec]">&gt;&gt;</a>&nbsp;&nbsp;&nbsp;etharp_arp_input
</UL>

<P><STRONG><a name="[a8]"></a>SetSysClockTo72</STRONG> (Thumb, 190 bytes, Stack size 12 bytes, system_stm32f10x.o(i.SetSysClockTo72))
<BR><BR>[Stack]<UL><LI>Max Depth = 12<LI>Call Chain = SetSysClockTo72
</UL>
<BR>[Called By]<UL><LI><a href="#[a7]">&gt;&gt;</a>&nbsp;&nbsp;&nbsp;SystemInit
</UL>

<P><STRONG><a name="[4c]"></a>_printf_input_char</STRONG> (Thumb, 10 bytes, Stack size 0 bytes, _printf_char_common.o(.text))
<BR>[Address Reference Count : 1]<UL><LI> _printf_char_common.o(.text)
</UL><P>
<H3>
Undefined Global Symbols
</H3><HR></body></html>
