<html>
<body>
<pre>
<h1>µVision Build Log</h1>
<h2>Tool Versions:</h2>
IDE-Version: ¶ÃVision V5.18.0.0
Copyright (C) 2016 ARM Ltd and ARM Germany GmbH. All rights reserved.
License Information: 123 Acer, 123, LIC=GMZI6-DA0KG-ARWXW-Q0N38-EFB88-S6IFU
 
Tool Versions:
Toolchain:       MDK-ARM Standard  Version: 5.18
Toolchain Path:  D:\keil mdk\ARM\ARMCC\Bin
C Compiler:      Armcc.exe V5.06 update 1 (build 61)
Assembler:       Armasm.exe V5.06 update 1 (build 61)
Linker/Locator:  ArmLink.exe V5.06 update 1 (build 61)
Library Manager: ArmAr.exe V5.06 update 1 (build 61)
Hex Converter:   FromElf.exe V5.06 update 1 (build 61)
CPU DLL:         SARMCM3.DLL V5.18
Dialog DLL:      DARMTM.DLL
Target DLL:      Segger\JL2CM3.dll V2.99.18.0
Dialog DLL:      TARMSTM.DLL V1.64.0.0
 
<h2>Project:</h2>
E:\Study Files\«∂»Î Ω\¥˙¬Î\modbus\app\ori.uvprojx
Project File Date:  12/12/2020

<h2>Output:</h2>
*** Using Compiler 'V5.06 update 1 (build 61)', folder: 'D:\keil mdk\ARM\ARMCC\Bin'
Rebuild target 'ori'
assembling startup_stm32f10x_hd.s...
compiling gpioconf.c...
compiling timconf.c...
compiling stm32f10x_it.c...
stm32f10x_it.c(171): warning:  #167-D: argument of type "volatile uint8_t *" is incompatible with parameter of type "uint8_t *"
               modbus(rx_rec,rx_rec_length);
stm32f10x_it.c: 1 warning, 0 errors
compiling usart2conf.c...
compiling main.c...
compiling modbus_process.c...
modbus_process.c(37): warning:  #177-D: variable "out_amt" was declared but never referenced
  	 uint16_t out_amt=Rx[4]<<8|Rx[5];
modbus_process.c(88): warning:  #186-D: pointless comparison of unsigned integer with zero
      if((data_addr+data_amt/32)<100 && (data_addr>=0 && data_addr <100)){//≥§?»∑?Œß?–∂? ??÷∑∑∂Œß?–∂?
modbus_process.c(115): warning:  #186-D: pointless comparison of unsigned integer with zero
      if((data_addr+data_amt/32)<100 && (data_addr>=0 && data_addr <100)){//≥§?»∑?Œß?–∂? ??÷∑∑∂Œß?–∂?
modbus_process.c(138): warning:  #186-D: pointless comparison of unsigned integer with zero
      if((rec_addr+rec_amt)<100 && (rec_addr>=0 && rec_addr <100)){//≥§?»∑?Œß?–∂? ??÷∑∑∂Œß?–∂?
modbus_process.c(162): warning:  #186-D: pointless comparison of unsigned integer with zero
      if((rec_addr+rec_amt)<100 && (rec_addr>=0 && rec_addr <100)){//≥§?»∑?Œß?–∂? ??÷∑∑∂Œß?–∂?
modbus_process.c(187): warning:  #186-D: pointless comparison of unsigned integer with zero
  		 if(rec_addr>=0 && rec_addr<100){
modbus_process.c(229): warning:  #186-D: pointless comparison of unsigned integer with zero
  	 if(write_value<=0xffffffff && write_value>=0){
modbus_process.c(230): warning:  #186-D: pointless comparison of unsigned integer with zero
  		 if(rec_addr>=0 && rec_addr<100){
modbus_process.c(258): warning:  #186-D: pointless comparison of unsigned integer with zero
  		 if(rec_addr>=0 && rec_addr<100 &&(rec_addr+sw_amt<100)){
modbus_process.c(286): warning:  #186-D: pointless comparison of unsigned integer with zero
  		 if(rec_addr>=0 && rec_addr<100 &&(rec_addr+rec_amt<100) && char_amt*4==rec_amt){
modbus_process.c: 10 warnings, 0 errors
compiling stm32f10x_wwdg.c...
compiling stm32f10x_usart.c...
compiling stm32f10x_rtc.c...
compiling stm32f10x_spi.c...
compiling stm32f10x_sdio.c...
compiling stm32f10x_pwr.c...
compiling stm32f10x_tim.c...
compiling stm32f10x_rcc.c...
compiling stm32f10x_iwdg.c...
compiling stm32f10x_i2c.c...
compiling stm32f10x_exti.c...
compiling stm32f10x_gpio.c...
compiling stm32f10x_fsmc.c...
compiling stm32f10x_flash.c...
compiling stm32f10x_dma.c...
compiling stm32f10x_dbgmcu.c...
compiling stm32f10x_dac.c...
compiling core_cm3.c...
compiling stm32f10x_crc.c...
compiling stm32f10x_cec.c...
compiling stm32f10x_bkp.c...
compiling misc.c...
compiling stm32f10x_adc.c...
compiling stm32f10x_can.c...
compiling system_stm32f10x.c...
linking...
Program Size: Code=4656 RO-data=336 RW-data=76 ZI-data=2324  
"..\obj\ori.axf" - 0 Error(s), 11 Warning(s).

<h2>Collection of Component include folders:</h2>
  E:\Study Files\«∂»Î Ω\¥˙¬Î\modbus\app\RTE
  D:\keil mdk\ARM\PACK\Keil\STM32F1xx_DFP\2.0.0\Device\Include

<h2>Collection of Component Files used:</h2>
Build Time Elapsed:  00:00:04
</pre>
</body>
</html>
