<html>
<body>
<pre>
<h1>礦ision Build Log</h1>
<h2>Tool Versions:</h2>
IDE-Version: μVision V5.18.0.0
Copyright (C) 2016 ARM Ltd and ARM Germany GmbH. All rights reserved.
License Information: Henry Shy, HDU, LIC=QF82M-X3C3L-UH98H-WZH55-IJFCM-PW691
 
Tool Versions:
Toolchain:       MDK-ARM Standard  Version: 5.18
Toolchain Path:  D:\Keil uv5\ARM\ARMCC\Bin
C Compiler:      Armcc.exe V5.06 update 1 (build 61)
Assembler:       Armasm.exe V5.06 update 1 (build 61)
Linker/Locator:  ArmLink.exe V5.06 update 1 (build 61)
Library Manager: ArmAr.exe V5.06 update 1 (build 61)
Hex Converter:   FromElf.exe V5.06 update 1 (build 61)
CPU DLL:         SARMCM3.DLL V5.18
Dialog DLL:      DARMTM.DLL
Target DLL:      Segger\JL2CM3.dll V2.99.18.0
Dialog DLL:      TARMSTM.DLL V1.64.0.0
 
<h2>Project:</h2>
\\192.168.3.32\Data\USER files\Study Files\嵌入式\代码\fr os\app\ori.uvprojx
Project File Date:  03/17/2021

<h2>Output:</h2>
*** Using Compiler 'V5.06 update 1 (build 61)', folder: 'D:\Keil uv5\ARM\ARMCC\Bin'
Rebuild target 'ori'
assembling startup_stm32f10x_hd.s...
compiling stm32f10x_iwdg.c...
compiling stm32f10x_pwr.c...
compiling stm32f10x_rtc.c...
compiling stm32f10x_dbgmcu.c...
compiling stm32f10x_wwdg.c...
compiling stm32f10x_exti.c...
compiling stm32f10x_spi.c...
compiling stm32f10x_i2c.c...
compiling stm32f10x_sdio.c...
compiling stm32f10x_dma.c...
compiling stm32f10x_gpio.c...
compiling stm32f10x_rcc.c...
compiling stm32f10x_usart.c...
compiling stm32f10x_flash.c...
compiling stm32f10x_tim.c...
compiling stm32f10x_fsmc.c...
compiling stm32f10x_it.c...
main.h(19): warning:  #1295-D: Deprecated declaration LED_configuration - give arg types
  void LED_configuration();
main.h(21): warning:  #1-D: last line of file ends without a newline
  #endif
stm32f10x_it.c: 2 warnings, 0 errors
compiling main.c...
main.h(19): warning:  #1295-D: Deprecated declaration LED_configuration - give arg types
  void LED_configuration();
main.h(21): warning:  #1-D: last line of file ends without a newline
  #endif
main.c(76): warning:  #1-D: last line of file ends without a newline
  }
main.c: 3 warnings, 0 errors
compiling stm32f10x_dac.c...
compiling core_cm3.c...
compiling stm32f10x_crc.c...
compiling misc.c...
compiling stm32f10x_cec.c...
compiling stm32f10x_bkp.c...
compiling system_stm32f10x.c...
compiling stm32f10x_adc.c...
compiling stm32f10x_can.c...
compiling list.c...
compiling heap_4.c...
compiling croutine.c...
compiling event_groups.c...
compiling timers.c...
compiling queue.c...
compiling stream_buffer.c...
compiling tasks.c...
..\FreeRTOS\tasks.c(5398): warning:  #1-D: last line of file ends without a newline
  unsigned long ulRunTimeStatsClock = 0UL;
..\FreeRTOS\tasks.c: 1 warning, 0 errors
compiling port.c...
linking...
Program Size: Code=4356 RO-data=336 RW-data=120 ZI-data=19784  
"..\obj\ori.axf" - 0 Error(s), 6 Warning(s).

<h2>Collection of Component include folders:</h2>
  \\192.168.3.32\Data\USER files\Study Files\嵌入式\代码\fr os\app\RTE
  D:\Keil uv5\ARM\PACK\Keil\STM32F1xx_DFP\2.0.0\Device\Include

<h2>Collection of Component Files used:</h2>
Build Time Elapsed:  00:00:30
</pre>
</body>
</html>
