Component: ARM Compiler 5.06 update 1 (build 61) Tool: armlink [4d35a8]

==============================================================================

Section Cross References

    stm32f10x_it.o(i.ETH_IRQHandler) refers to netconf.o(i.LwIP_Pkt_Handle) for LwIP_Pkt_Handle
    stm32f10x_it.o(i.ETH_IRQHandler) refers to stm32_eth.o(i.ETH_GetRxPktSize) for ETH_GetRxPktSize
    stm32f10x_it.o(i.ETH_IRQHandler) refers to stm32_eth.o(i.ETH_DMAClearITPendingBit) for ETH_DMAClearITPendingBit
    stm32f10x_it.o(i.SysTick_Handler) refers to main.o(i.Time_Update) for Time_Update
    main.o(i.Delay) refers to main.o(.data) for .data
    main.o(i.System_Periodic_Handle) refers to netconf.o(i.Display_Periodic_Handle) for Display_Periodic_Handle
    main.o(i.System_Periodic_Handle) refers to netconf.o(i.LwIP_Periodic_Handle) for LwIP_Periodic_Handle
    main.o(i.System_Periodic_Handle) refers to main.o(.data) for .data
    main.o(i.Time_Update) refers to main.o(.data) for .data
    main.o(i.main) refers to stm32f107.o(i.System_Setup) for System_Setup
    main.o(i.main) refers to netconf.o(i.LwIP_Init) for LwIP_Init
    main.o(i.main) refers to helloworld.o(i.HelloWorld_init) for HelloWorld_init
    main.o(i.main) refers to httpd.o(i.httpd_init) for httpd_init
    main.o(i.main) refers to tftpserver.o(i.tftpd_init) for tftpd_init
    main.o(i.main) refers to main.o(i.System_Periodic_Handle) for System_Periodic_Handle
    stm32f107.o(i.ADC_Configuration) refers to stm32f10x_adc.o(i.ADC_Init) for ADC_Init
    stm32f107.o(i.ADC_Configuration) refers to stm32f10x_adc.o(i.ADC_RegularChannelConfig) for ADC_RegularChannelConfig
    stm32f107.o(i.ADC_Configuration) refers to stm32f10x_adc.o(i.ADC_Cmd) for ADC_Cmd
    stm32f107.o(i.ADC_Configuration) refers to stm32f10x_adc.o(i.ADC_SoftwareStartConvCmd) for ADC_SoftwareStartConvCmd
    stm32f107.o(i.Ethernet_Configuration) refers to stm32f10x_gpio.o(i.GPIO_ETH_MediaInterfaceConfig) for GPIO_ETH_MediaInterfaceConfig
    stm32f107.o(i.Ethernet_Configuration) refers to stm32f10x_rcc.o(i.RCC_PLL3Config) for RCC_PLL3Config
    stm32f107.o(i.Ethernet_Configuration) refers to stm32f10x_rcc.o(i.RCC_PLL3Cmd) for RCC_PLL3Cmd
    stm32f107.o(i.Ethernet_Configuration) refers to stm32f10x_rcc.o(i.RCC_GetFlagStatus) for RCC_GetFlagStatus
    stm32f107.o(i.Ethernet_Configuration) refers to stm32f10x_rcc.o(i.RCC_MCOConfig) for RCC_MCOConfig
    stm32f107.o(i.Ethernet_Configuration) refers to stm32_eth.o(i.ETH_DeInit) for ETH_DeInit
    stm32f107.o(i.Ethernet_Configuration) refers to stm32_eth.o(i.ETH_SoftwareReset) for ETH_SoftwareReset
    stm32f107.o(i.Ethernet_Configuration) refers to stm32_eth.o(i.ETH_GetSoftwareResetStatus) for ETH_GetSoftwareResetStatus
    stm32f107.o(i.Ethernet_Configuration) refers to stm32_eth.o(i.ETH_StructInit) for ETH_StructInit
    stm32f107.o(i.Ethernet_Configuration) refers to stm32_eth.o(i.ETH_Init) for ETH_Init
    stm32f107.o(i.Ethernet_Configuration) refers to stm32_eth.o(i.ETH_DMAITConfig) for ETH_DMAITConfig
    stm32f107.o(i.GPIO_Configuration) refers to stm32f10x_gpio.o(i.GPIO_Init) for GPIO_Init
    stm32f107.o(i.GPIO_Configuration) refers to stm32f10x_gpio.o(i.GPIO_PinRemapConfig) for GPIO_PinRemapConfig
    stm32f107.o(i.NVIC_Configuration) refers to misc.o(i.NVIC_SetVectorTable) for NVIC_SetVectorTable
    stm32f107.o(i.NVIC_Configuration) refers to misc.o(i.NVIC_PriorityGroupConfig) for NVIC_PriorityGroupConfig
    stm32f107.o(i.NVIC_Configuration) refers to misc.o(i.NVIC_Init) for NVIC_Init
    stm32f107.o(i.System_Setup) refers to system_stm32f10x.o(i.SystemInit) for SystemInit
    stm32f107.o(i.System_Setup) refers to stm32f10x_rcc.o(i.RCC_APB1PeriphClockCmd) for RCC_APB1PeriphClockCmd
    stm32f107.o(i.System_Setup) refers to stm32f10x_rcc.o(i.RCC_AHBPeriphClockCmd) for RCC_AHBPeriphClockCmd
    stm32f107.o(i.System_Setup) refers to stm32f10x_rcc.o(i.RCC_APB2PeriphClockCmd) for RCC_APB2PeriphClockCmd
    stm32f107.o(i.System_Setup) refers to stm32f107.o(i.NVIC_Configuration) for NVIC_Configuration
    stm32f107.o(i.System_Setup) refers to stm32f107.o(i.ADC_Configuration) for ADC_Configuration
    stm32f107.o(i.System_Setup) refers to stm32f107.o(i.GPIO_Configuration) for GPIO_Configuration
    stm32f107.o(i.System_Setup) refers to stm32f107.o(i.Ethernet_Configuration) for Ethernet_Configuration
    stm32f107.o(i.System_Setup) refers to stm32f10x_rcc.o(i.RCC_GetClocksFreq) for RCC_GetClocksFreq
    stm32f107.o(i.System_Setup) refers to stm32f107.o(i.NVIC_SetPriority) for NVIC_SetPriority
    netconf.o(i.Display_Periodic_Handle) refers to _printf_percent.o(.ARM.Collect$$_printf_percent$$00000000) for _printf_percent
    netconf.o(i.Display_Periodic_Handle) refers to _printf_d.o(.ARM.Collect$$_printf_percent$$00000009) for _printf_d
    netconf.o(i.Display_Periodic_Handle) refers to _printf_dec.o(.text) for _printf_int_dec
    netconf.o(i.Display_Periodic_Handle) refers to noretval__2sprintf.o(.text) for __2sprintf
[...]
    dhcp_release                             0x08003135   Thumb Code   188  dhcp.o(i.dhcp_release)
    dhcp_renew                               0x080031f5   Thumb Code   156  dhcp.o(i.dhcp_renew)
    dhcp_start                               0x080033a5   Thumb Code   156  dhcp.o(i.dhcp_start)
    dhcp_stop                                0x08003449   Thumb Code    62  dhcp.o(i.dhcp_stop)
    dir_addCluster                           0x0800356b   Thumb Code   102  dir.o(i.dir_addCluster)
    dir_createDefaultEntry                   0x080035d1   Thumb Code    38  dir.o(i.dir_createDefaultEntry)
    dir_createDirectoryEntry                 0x080035f7   Thumb Code    48  dir.o(i.dir_createDirectoryEntry)
    dir_findFileinBuf                        0x08003627   Thumb Code    88  dir.o(i.dir_findFileinBuf)
    dir_findFreeEntryinBuf                   0x0800367f   Thumb Code    64  dir.o(i.dir_findFreeEntryinBuf)
    dir_findinBuf                            0x080036bf   Thumb Code    20  dir.o(i.dir_findinBuf)
    dir_findinCluster                        0x080036d3   Thumb Code   106  dir.o(i.dir_findinCluster)
    dir_findinDir                            0x0800373d   Thumb Code    86  dir.o(i.dir_findinDir)
    dir_findinRootArea                       0x08003793   Thumb Code   110  dir.o(i.dir_findinRootArea)
    dir_getFatFileName                       0x08003801   Thumb Code    70  dir.o(i.dir_getFatFileName)
    dir_getFileStructure                     0x08003847   Thumb Code    48  dir.o(i.dir_getFileStructure)
    dir_setFileSize                          0x08003877   Thumb Code    38  dir.o(i.dir_setFileSize)
    dir_setFirstCluster                      0x0800389d   Thumb Code    48  dir.o(i.dir_setFirstCluster)
    dir_updateDirectoryEntry                 0x080038cd   Thumb Code    50  dir.o(i.dir_updateDirectoryEntry)
    disc_initDisc                            0x080038ff   Thumb Code    10  disc.o(i.disc_initDisc)
    disc_loadMBR                             0x08003909   Thumb Code    60  disc.o(i.disc_loadMBR)
    efs_init                                 0x08003945   Thumb Code   104  efs.o(i.efs_init)
    etharp_arp_input                         0x080039ad   Thumb Code   218  etharp.o(i.etharp_arp_input)
    etharp_ip_input                          0x08003a87   Thumb Code    40  etharp.o(i.etharp_ip_input)
    etharp_output                            0x08003ab1   Thumb Code   178  etharp.o(i.etharp_output)
    etharp_query                             0x08003b69   Thumb Code   256  etharp.o(i.etharp_query)
    etharp_request                           0x08003d0d   Thumb Code    32  etharp.o(i.etharp_request)
    etharp_tmr                               0x08003d69   Thumb Code    78  etharp.o(i.etharp_tmr)
    ethernet_input                           0x08003dbd   Thumb Code    84  etharp.o(i.ethernet_input)
    ethernetif_init                          0x08003e11   Thumb Code    56  ethernetif.o(i.ethernetif_init)
    ethernetif_input                         0x08003e51   Thumb Code   116  ethernetif.o(i.ethernetif_input)
    ex_getPartitionField                     0x08003ec9   Thumb Code    60  extract.o(i.ex_getPartitionField)
    ex_getb16                                0x08003f05   Thumb Code    14  extract.o(i.ex_getb16)
    ex_getb32                                0x08003f13   Thumb Code    24  extract.o(i.ex_getb32)
    fat_DiscToLogicCluster                   0x08003f2b   Thumb Code    56  fat.o(i.fat_DiscToLogicCluster)
    fat_LogicToDiscCluster                   0x08003f63   Thumb Code    82  fat.o(i.fat_LogicToDiscCluster)
    fat_allocClusterChain                    0x08003fb5   Thumb Code   286  fat.o(i.fat_allocClusterChain)
    fat_countClustersInChain                 0x080040d3   Thumb Code    48  fat.o(i.fat_countClustersInChain)
    fat_getNextClusterAddress                0x08004103   Thumb Code   156  fat.o(i.fat_getNextClusterAddress)
    fat_getNextClusterAddressWBuf            0x0800419f   Thumb Code   120  fat.o(i.fat_getNextClusterAddressWBuf)
    fat_getNextClusterChain                  0x08004217   Thumb Code   152  fat.o(i.fat_getNextClusterChain)
    fat_getSectorAddressFatEntry             0x080042af   Thumb Code    48  fat.o(i.fat_getSectorAddressFatEntry)
    fat_giveEocMarker                        0x080042df   Thumb Code    38  fat.o(i.fat_giveEocMarker)
    fat_isEocMarker                          0x08004305   Thumb Code    52  fat.o(i.fat_isEocMarker)
    fat_setNextClusterAddress                0x0800433d   Thumb Code   222  fat.o(i.fat_setNextClusterAddress)
    fat_setNextClusterAddressWBuf            0x0800441b   Thumb Code   176  fat.o(i.fat_setNextClusterAddressWBuf)
    file_fclose                              0x080044cb   Thumb Code   102  file.o(i.file_fclose)
    file_fopen                               0x08004531   Thumb Code   414  file.o(i.file_fopen)
    file_fread                               0x080046cf   Thumb Code   204  file.o(i.file_fread)
    file_fwrite                              0x0800479b   Thumb Code   266  file.o(i.file_fwrite)
    file_getAttr                             0x080048a5   Thumb Code    12  file.o(i.file_getAttr)
    file_initFile                            0x080048b1   Thumb Code    44  file.o(i.file_initFile)
    file_normalToFatName                     0x080048dd   Thumb Code   134  file.o(i.file_normalToFatName)
    file_read                                0x08004963   Thumb Code    24  file.o(i.file_read)
    file_requiredCluster                     0x0800497b   Thumb Code    84  file.o(i.file_requiredCluster)
    file_setAttr                             0x080049cf   Thumb Code    22  file.o(i.file_setAttr)
    file_setpos                              0x080049e5   Thumb Code    18  file.o(i.file_setpos)
    file_validateChar                        0x080049f7   Thumb Code    62  file.o(i.file_validateChar)
    file_write                               0x08004a35   Thumb Code    24  file.o(i.file_write)
    fs_clearCluster                          0x08004ba7   Thumb Code    66  fs.o(i.fs_clearCluster)
    fs_clusterToSector                       0x08004be9   Thumb Code    36  fs.o(i.fs_clusterToSector)
    fs_countDataSectors                      0x08004c0d   Thumb Code    76  fs.o(i.fs_countDataSectors)
    fs_determineFatType                      0x08004c59   Thumb Code    42  fs.o(i.fs_determineFatType)
    fs_findFile                              0x08004c83   Thumb Code   182  fs.o(i.fs_findFile)
    fs_findFirstSectorRootDir                0x08004d39   Thumb Code    36  fs.o(i.fs_findFirstSectorRootDir)
    fs_findFreeFile                          0x08004d5d   Thumb Code    92  fs.o(i.fs_findFreeFile)
    fs_flushFs                               0x08004db9   Thumb Code    10  fs.o(i.fs_flushFs)
    fs_getFirstClusterRootDir                0x08004dc3   Thumb Code    16  fs.o(i.fs_getFirstClusterRootDir)
    fs_getLastCluster                        0x08004dd3   Thumb Code    56  fs.o(i.fs_getLastCluster)
    fs_getNextFreeCluster                    0x08004e0b   Thumb Code    36  fs.o(i.fs_getNextFreeCluster)
    fs_giveFreeClusterHint                   0x08004e2f   Thumb Code     4  fs.o(i.fs_giveFreeClusterHint)
    fs_hasTimeSupport                        0x08004e33   Thumb Code     4  time.o(i.fs_hasTimeSupport)
    fs_initClusterChain                      0x08004e37   Thumb Code    16  fs.o(i.fs_initClusterChain)
    fs_initCurrentDir                        0x08004e47   Thumb Code    12  fs.o(i.fs_initCurrentDir)
    fs_initFs                                0x08004e53   Thumb Code    72  fs.o(i.fs_initFs)
    fs_isValidFat                            0x08004e9b   Thumb Code    46  fs.o(i.fs_isValidFat)
    fs_loadVolumeId                          0x08004ec9   Thumb Code   116  fs.o(i.fs_loadVolumeId)
    fs_open                                  0x08004f3d   Thumb Code    42  httpd.o(i.fs_open)
    fs_setFirstClusterInDirEntry             0x08004f6d   Thumb Code     8  fs.o(i.fs_setFirstClusterInDirEntry)
    fs_umount                                0x08004f75   Thumb Code     4  fs.o(i.fs_umount)
    fs_verifySanity                          0x08004f79   Thumb Code   148  fs.o(i.fs_verifySanity)
    htonl                                    0x0800500d   Thumb Code     4  inet.o(i.htonl)
    htons                                    0x08005011   Thumb Code     4  inet.o(i.htons)
    httpd_init                               0x08005275   Thumb Code    34  httpd.o(i.httpd_init)
    icmp_dest_unreach                        0x080052a1   Thumb Code     8  icmp.o(i.icmp_dest_unreach)
    icmp_input                               0x080052a9   Thumb Code   276  icmp.o(i.icmp_input)
    icmp_time_exceeded                       0x08005423   Thumb Code     8  icmp.o(i.icmp_time_exceeded)
    if_initInterface                         0x0800542b   Thumb Code    66  sd_stm32.o(i.if_initInterface)
    if_readBuf                               0x0800546d   Thumb Code     8  sd_stm32.o(i.if_readBuf)
    if_spiInit                               0x08005475   Thumb Code    54  sd_stm32.o(i.if_spiInit)
    if_spiSend                               0x080054b5   Thumb Code    56  sd_stm32.o(i.if_spiSend)
    if_writeBuf                              0x080054f5   Thumb Code     4  sd_stm32.o(i.if_writeBuf)
    inet_chksum                              0x080054f9   Thumb Code    12  inet_chksum.o(i.inet_chksum)
    inet_chksum_pbuf                         0x08005505   Thumb Code    72  inet_chksum.o(i.inet_chksum_pbuf)
    ioman_decUseCnt                          0x0800554d   Thumb Code    26  ioman.o(i.ioman_decUseCnt)
    ioman_directSectorRead                   0x08005567   Thumb Code    96  ioman.o(i.ioman_directSectorRead)
    ioman_directSectorWrite                  0x080055c7   Thumb Code   144  ioman.o(i.ioman_directSectorWrite)
    ioman_findFreeSpot                       0x08005657   Thumb Code    40  ioman.o(i.ioman_findFreeSpot)
    ioman_findOverallocableSpot              0x0800567f   Thumb Code   112  ioman.o(i.ioman_findOverallocableSpot)
    ioman_findSectorInCache                  0x080056ef   Thumb Code    52  ioman.o(i.ioman_findSectorInCache)
    ioman_findUnusedSpot                     0x08005723   Thumb Code   124  ioman.o(i.ioman_findUnusedSpot)
    ioman_flushRange                         0x0800579f   Thumb Code    96  ioman.o(i.ioman_flushRange)
    ioman_flushSector                        0x080057ff   Thumb Code    90  ioman.o(i.ioman_flushSector)
    ioman_getAttr                            0x08005859   Thumb Code    26  ioman.o(i.ioman_getAttr)
    ioman_getBp                              0x08005873   Thumb Code    40  ioman.o(i.ioman_getBp)
    ioman_getPtr                             0x0800589b   Thumb Code    22  ioman.o(i.ioman_getPtr)
    ioman_getRefCnt                          0x080058b1   Thumb Code    20  ioman.o(i.ioman_getRefCnt)
    ioman_getSector                          0x080058c5   Thumb Code   216  ioman.o(i.ioman_getSector)
    ioman_getUseCnt                          0x0800599d   Thumb Code    20  ioman.o(i.ioman_getUseCnt)
    ioman_incRefCnt                          0x080059b1   Thumb Code    26  ioman.o(i.ioman_incRefCnt)
    ioman_incUseCnt                          0x080059cb   Thumb Code    26  ioman.o(i.ioman_incUseCnt)
    ioman_init                               0x080059e5   Thumb Code    24  ioman.o(i.ioman_init)
    ioman_pop                                0x080059fd   Thumb Code    70  ioman.o(i.ioman_pop)
    ioman_push                               0x08005a43   Thumb Code    70  ioman.o(i.ioman_push)
    ioman_putSectorInCache                   0x08005a89   Thumb Code    70  ioman.o(i.ioman_putSectorInCache)
    ioman_readSector                         0x08005acf   Thumb Code    28  ioman.o(i.ioman_readSector)
    ioman_releaseSector                      0x08005aeb   Thumb Code    80  ioman.o(i.ioman_releaseSector)
    ioman_reset                              0x08005b3b   Thumb Code    94  ioman.o(i.ioman_reset)
    ioman_resetCacheItem                     0x08005b99   Thumb Code    30  ioman.o(i.ioman_resetCacheItem)
    ioman_setAttr                            0x08005bb7   Thumb Code    34  ioman.o(i.ioman_setAttr)
    ioman_writeSector                        0x08005bd9   Thumb Code    32  ioman.o(i.ioman_writeSector)
    ip_addr_isbroadcast                      0x08005bf9   Thumb Code    48  ip_addr.o(i.ip_addr_isbroadcast)
    ip_frag                                  0x08005c29   Thumb Code   298  ip_frag.o(i.ip_frag)
    ip_input                                 0x08005d59   Thumb Code   394  ip.o(i.ip_input)
    ip_output                                0x08005eed   Thumb Code    52  ip.o(i.ip_output)
    ip_output_if                             0x08005f21   Thumb Code   200  ip.o(i.ip_output_if)
    ip_reass                                 0x08005fed   Thumb Code   428  ip_frag.o(i.ip_reass)
    ip_route                                 0x08006395   Thumb Code    62  ip.o(i.ip_route)
    ls_openDir                               0x08006491   Thumb Code    66  ls.o(i.ls_openDir)
    main                                     0x0800650f   Thumb Code    26  main.o(i.main)
    memClr                                   0x08006529   Thumb Code    18  plibc.o(i.memClr)
    memCpy                                   0x0800653b   Thumb Code    24  plibc.o(i.memCpy)
    mem_calloc                               0x08006553   Thumb Code    26  mem.o(i.mem_calloc)
    mem_free                                 0x0800656d   Thumb Code    40  mem.o(i.mem_free)
    mem_init                                 0x08006599   Thumb Code    44  mem.o(i.mem_init)
    mem_malloc                               0x080065cd   Thumb Code   162  mem.o(i.mem_malloc)
    mem_realloc                              0x08006675   Thumb Code   190  mem.o(i.mem_realloc)
    memp_free                                0x08006739   Thumb Code    18  memp.o(i.memp_free)
    memp_init                                0x08006751   Thumb Code    78  memp.o(i.memp_init)
    memp_malloc                              0x080067a9   Thumb Code    28  memp.o(i.memp_malloc)
    netif_add                                0x080067c9   Thumb Code    70  netif.o(i.netif_add)
    netif_is_up                              0x08006815   Thumb Code    10  netif.o(i.netif_is_up)
    netif_set_addr                           0x0800681f   Thumb Code    32  netif.o(i.netif_set_addr)
    netif_set_default                        0x08006841   Thumb Code     6  netif.o(i.netif_set_default)
    netif_set_down                           0x0800684d   Thumb Code    18  netif.o(i.netif_set_down)
    netif_set_gw                             0x0800685f   Thumb Code     8  netif.o(i.netif_set_gw)
    netif_set_ipaddr                         0x08006869   Thumb Code    96  netif.o(i.netif_set_ipaddr)
    netif_set_netmask                        0x080068d1   Thumb Code     8  netif.o(i.netif_set_netmask)
    netif_set_up                             0x080068d9   Thumb Code    28  netif.o(i.netif_set_up)
    ntohl                                    0x080068f5   Thumb Code     4  inet.o(i.ntohl)
    ntohs                                    0x080068f9   Thumb Code     4  inet.o(i.ntohs)
    part_directSectorRead                    0x080068fd   Thumb Code    26  partition.o(i.part_directSectorRead)
    part_directSectorWrite                   0x08006917   Thumb Code    26  partition.o(i.part_directSectorWrite)
    part_flushPart                           0x08006931   Thumb Code    38  partition.o(i.part_flushPart)
    part_getRealLBA                          0x08006957   Thumb Code    18  partition.o(i.part_getRealLBA)
    part_getSect                             0x08006969   Thumb Code    26  partition.o(i.part_getSect)
    part_initPartition                       0x08006983   Thumb Code    40  partition.o(i.part_initPartition)
    part_isFatPart                           0x080069ab   Thumb Code    32  partition.o(i.part_isFatPart)
    part_relSect                             0x080069cb   Thumb Code     8  partition.o(i.part_relSect)
    pbuf_alloc                               0x080069d3   Thumb Code   268  pbuf.o(i.pbuf_alloc)
    pbuf_cat                                 0x08006adf   Thumb Code    40  pbuf.o(i.pbuf_cat)
    pbuf_chain                               0x08006b07   Thumb Code    18  pbuf.o(i.pbuf_chain)
    pbuf_clen                                0x08006b19   Thumb Code    18  pbuf.o(i.pbuf_clen)
    pbuf_copy                                0x08006b2b   Thumb Code   144  pbuf.o(i.pbuf_copy)
    pbuf_copy_partial                        0x08006bbb   Thumb Code   104  pbuf.o(i.pbuf_copy_partial)
    pbuf_free                                0x08006c23   Thumb Code    68  pbuf.o(i.pbuf_free)
    pbuf_header                              0x08006c67   Thumb Code    96  pbuf.o(i.pbuf_header)
    pbuf_realloc                             0x08006cc7   Thumb Code    78  pbuf.o(i.pbuf_realloc)
    pbuf_ref                                 0x08006d15   Thumb Code    12  pbuf.o(i.pbuf_ref)
    process_tftp_request                     0x08006d75   Thumb Code   174  tftpserver.o(i.process_tftp_request)
    raw_input                                0x08006e39   Thumb Code   100  raw.o(i.raw_input)
    recv_callback_tftp                       0x08006ea1   Thumb Code    24  tftpserver.o(i.recv_callback_tftp)
    rrq_recv_callback                        0x08006eb9   Thumb Code    84  tftpserver.o(i.rrq_recv_callback)
    sd_Command                               0x08006f0d   Thumb Code    80  sd.o(i.sd_Command)
    sd_Init                                  0x08006f5d   Thumb Code    98  sd.o(i.sd_Init)
    sd_Resp16b                               0x08006fbf   Thumb Code    22  sd.o(i.sd_Resp16b)
    sd_Resp8b                                0x08006fd5   Thumb Code    28  sd.o(i.sd_Resp8b)
    sd_State                                 0x08006ff1   Thumb Code    40  sd.o(i.sd_State)
    sd_getDriveSize                          0x08007019   Thumb Code   150  sd.o(i.sd_getDriveSize)
    sd_readSector                            0x080070af   Thumb Code   112  sd.o(i.sd_readSector)
    sd_writeSector                           0x0800711f   Thumb Code   100  sd.o(i.sd_writeSector)
    server_init                              0x080071b1   Thumb Code    30  server.o(i.server_init)
    strMatch                                 0x080071d9   Thumb Code    30  plibc.o(i.strMatch)
    tcp_abandon                              0x080071f9   Thumb Code   142  tcp.o(i.tcp_abandon)
    tcp_accept                               0x0800728d   Thumb Code     4  tcp.o(i.tcp_accept)
    tcp_alloc                                0x08007299   Thumb Code   248  tcp.o(i.tcp_alloc)
    tcp_arg                                  0x0800739d   Thumb Code     4  tcp.o(i.tcp_arg)
    tcp_bind                                 0x080073a1   Thumb Code   182  tcp.o(i.tcp_bind)
    tcp_client_connected                     0x0800745d   Thumb Code     8  client.o(i.tcp_client_connected)
    tcp_close                                0x08007469   Thumb Code   156  tcp.o(i.tcp_close)
    tcp_connect                              0x08007509   Thumb Code   190  tcp.o(i.tcp_connect)
    tcp_eff_send_mss                         0x080075cd   Thumb Code    32  tcp.o(i.tcp_eff_send_mss)
    tcp_enqueue                              0x080075ed   Thumb Code   752  tcp_out.o(i.tcp_enqueue)
    tcp_err                                  0x080078dd   Thumb Code     6  tcp.o(i.tcp_err)
    tcp_fasttmr                              0x080078e5   Thumb Code    84  tcp.o(i.tcp_fasttmr)
    tcp_input                                0x0800793d   Thumb Code   776  tcp_in.o(i.tcp_input)
    tcp_keepalive                            0x08007c59   Thumb Code    70  tcp_out.o(i.tcp_keepalive)
    tcp_listen_with_backlog                  0x08007d89   Thumb Code   122  tcp.o(i.tcp_listen_with_backlog)
    tcp_new                                  0x08007e0d   Thumb Code     6  tcp.o(i.tcp_new)
    tcp_next_iss                             0x08007e75   Thumb Code    12  tcp.o(i.tcp_next_iss)
    tcp_output                               0x08007e85   Thumb Code   532  tcp_out.o(i.tcp_output)
    tcp_pcb_purge                            0x08008245   Thumb Code    48  tcp.o(i.tcp_pcb_purge)
    tcp_pcb_remove                           0x08008275   Thumb Code    90  tcp.o(i.tcp_pcb_remove)
    tcp_poll                                 0x080082d5   Thumb Code    10  tcp.o(i.tcp_poll)
    tcp_recv                                 0x08008a8f   Thumb Code     6  tcp.o(i.tcp_recv)
    tcp_recved                               0x08008ab1   Thumb Code    60  tcp.o(i.tcp_recved)
    tcp_rexmit                               0x08008aed   Thumb Code    84  tcp_out.o(i.tcp_rexmit)
    tcp_rexmit_rto                           0x08008b41   Thumb Code    46  tcp_out.o(i.tcp_rexmit_rto)
    tcp_rst                                  0x08008b6f   Thumb Code   152  tcp_out.o(i.tcp_rst)
    tcp_seg_free                             0x08008c07   Thumb Code    32  tcp.o(i.tcp_seg_free)
    tcp_segs_free                            0x08008c27   Thumb Code    26  tcp.o(i.tcp_segs_free)
    tcp_send_ctrl                            0x08008c41   Thumb Code    22  tcp_out.o(i.tcp_send_ctrl)
    tcp_sent                                 0x08008c57   Thumb Code     6  tcp.o(i.tcp_sent)
    tcp_server_accept                        0x08008c5d   Thumb Code    14  server.o(i.tcp_server_accept)
    tcp_slowtmr                              0x08008c7d   Thumb Code   512  tcp.o(i.tcp_slowtmr)
    tcp_tmr                                  0x08008e8d   Thumb Code    28  tcp.o(i.tcp_tmr)
    tcp_update_rcv_ann_wnd                   0x08008ead   Thumb Code    42  tcp.o(i.tcp_update_rcv_ann_wnd)
    tcp_write                                0x08008ed7   Thumb Code    46  tcp_out.o(i.tcp_write)
    tcp_zero_window_probe                    0x08008f05   Thumb Code    82  tcp_out.o(i.tcp_zero_window_probe)
    tftp_cleanup_rd                          0x08008f59   Thumb Code    52  tftpserver.o(i.tftp_cleanup_rd)
    tftp_cleanup_wr                          0x08008f9d   Thumb Code    54  tftpserver.o(i.tftp_cleanup_wr)
    tftp_construct_error_message             0x08008fe1   Thumb Code    44  tftpserver.o(i.tftp_construct_error_message)
    tftp_decode_op                           0x08009011   Thumb Code     4  tftputils.o(i.tftp_decode_op)
    tftp_extract_block                       0x08009015   Thumb Code     6  tftputils.o(i.tftp_extract_block)
    tftp_extract_filename                    0x0800901b   Thumb Code     6  tftputils.o(i.tftp_extract_filename)
    tftp_is_correct_ack                      0x08009021   Thumb Code    26  tftputils.o(i.tftp_is_correct_ack)
    tftp_process_read                        0x0800903d   Thumb Code   118  tftpserver.o(i.tftp_process_read)
    tftp_process_write                       0x080090bd   Thumb Code   118  tftpserver.o(i.tftp_process_write)
    tftp_send_ack_packet                     0x0800913d   Thumb Code    48  tftpserver.o(i.tftp_send_ack_packet)
    tftp_send_data_packet                    0x0800916d   Thumb Code    70  tftpserver.o(i.tftp_send_data_packet)
    tftp_send_error_message                  0x080091b3   Thumb Code    40  tftpserver.o(i.tftp_send_error_message)
    tftp_send_message                        0x080091db   Thumb Code    70  tftpserver.o(i.tftp_send_message)
    tftp_send_next_block                     0x08009221   Thumb Code    52  tftpserver.o(i.tftp_send_next_block)
    tftp_set_block                           0x08009259   Thumb Code    14  tftputils.o(i.tftp_set_block)
    tftp_set_data_message                    0x08009267   Thumb Code     6  tftputils.o(i.tftp_set_data_message)
    tftp_set_errorcode                       0x0800926d   Thumb Code     8  tftputils.o(i.tftp_set_errorcode)
    tftp_set_errormsg                        0x08009275   Thumb Code     6  tftputils.o(i.tftp_set_errormsg)
    tftp_set_opcode                          0x0800927b   Thumb Code     8  tftputils.o(i.tftp_set_opcode)
    tftpd_init                               0x08009285   Thumb Code    42  tftpserver.o(i.tftpd_init)
    udp_bind                                 0x080092bd   Thumb Code    86  udp.o(i.udp_bind)
    udp_client_callback                      0x08009319   Thumb Code    96  client.o(i.udp_client_callback)
    udp_connect                              0x08009399   Thumb Code    70  udp.o(i.udp_connect)
    udp_disconnect                           0x080093e5   Thumb Code    20  udp.o(i.udp_disconnect)
    udp_input                                0x080093fd   Thumb Code   350  udp.o(i.udp_input)
    udp_new                                  0x08009561   Thumb Code    26  udp.o(i.udp_new)
    udp_recv                                 0x0800957b   Thumb Code     6  udp.o(i.udp_recv)
    udp_remove                               0x08009581   Thumb Code    40  udp.o(i.udp_remove)
    udp_send                                 0x080095ad   Thumb Code     8  udp.o(i.udp_send)
    udp_sendto                               0x080095b5   Thumb Code    40  udp.o(i.udp_sendto)
    udp_sendto_if                            0x080095dd   Thumb Code   176  udp.o(i.udp_sendto_if)
    udp_server_callback                      0x0800968d   Thumb Code   160  server.o(i.udp_server_callback)
    wrq_recv_callback                        0x080097f5   Thumb Code   174  tftpserver.o(i.wrq_recv_callback)
    COM_TX_PIN                               0x08011540   Data           2  stm32_eval.o(.constdata)
    COM_RX_PIN                               0x08011542   Data           2  stm32_eval.o(.constdata)
    COM_USART_CLK                            0x08011544   Data           4  stm32_eval.o(.constdata)
    COM_POR_CLK                              0x08011548   Data           4  stm32_eval.o(.constdata)
    BUTTON_PIN                               0x0801154c   Data           6  stm32_eval.o(.constdata)
    BUTTON_EXTI_LINE                         0x08011552   Data           6  stm32_eval.o(.constdata)
    BUTTON_PORT_SOURCE                       0x08011558   Data           6  stm32_eval.o(.constdata)
    BUTTON_PIN_SOURCE                        0x0801155e   Data           6  stm32_eval.o(.constdata)
    BUTTON_IRQn                              0x08011564   Data           6  stm32_eval.o(.constdata)
    GPIO_PIN                                 0x0801156a   Data           8  stm32_eval.o(.constdata)
    GPIO_CLK                                 0x08011574   Data          16  stm32_eval.o(.constdata)
    BUTTON_CLK                               0x08011584   Data          12  stm32_eval.o(.constdata)
    ASCII_Table                              0x08011590   Data        4560  stm3210c_eval_lcd.o(.constdata)
    tcp_persist_backoff                      0x08012760   Data           7  tcp.o(.constdata)
    tcp_backoff                              0x08012767   Data          13  tcp.o(.constdata)
    ip_addr_any                              0x08012798   Data           4  ip_addr.o(.constdata)
    ip_addr_broadcast                        0x0801279c   Data           4  ip_addr.o(.constdata)
    ethbroadcast                             0x080127a0   Data           6  etharp.o(.constdata)
    ethzero                                  0x080127a6   Data           6  etharp.o(.constdata)
    Region$$Table$$Base                      0x08012898   Number         0  anon$$obj.o(Region$$Table)
    Region$$Table$$Limit                     0x080128b8   Number         0  anon$$obj.o(Region$$Table)
    LocalTime                                0x20000000   Data           4  main.o(.data)
    timingdelay                              0x20000004   Data           4  main.o(.data)
    LedToggle                                0x20000008   Data           1  netconf.o(.data)
    Server                                   0x20000009   Data           1  netconf.o(.data)
    TCPTimer                                 0x2000000c   Data           4  netconf.o(.data)
    ARPTimer                                 0x20000010   Data           4  netconf.o(.data)
    DHCPfineTimer                            0x20000014   Data           4  netconf.o(.data)
    DHCPcoarseTimer                          0x20000018   Data           4  netconf.o(.data)
    DisplayTimer                             0x20000020   Data           4  netconf.o(.data)
    data_STM32F107ADC_html                   0x20000024   Data        4601  httpd.o(.data)
    file_STM32F107ADC_html                   0x20001220   Data          16  httpd.o(.data)
    UDPpcb                                   0x20001230   Data           4  tftpserver.o(.data)
    tftp_errorcode_string                    0x20001234   Data          32  tftpserver.o(.data)
    DMATxDescToSet                           0x2000126c   Data           4  stm32_eth.o(.data)
    DMARxDescToGet                           0x20001270   Data           4  stm32_eth.o(.data)
    DMAPTPTxDescToSet                        0x20001274   Data           4  stm32_eth.o(.data)
    DMAPTPRxDescToGet                        0x20001278   Data           4  stm32_eth.o(.data)
    TimeOut                                  0x2000127c   Data           4  stm3210c_eval_ioe.o(.data)
    TS_State                                 0x2000128c   Data           8  stm3210c_eval_ioe.o(.data)
    COM_USART                                0x20001294   Data           4  stm32_eval.o(.data)
    COM_PORT                                 0x20001298   Data           4  stm32_eval.o(.data)
    GPIO_PORT                                0x2000129c   Data          16  stm32_eval.o(.data)
    BUTTON_PORT                              0x200012ac   Data          12  stm32_eval.o(.data)
    MACaddr                                  0x200012bc   Data           6  ethernetif.o(.data)
    tcp_ticks                                0x200012cc   Data           4  tcp.o(.data)
    tcp_bound_pcbs                           0x200012d0   Data           4  tcp.o(.data)
    tcp_listen_pcbs                          0x200012d4   Data           4  tcp.o(.data)
    tcp_active_pcbs                          0x200012d8   Data           4  tcp.o(.data)
    tcp_tw_pcbs                              0x200012dc   Data           4  tcp.o(.data)
    tcp_tmp_pcb                              0x200012e0   Data           4  tcp.o(.data)
    tcp_input_pcb                            0x200012fc   Data           4  tcp_in.o(.data)
    udp_pcbs                                 0x20001300   Data           4  udp.o(.data)
    netif_list                               0x2000131c   Data           4  netif.o(.data)
    netif_default                            0x20001320   Data           4  netif.o(.data)
    netif                                    0x20001340   Data          52  netconf.o(.bss)
    efs1                                     0x20001374   Data         692  tftpserver.o(.bss)
    efs2                                     0x20001628   Data         692  tftpserver.o(.bss)
    list1                                    0x200018dc   Data          52  tftpserver.o(.bss)
    list2                                    0x20001910   Data          52  tftpserver.o(.bss)
    file_SD                                  0x20001944   Data          80  tftpserver.o(.bss)
    file_CR                                  0x20001994   Data          80  tftpserver.o(.bss)
    DMARxDscrTab                             0x200019e4   Data          64  ethernetif.o(.bss)
    DMATxDscrTab                             0x20001a24   Data          32  ethernetif.o(.bss)
    Rx_Buff                                  0x20001a44   Data        6080  ethernetif.o(.bss)
    Tx_Buff                                  0x20003204   Data        3040  ethernetif.o(.bss)
    __libspace_start                         0x2000db64   Data          96  libspace.o(.bss)
    __temporary_stack_top$libspace           0x2000dbc4   Data           0  libspace.o(.bss)



==============================================================================

Memory Map of the image

  Image Entry point : 0x08000151

  Load Region LR_IROM1 (Base: 0x08000000, Size: 0x00013bf8, Max: 0x00040000, ABSOLUTE, COMPRESSED[0x00012ff0])

    Execution Region ER_IROM1 (Base: 0x08000000, Size: 0x000128b8, Max: 0x00040000, ABSOLUTE)

    Base Addr    Size         Type   Attr      Idx    E Section Name        Object

    0x08000000   0x00000150   Data   RO         6032    RESET               startup_stm32f10x_cl.o
    0x08000150   0x00000008   Code   RO         6087  * !!!main             c_w.l(__main.o)
    0x08000158   0x00000034   Code   RO         6255    !!!scatter          c_w.l(__scatter.o)
    0x0800018c   0x00000064   Code   RO         6253    !!dclz77c           c_w.l(__dclz77c.o)
    0x080001f0   0x0000001c   Code   RO         6257    !!handler_zi        c_w.l(__scatter_zi.o)
    0x0800020c   0x00000000   Code   RO         6068    .ARM.Collect$$_printf_percent$$00000000  c_w.l(_printf_percent.o)
    0x0800020c   0x00000006   Code   RO         6067    .ARM.Collect$$_printf_percent$$00000009  c_w.l(_printf_d.o)
    0x08000212   0x00000004   Code   RO         6096    .ARM.Collect$$_printf_percent$$00000017  c_w.l(_printf_percent_end.o)
    0x08000216   0x00000002   Code   RO         6123    .ARM.Collect$$libinit$$00000000  c_w.l(libinit.o)
    0x08000218   0x00000000   Code   RO         6130    .ARM.Collect$$libinit$$00000002  c_w.l(libinit2.o)
    0x08000218   0x00000000   Code   RO         6132    .ARM.Collect$$libinit$$00000004  c_w.l(libinit2.o)
    0x08000218   0x00000000   Code   RO         6135    .ARM.Collect$$libinit$$0000000A  c_w.l(libinit2.o)
    0x08000218   0x00000000   Code   RO         6137    .ARM.Collect$$libinit$$0000000C  c_w.l(libinit2.o)
    0x08000218   0x00000000   Code   RO         6139    .ARM.Collect$$libinit$$0000000E  c_w.l(libinit2.o)
    0x08000218   0x00000000   Code   RO         6142    .ARM.Collect$$libinit$$00000011  c_w.l(libinit2.o)
    0x08000218   0x00000000   Code   RO         6144    .ARM.Collect$$libinit$$00000013  c_w.l(libinit2.o)
    0x08000218   0x00000000   Code   RO         6146    .ARM.Collect$$libinit$$00000015  c_w.l(libinit2.o)
    0x08000218   0x00000000   Code   RO         6148    .ARM.Collect$$libinit$$00000017  c_w.l(libinit2.o)
    0x08000218   0x00000000   Code   RO         6150    .ARM.Collect$$libinit$$00000019  c_w.l(libinit2.o)
    0x08000218   0x00000000   Code   RO         6152    .ARM.Collect$$libinit$$0000001B  c_w.l(libinit2.o)
    0x08000218   0x00000000   Code   RO         6154    .ARM.Collect$$libinit$$0000001D  c_w.l(libinit2.o)
    0x08000218   0x00000000   Code   RO         6156    .ARM.Collect$$libinit$$0000001F  c_w.l(libinit2.o)
    0x08000218   0x00000000   Code   RO         6158    .ARM.Collect$$libinit$$00000021  c_w.l(libinit2.o)
    0x08000218   0x00000000   Code   RO         6160    .ARM.Collect$$libinit$$00000023  c_w.l(libinit2.o)
    0x08000218   0x00000000   Code   RO         6162    .ARM.Collect$$libinit$$00000025  c_w.l(libinit2.o)
    0x08000218   0x00000000   Code   RO         6166    .ARM.Collect$$libinit$$0000002C  c_w.l(libinit2.o)
    0x08000218   0x00000000   Code   RO         6168    .ARM.Collect$$libinit$$0000002E  c_w.l(libinit2.o)
    0x08000218   0x00000000   Code   RO         6170    .ARM.Collect$$libinit$$00000030  c_w.l(libinit2.o)
    0x08000218   0x00000000   Code   RO         6172    .ARM.Collect$$libinit$$00000032  c_w.l(libinit2.o)
    0x08000218   0x00000002   Code   RO         6173    .ARM.Collect$$libinit$$00000033  c_w.l(libinit2.o)
    0x0800021a   0x00000002   Code   RO         6193    .ARM.Collect$$libshutdown$$00000000  c_w.l(libshutdown.o)
    0x0800021c   0x00000000   Code   RO         6206    .ARM.Collect$$libshutdown$$00000002  c_w.l(libshutdown2.o)
    0x0800021c   0x00000000   Code   RO         6208    .ARM.Collect$$libshutdown$$00000004  c_w.l(libshutdown2.o)
    0x0800021c   0x00000000   Code   RO         6211    .ARM.Collect$$libshutdown$$00000007  c_w.l(libshutdown2.o)
    0x0800021c   0x00000000   Code   RO         6214    .ARM.Collect$$libshutdown$$0000000A  c_w.l(libshutdown2.o)
    0x0800021c   0x00000000   Code   RO         6216    .ARM.Collect$$libshutdown$$0000000C  c_w.l(libshutdown2.o)
    0x0800021c   0x00000000   Code   RO         6219    .ARM.Collect$$libshutdown$$0000000F  c_w.l(libshutdown2.o)
    0x0800021c   0x00000002   Code   RO         6220    .ARM.Collect$$libshutdown$$00000010  c_w.l(libshutdown2.o)
    0x0800021e   0x00000000   Code   RO         6089    .ARM.Collect$$rtentry$$00000000  c_w.l(__rtentry.o)
    0x0800021e   0x00000000   Code   RO         6098    .ARM.Collect$$rtentry$$00000002  c_w.l(__rtentry2.o)
    0x0800021e   0x00000006   Code   RO         6110    .ARM.Collect$$rtentry$$00000004  c_w.l(__rtentry4.o)
    0x08000224   0x00000000   Code   RO         6100    .ARM.Collect$$rtentry$$00000009  c_w.l(__rtentry2.o)
    0x08000224   0x00000004   Code   RO         6101    .ARM.Collect$$rtentry$$0000000A  c_w.l(__rtentry2.o)
    0x08000228   0x00000000   Code   RO         6103    .ARM.Collect$$rtentry$$0000000C  c_w.l(__rtentry2.o)
    0x08000228   0x00000008   Code   RO         6104    .ARM.Collect$$rtentry$$0000000D  c_w.l(__rtentry2.o)
    0x08000230   0x00000002   Code   RO         6127    .ARM.Collect$$rtexit$$00000000  c_w.l(rtexit.o)
    0x08000232   0x00000000   Code   RO         6175    .ARM.Collect$$rtexit$$00000002  c_w.l(rtexit2.o)
    0x08000232   0x00000004   Code   RO         6176    .ARM.Collect$$rtexit$$00000003  c_w.l(rtexit2.o)
    0x08000236   0x00000006   Code   RO         6177    .ARM.Collect$$rtexit$$00000004  c_w.l(rtexit2.o)
    0x0800023c   0x00000038   Code   RO         6033    .text               startup_stm32f10x_cl.o
    0x08000274   0x00000028   Code   RO         6041    .text               c_w.l(noretval__2sprintf.o)
    0x0800029c   0x00000068   Code   RO         6043    .text               c_w.l(__printf.o)
    0x08000304   0x00000078   Code   RO         6045    .text               c_w.l(_printf_dec.o)
    0x0800037c   0x00000048   Code   RO         6069    .text               c_w.l(strcpy.o)
    0x080003c4   0x0000003e   Code   RO         6071    .text               c_w.l(strlen.o)
    0x08000402   0x00000096   Code   RO         6073    .text               c_w.l(strncmp.o)
    0x08000498   0x0000008a   Code   RO         6075    .text               c_w.l(rt_memcpy_v6.o)
    0x08000522   0x00000064   Code   RO         6077    .text               c_w.l(rt_memcpy_w.o)
    0x08000586   0x00000044   Code   RO         6079    .text               c_w.l(rt_memclr.o)
    0x080005ca   0x0000004e   Code   RO         6081    .text               c_w.l(rt_memclr_w.o)
    0x08000618   0x00000080   Code   RO         6083    .text               c_w.l(strcmpv7m.o)
    0x08000698   0x00000006   Code   RO         6085    .text               c_w.l(heapauxi.o)
    0x0800069e   0x000000b2   Code   RO         6090    .text               c_w.l(_printf_intcommon.o)
    0x08000750   0x00000030   Code   RO         6092    .text               c_w.l(_printf_char_common.o)
    0x08000780   0x0000000a   Code   RO         6094    .text               c_w.l(_sputc.o)
    0x0800078a   0x0000004a   Code   RO         6114    .text               c_w.l(sys_stackheap_outer.o)
    0x080007d4   0x00000012   Code   RO         6116    .text               c_w.l(exit.o)
    0x080007e6   0x00000002   PAD
    0x080007e8   0x00000008   Code   RO         6124    .text               c_w.l(libspace.o)
    0x080007f0   0x0000000c   Code   RO         6185    .text               c_w.l(sys_exit.o)
    0x080007fc   0x00000002   Code   RO         6196    .text               c_w.l(use_no_semi.o)
    0x080007fe   0x00000000   Code   RO         6198    .text               c_w.l(indicate_semi.o)
    0x080007fe   0x00000014   Code   RO         1690    i.ADC_Cmd           stm32f10x_adc.o
    0x08000812   0x00000002   PAD
    0x08000814   0x0000004c   Code   RO          241    i.ADC_Configuration  stm32f107.o
    0x08000860   0x00000006   Code   RO         1699    i.ADC_GetConversionValue  stm32f10x_adc.o
    0x08000866   0x00000002   PAD
    0x08000868   0x00000048   Code   RO         1708    i.ADC_Init          stm32f10x_adc.o
    0x080008b0   0x00000074   Code   RO         1712    i.ADC_RegularChannelConfig  stm32f10x_adc.o
    0x08000924   0x00000014   Code   RO         1715    i.ADC_SoftwareStartConvCmd  stm32f10x_adc.o
    0x08000938   0x00000002   Code   RO            1    i.BusFault_Handler  stm32f10x_it.o
    0x0800093a   0x00000002   Code   RO            2    i.DebugMon_Handler  stm32f10x_it.o
    0x0800093c   0x00000014   Code   RO          145    i.Delay             main.o
    0x08000950   0x000002a8   Code   RO          285    i.Display_Periodic_Handle  netconf.o
    0x08000bf8   0x0000000c   Code   RO         2639    i.ETH_DMAClearITPendingBit  stm32_eth.o
    0x08000c04   0x00000018   Code   RO         2640    i.ETH_DMAITConfig   stm32_eth.o
    0x08000c1c   0x0000001c   Code   RO         2643    i.ETH_DMAReceptionCmd  stm32_eth.o
    0x08000c38   0x0000004c   Code   RO         2644    i.ETH_DMARxDescChainInit  stm32_eth.o
    0x08000c84   0x00000012   Code   RO         2646    i.ETH_DMARxDescReceiveITConfig  stm32_eth.o
    0x08000c96   0x00000002   PAD
    0x08000c98   0x0000001c   Code   RO         2649    i.ETH_DMATransmissionCmd  stm32_eth.o
    0x08000cb4   0x00000048   Code   RO         2652    i.ETH_DMATxDescChainInit  stm32_eth.o
    0x08000cfc   0x00000008   Code   RO         2653    i.ETH_DMATxDescChecksumInsertionConfig  stm32_eth.o
    0x08000d04   0x00000018   Code   RO         2661    i.ETH_DeInit        stm32_eth.o
    0x08000d1c   0x00000012   Code   RO         2662    i.ETH_Delay         stm32_eth.o
    0x08000d2e   0x00000002   PAD
    0x08000d30   0x00000010   Code   RO         2667    i.ETH_FlushTransmitFIFO  stm32_eth.o
    0x08000d40   0x0000000c   Code   RO         3653    i.ETH_GetCurrentTxBuffer  ethernetif.o
    0x08000d4c   0x00000008   Code   RO         2678    i.ETH_GetDMARxDescFrameLength  stm32_eth.o
    0x08000d54   0x00000024   Code   RO         2693    i.ETH_GetRxPktSize  stm32_eth.o
    0x08000d78   0x00000014   Code   RO         2694    i.ETH_GetSoftwareResetStatus  stm32_eth.o
    0x08000d8c   0x00000022   Code   RO            3    i.ETH_IRQHandler    stm32f10x_it.o
    0x08000dae   0x00000002   PAD
    0x08000db0   0x00000208   Code   RO         2701    i.ETH_Init          stm32_eth.o
    0x08000fb8   0x0000001c   Code   RO         2704    i.ETH_MACAddressConfig  stm32_eth.o
    0x08000fd4   0x0000001c   Code   RO         2709    i.ETH_MACReceptionCmd  stm32_eth.o
    0x08000ff0   0x0000001c   Code   RO         2710    i.ETH_MACTransmissionCmd  stm32_eth.o
    0x0800100c   0x00000058   Code   RO         2721    i.ETH_ReadPHYRegister  stm32_eth.o
    0x08001064   0x00000050   Code   RO         3654    i.ETH_RxPkt_ChainMode  ethernetif.o
    0x080010b4   0x00000010   Code   RO         2732    i.ETH_SoftwareReset  stm32_eth.o
    0x080010c4   0x00000022   Code   RO         2733    i.ETH_Start         stm32_eth.o
    0x080010e6   0x0000007c   Code   RO         2734    i.ETH_StructInit    stm32_eth.o
    0x08001162   0x00000002   PAD
    0x08001164   0x0000003c   Code   RO         3655    i.ETH_TxPkt_ChainMode  ethernetif.o
    0x080011a0   0x00000054   Code   RO         2736    i.ETH_WritePHYRegister  stm32_eth.o
    0x080011f4   0x00000002   Code   RO            4    i.EXTI15_10_IRQHandler  stm32f10x_it.o
    0x080011f6   0x00000002   PAD
    0x080011f8   0x00000070   Code   RO         1456    i.EXTI_Init         stm32f10x_exti.o
    0x08001268   0x00000094   Code   RO          242    i.Ethernet_Configuration  stm32f107.o
    0x080012fc   0x000000f8   Code   RO          243    i.GPIO_Configuration  stm32f107.o
    0x080013f4   0x0000000c   Code   RO          940    i.GPIO_ETH_MediaInterfaceConfig  stm32f10x_gpio.o
    0x08001400   0x00000028   Code   RO          941    i.GPIO_EXTILineConfig  stm32f10x_gpio.o
    0x08001428   0x0000009c   Code   RO          944    i.GPIO_Init         stm32f10x_gpio.o
    0x080014c4   0x00000048   Code   RO          946    i.GPIO_PinRemapConfig  stm32f10x_gpio.o
    0x0800150c   0x0000000e   Code   RO          948    i.GPIO_ReadInputDataBit  stm32f10x_gpio.o
    0x0800151a   0x00000004   Code   RO          951    i.GPIO_ResetBits    stm32f10x_gpio.o
    0x0800151e   0x00000004   Code   RO          952    i.GPIO_SetBits      stm32f10x_gpio.o
    0x08001522   0x0000000a   Code   RO          955    i.GPIO_WriteBit     stm32f10x_gpio.o
    0x0800152c   0x00000002   Code   RO            5    i.HardFault_Handler  stm32f10x_it.o
    0x0800152e   0x00000002   PAD
    0x08001530   0x00000058   Code   RO          357    i.HelloWorld_accept  helloworld.o
    0x08001588   0x00000004   Code   RO          358    i.HelloWorld_conn_err  helloworld.o
    0x0800158c   0x0000002c   Code   RO          359    i.HelloWorld_init   helloworld.o
    0x080015b8   0x000000ec   Code   RO          360    i.HelloWorld_recv   helloworld.o
    0x080016a4   0x00000014   Code   RO         2440    i.I2C_AcknowledgeConfig  stm32f10x_i2c.o
    0x080016b8   0x00000018   Code   RO         2442    i.I2C_CheckEvent    stm32f10x_i2c.o
    0x080016d0   0x00000014   Code   RO         2445    i.I2C_Cmd           stm32f10x_i2c.o
    0x080016e4   0x00000014   Code   RO         2452    i.I2C_GenerateSTART  stm32f10x_i2c.o
    0x080016f8   0x00000014   Code   RO         2453    i.I2C_GenerateSTOP  stm32f10x_i2c.o
    0x0800170c   0x000000bc   Code   RO         2459    i.I2C_Init          stm32f10x_i2c.o
    0x080017c8   0x00000134   Code   RO         3241    i.I2C_ReadDeviceRegister  stm3210c_eval_ioe.o
    0x080018fc   0x00000006   Code   RO         2463    i.I2C_ReceiveData   stm32f10x_i2c.o
    0x08001902   0x00000010   Code   RO         2465    i.I2C_Send7bitAddress  stm32f10x_i2c.o
    0x08001912   0x00000004   Code   RO         2466    i.I2C_SendData      stm32f10x_i2c.o
    0x08001916   0x00000014   Code   RO         2467    i.I2C_SoftwareResetCmd  stm32f10x_i2c.o
    0x0800192a   0x00000002   PAD
    0x0800192c   0x000000e4   Code   RO         3242    i.I2C_WriteDeviceRegister  stm3210c_eval_ioe.o
    0x08001a10   0x00000130   Code   RO         3245    i.IOE_Config        stm3210c_eval_ioe.o
    0x08001b40   0x00000024   Code   RO         3246    i.IOE_FnctCmd       stm3210c_eval_ioe.o
    0x08001b64   0x00000020   Code   RO         3247    i.IOE_GITCmd        stm3210c_eval_ioe.o
    0x08001b84   0x00000024   Code   RO         3248    i.IOE_GITConfig     stm3210c_eval_ioe.o
    0x08001ba8   0x00000038   Code   RO         3251    i.IOE_I2C_Config    stm3210c_eval_ioe.o
    0x08001be0   0x00000024   Code   RO         3252    i.IOE_IOAFConfig    stm3210c_eval_ioe.o
    0x08001c04   0x00000046   Code   RO         3253    i.IOE_IOEdgeConfig  stm3210c_eval_ioe.o
    0x08001c4a   0x00000024   Code   RO         3254    i.IOE_IOITConfig    stm3210c_eval_ioe.o
    0x08001c6e   0x00000024   Code   RO         3255    i.IOE_IOPinConfig   stm3210c_eval_ioe.o
    0x08001c92   0x00000002   PAD
    0x08001c94   0x00000104   Code   RO         3256    i.IOE_ITConfig      stm3210c_eval_ioe.o
    0x08001d98   0x0000003c   Code   RO         3257    i.IOE_ITOutConfig   stm3210c_eval_ioe.o
    0x08001dd4   0x00000024   Code   RO         3258    i.IOE_IsOperational  stm3210c_eval_ioe.o
    0x08001df8   0x0000001e   Code   RO         3260    i.IOE_ReadID        stm3210c_eval_ioe.o
    0x08001e16   0x00000020   Code   RO         3262    i.IOE_Reset         stm3210c_eval_ioe.o
    0x08001e36   0x00000002   PAD
    0x08001e38   0x000000bc   Code   RO         3263    i.IOE_TS_Config     stm3210c_eval_ioe.o
    0x08001ef4   0x00000044   Code   RO         3265    i.IOE_TempSens_Config  stm3210c_eval_ioe.o
    0x08001f38   0x0000002a   Code   RO         3267    i.IOE_WriteIOPin    stm3210c_eval_ioe.o
    0x08001f62   0x00000002   PAD
    0x08001f64   0x00000038   Code   RO         3468    i.LCD_Clear         stm3210c_eval_lcd.o
    0x08001f9c   0x00000004   Code   RO         3471    i.LCD_CtrlLinesWrite  stm3210c_eval_lcd.o
    0x08001fa0   0x00000018   Code   RO         3472    i.LCD_DisplayChar   stm3210c_eval_lcd.o
    0x08001fb8   0x0000002e   Code   RO         3475    i.LCD_DisplayStringLine  stm3210c_eval_lcd.o
    0x08001fe6   0x00000002   PAD
    0x08001fe8   0x00000064   Code   RO         3476    i.LCD_DrawChar      stm3210c_eval_lcd.o
    0x0800204c   0x00000010   Code   RO         3484    i.LCD_SetBackColor  stm3210c_eval_lcd.o
    0x0800205c   0x00000018   Code   RO         3485    i.LCD_SetCursor     stm3210c_eval_lcd.o
    0x08002074   0x00000010   Code   RO         3487    i.LCD_SetTextColor  stm3210c_eval_lcd.o
    0x08002084   0x00000034   Code   RO         3490    i.LCD_WriteRAM      stm3210c_eval_lcd.o
    0x080020b8   0x00000012   Code   RO         3492    i.LCD_WriteRAM_Prepare  stm3210c_eval_lcd.o
    0x080020ca   0x00000002   PAD
    0x080020cc   0x00000050   Code   RO         3493    i.LCD_WriteReg      stm3210c_eval_lcd.o
    0x0800211c   0x0000004c   Code   RO         3494    i.LCD_WriteRegIndex  stm3210c_eval_lcd.o
    0x08002168   0x00000030   Code   RO         3495    i.LCD_nCS_StartByte  stm3210c_eval_lcd.o
    0x08002198   0x00000080   Code   RO          286    i.LwIP_Init         netconf.o
    0x08002218   0x00000060   Code   RO          287    i.LwIP_Periodic_Handle  netconf.o
    0x08002278   0x0000000c   Code   RO          288    i.LwIP_Pkt_Handle   netconf.o
    0x08002284   0x00000002   Code   RO            6    i.MemManage_Handler  stm32f10x_it.o
    0x08002286   0x00000002   Code   RO            7    i.NMI_Handler       stm32f10x_it.o
    0x08002288   0x00000034   Code   RO          244    i.NVIC_Configuration  stm32f107.o
    0x080022bc   0x00000064   Code   RO         1648    i.NVIC_Init         misc.o
    0x08002320   0x00000014   Code   RO         1649    i.NVIC_PriorityGroupConfig  misc.o
    0x08002334   0x00000020   Code   RO          245    i.NVIC_SetPriority  stm32f107.o
    0x08002354   0x00000014   Code   RO         1650    i.NVIC_SetVectorTable  misc.o
    0x08002368   0x00000002   Code   RO            8    i.PendSV_Handler    stm32f10x_it.o
    0x0800236a   0x00000002   PAD
    0x0800236c   0x00000018   Code   RO         1053    i.RCC_AHBPeriphClockCmd  stm32f10x_rcc.o
    0x08002384   0x00000018   Code   RO         1054    i.RCC_AHBPeriphResetCmd  stm32f10x_rcc.o
    0x0800239c   0x00000018   Code   RO         1055    i.RCC_APB1PeriphClockCmd  stm32f10x_rcc.o
    0x080023b4   0x00000018   Code   RO         1056    i.RCC_APB1PeriphResetCmd  stm32f10x_rcc.o
    0x080023cc   0x00000018   Code   RO         1057    i.RCC_APB2PeriphClockCmd  stm32f10x_rcc.o
    0x080023e4   0x000000c8   Code   RO         1065    i.RCC_GetClocksFreq  stm32f10x_rcc.o
    0x080024ac   0x00000030   Code   RO         1066    i.RCC_GetFlagStatus  stm32f10x_rcc.o
    0x080024dc   0x0000000c   Code   RO         1077    i.RCC_MCOConfig     stm32f10x_rcc.o
    0x080024e8   0x0000000c   Code   RO         1083    i.RCC_PLL3Cmd       stm32f10x_rcc.o
    0x080024f4   0x00000014   Code   RO         1084    i.RCC_PLL3Config    stm32f10x_rcc.o
    0x08002508   0x00000014   Code   RO         1311    i.SPI_Cmd           stm32f10x_spi.o
    0x0800251c   0x000000a4   Code   RO         5942    i.SPI_Config        sd_stm32.o
    0x080025c0   0x0000000e   Code   RO         1319    i.SPI_I2S_GetFlagStatus  stm32f10x_spi.o
    0x080025ce   0x00000004   Code   RO         1322    i.SPI_I2S_ReceiveData  stm32f10x_spi.o
    0x080025d2   0x00000004   Code   RO         1323    i.SPI_I2S_SendData  stm32f10x_spi.o
    0x080025d6   0x00000038   Code   RO         1324    i.SPI_Init          stm32f10x_spi.o
    0x0800260e   0x00000002   PAD
    0x08002610   0x0000001c   Code   RO         3420    i.STM_EVAL_LEDToggle  stm32_eval.o
    0x0800262c   0x00000018   Code   RO         3421    i.STM_EVAL_PBGetState  stm32_eval.o
    0x08002644   0x00000002   Code   RO            9    i.SVC_Handler       stm32f10x_it.o
    0x08002646   0x00000002   PAD
    0x08002648   0x000000d0   Code   RO         5992    i.SetSysClockTo72   system_stm32f10x.o
    0x08002718   0x00000028   Code   RO         3656    i.Set_MAC_Address   ethernetif.o
    0x08002740   0x00000004   Code   RO           10    i.SysTick_Handler   stm32f10x_it.o
    0x08002744   0x0000004c   Code   RO         5993    i.SystemInit        system_stm32f10x.o
    0x08002790   0x00000018   Code   RO          146    i.System_Periodic_Handle  main.o
    0x080027a8   0x00000074   Code   RO          246    i.System_Setup      stm32f107.o
    0x0800281c   0x00000010   Code   RO          147    i.Time_Update       main.o
    0x0800282c   0x00000002   Code   RO           11    i.UsageFault_Handler  stm32f10x_it.o
    0x0800282e   0x00000002   PAD
    0x08002830   0x00000054   Code   RO          705    i.client_init       client.o
    0x08002884   0x0000002c   Code   RO          387    i.close_conn        httpd.o
    0x080028b0   0x00000004   Code   RO          388    i.conn_err          httpd.o
    0x080028b4   0x0000001c   Code   RO         3268    i.delay             stm3210c_eval_ioe.o
    0x080028d0   0x0000001e   Code   RO         4149    i.dhcp_arp_reply    dhcp.o
    0x080028ee   0x00000002   PAD
    0x080028f0   0x000000d8   Code   RO         4150    i.dhcp_bind         dhcp.o
    0x080029c8   0x00000030   Code   RO         4151    i.dhcp_check        dhcp.o
    0x080029f8   0x00000060   Code   RO         4152    i.dhcp_coarse_tmr   dhcp.o
    0x08002a58   0x00000100   Code   RO         4153    i.dhcp_create_request  dhcp.o
    0x08002b58   0x00000094   Code   RO         4154    i.dhcp_decline      dhcp.o
    0x08002bec   0x0000001c   Code   RO         4155    i.dhcp_delete_request  dhcp.o
    0x08002c08   0x000000dc   Code   RO         4156    i.dhcp_discover     dhcp.o
    0x08002ce4   0x00000034   Code   RO         4157    i.dhcp_fine_tmr     dhcp.o
    0x08002d18   0x00000020   Code   RO         4158    i.dhcp_free_reply   dhcp.o
    0x08002d38   0x00000016   Code   RO         4159    i.dhcp_get_option_long  dhcp.o
    0x08002d4e   0x0000007e   Code   RO         4160    i.dhcp_get_option_ptr  dhcp.o
    0x08002dcc   0x000000dc   Code   RO         4161    i.dhcp_handle_ack   dhcp.o
    0x08002ea8   0x00000020   Code   RO         4163    i.dhcp_option       dhcp.o
    0x08002ec8   0x00000010   Code   RO         4164    i.dhcp_option_byte  dhcp.o
    0x08002ed8   0x00000042   Code   RO         4165    i.dhcp_option_long  dhcp.o
    0x08002f1a   0x00000022   Code   RO         4166    i.dhcp_option_short  dhcp.o
    0x08002f3c   0x00000030   Code   RO         4167    i.dhcp_option_trailer  dhcp.o
    0x08002f6c   0x000000a0   Code   RO         4168    i.dhcp_rebind       dhcp.o
    0x0800300c   0x00000128   Code   RO         4169    i.dhcp_recv         dhcp.o
    0x08003134   0x000000c0   Code   RO         4170    i.dhcp_release      dhcp.o
    0x080031f4   0x0000009c   Code   RO         4171    i.dhcp_renew        dhcp.o
    0x08003290   0x00000104   Code   RO         4172    i.dhcp_select       dhcp.o
    0x08003394   0x0000000e   Code   RO         4173    i.dhcp_set_state    dhcp.o
    0x080033a2   0x00000002   PAD
    0x080033a4   0x000000a4   Code   RO         4174    i.dhcp_start        dhcp.o
    0x08003448   0x0000003e   Code   RO         4175    i.dhcp_stop         dhcp.o
    0x08003486   0x00000074   Code   RO         4176    i.dhcp_timeout      dhcp.o
    0x080034fa   0x00000070   Code   RO         4177    i.dhcp_unfold_reply  dhcp.o
    0x0800356a   0x00000066   Code   RO         4971    i.dir_addCluster    dir.o
    0x080035d0   0x00000026   Code   RO         4972    i.dir_createDefaultEntry  dir.o
    0x080035f6   0x00000030   Code   RO         4973    i.dir_createDirectoryEntry  dir.o
    0x08003626   0x00000058   Code   RO         4974    i.dir_findFileinBuf  dir.o
    0x0800367e   0x00000040   Code   RO         4975    i.dir_findFreeEntryinBuf  dir.o
    0x080036be   0x00000014   Code   RO         4976    i.dir_findinBuf     dir.o
    0x080036d2   0x0000006a   Code   RO         4977    i.dir_findinCluster  dir.o
    0x0800373c   0x00000056   Code   RO         4978    i.dir_findinDir     dir.o
    0x08003792   0x0000006e   Code   RO         4979    i.dir_findinRootArea  dir.o
    0x08003800   0x00000046   Code   RO         4980    i.dir_getFatFileName  dir.o
    0x08003846   0x00000030   Code   RO         4981    i.dir_getFileStructure  dir.o
    0x08003876   0x00000026   Code   RO         4982    i.dir_setFileSize   dir.o
    0x0800389c   0x00000030   Code   RO         4983    i.dir_setFirstCluster  dir.o
    0x080038cc   0x00000032   Code   RO         4984    i.dir_updateDirectoryEntry  dir.o
    0x080038fe   0x0000000a   Code   RO         5067    i.disc_initDisc     disc.o
    0x08003908   0x0000003c   Code   RO         5068    i.disc_loadMBR      disc.o
    0x08003944   0x00000068   Code   RO         5088    i.efs_init          efs.o
    0x080039ac   0x000000da   Code   RO         4885    i.etharp_arp_input  etharp.o
    0x08003a86   0x00000028   Code   RO         4887    i.etharp_ip_input   etharp.o
    0x08003aae   0x00000002   PAD
    0x08003ab0   0x000000b8   Code   RO         4888    i.etharp_output     etharp.o
    0x08003b68   0x00000104   Code   RO         4889    i.etharp_query      etharp.o
    0x08003c6c   0x0000009e   Code   RO         4890    i.etharp_raw        etharp.o
    0x08003d0a   0x00000002   PAD
    0x08003d0c   0x00000024   Code   RO         4891    i.etharp_request    etharp.o
    0x08003d30   0x00000036   Code   RO         4892    i.etharp_send_ip    etharp.o
    0x08003d66   0x00000002   PAD
    0x08003d68   0x00000054   Code   RO         4893    i.etharp_tmr        etharp.o
    0x08003dbc   0x00000054   Code   RO         4894    i.ethernet_input    etharp.o
    0x08003e10   0x00000040   Code   RO         3657    i.ethernetif_init   ethernetif.o
    0x08003e50   0x00000078   Code   RO         3658    i.ethernetif_input  ethernetif.o
    0x08003ec8   0x0000003c   Code   RO         5103    i.ex_getPartitionField  extract.o
    0x08003f04   0x0000000e   Code   RO         5104    i.ex_getb16         extract.o
    0x08003f12   0x00000018   Code   RO         5105    i.ex_getb32         extract.o
    0x08003f2a   0x00000038   Code   RO         5145    i.fat_DiscToLogicCluster  fat.o
    0x08003f62   0x00000052   Code   RO         5146    i.fat_LogicToDiscCluster  fat.o
    0x08003fb4   0x0000011e   Code   RO         5147    i.fat_allocClusterChain  fat.o
    0x080040d2   0x00000030   Code   RO         5148    i.fat_countClustersInChain  fat.o
    0x08004102   0x0000009c   Code   RO         5150    i.fat_getNextClusterAddress  fat.o
    0x0800419e   0x00000078   Code   RO         5151    i.fat_getNextClusterAddressWBuf  fat.o
    0x08004216   0x00000098   Code   RO         5152    i.fat_getNextClusterChain  fat.o
    0x080042ae   0x00000030   Code   RO         5153    i.fat_getSectorAddressFatEntry  fat.o
    0x080042de   0x00000026   Code   RO         5154    i.fat_giveEocMarker  fat.o
    0x08004304   0x00000038   Code   RO         5155    i.fat_isEocMarker   fat.o
    0x0800433c   0x000000de   Code   RO         5156    i.fat_setNextClusterAddress  fat.o
    0x0800441a   0x000000b0   Code   RO         5157    i.fat_setNextClusterAddressWBuf  fat.o
    0x080044ca   0x00000066   Code   RO         5237    i.file_fclose       file.o
    0x08004530   0x0000019e   Code   RO         5238    i.file_fopen        file.o
    0x080046ce   0x000000cc   Code   RO         5239    i.file_fread        file.o
    0x0800479a   0x0000010a   Code   RO         5240    i.file_fwrite       file.o
    0x080048a4   0x0000000c   Code   RO         5241    i.file_getAttr      file.o
    0x080048b0   0x0000002c   Code   RO         5242    i.file_initFile     file.o
    0x080048dc   0x00000086   Code   RO         5243    i.file_normalToFatName  file.o
    0x08004962   0x00000018   Code   RO         5244    i.file_read         file.o
    0x0800497a   0x00000054   Code   RO         5245    i.file_requiredCluster  file.o
    0x080049ce   0x00000016   Code   RO         5246    i.file_setAttr      file.o
    0x080049e4   0x00000012   Code   RO         5247    i.file_setpos       file.o
    0x080049f6   0x0000003e   Code   RO         5248    i.file_validateChar  file.o
    0x08004a34   0x00000018   Code   RO         5249    i.file_write        file.o
    0x08004a4c   0x0000013c   Code   RO         4895    i.find_entry        etharp.o
    0x08004b88   0x0000001e   Code   RO         4896    i.free_etharp_q     etharp.o
    0x08004ba6   0x00000042   Code   RO         5319    i.fs_clearCluster   fs.o
    0x08004be8   0x00000024   Code   RO         5320    i.fs_clusterToSector  fs.o
    0x08004c0c   0x0000004c   Code   RO         5321    i.fs_countDataSectors  fs.o
    0x08004c58   0x0000002a   Code   RO         5322    i.fs_determineFatType  fs.o
    0x08004c82   0x000000b6   Code   RO         5323    i.fs_findFile       fs.o
    0x08004d38   0x00000024   Code   RO         5324    i.fs_findFirstSectorRootDir  fs.o
    0x08004d5c   0x0000005c   Code   RO         5325    i.fs_findFreeFile   fs.o
    0x08004db8   0x0000000a   Code   RO         5326    i.fs_flushFs        fs.o
    0x08004dc2   0x00000010   Code   RO         5327    i.fs_getFirstClusterRootDir  fs.o
    0x08004dd2   0x00000038   Code   RO         5329    i.fs_getLastCluster  fs.o
    0x08004e0a   0x00000024   Code   RO         5330    i.fs_getNextFreeCluster  fs.o
    0x08004e2e   0x00000004   Code   RO         5331    i.fs_giveFreeClusterHint  fs.o
    0x08004e32   0x00000004   Code   RO         5821    i.fs_hasTimeSupport  time.o
    0x08004e36   0x00000010   Code   RO         5332    i.fs_initClusterChain  fs.o
    0x08004e46   0x0000000c   Code   RO         5333    i.fs_initCurrentDir  fs.o
    0x08004e52   0x00000048   Code   RO         5334    i.fs_initFs         fs.o
    0x08004e9a   0x0000002e   Code   RO         5335    i.fs_isValidFat     fs.o
    0x08004ec8   0x00000074   Code   RO         5336    i.fs_loadVolumeId   fs.o
    0x08004f3c   0x00000030   Code   RO          389    i.fs_open           httpd.o
    0x08004f6c   0x00000008   Code   RO         5338    i.fs_setFirstClusterInDirEntry  fs.o
    0x08004f74   0x00000004   Code   RO         5340    i.fs_umount         fs.o
    0x08004f78   0x00000094   Code   RO         5341    i.fs_verifySanity   fs.o
    0x0800500c   0x00000004   Code   RO         4687    i.htonl             inet.o
    0x08005010   0x00000004   Code   RO         4688    i.htons             inet.o
    0x08005014   0x0000004c   Code   RO          390    i.http_accept       httpd.o
    0x08005060   0x0000001a   Code   RO          391    i.http_poll         httpd.o
    0x0800507a   0x00000002   PAD
    0x0800507c   0x000001dc   Code   RO          392    i.http_recv         httpd.o
    0x08005258   0x0000001c   Code   RO          393    i.http_sent         httpd.o
    0x08005274   0x0000002c   Code   RO          394    i.httpd_init        httpd.o
    0x080052a0   0x00000008   Code   RO         4652    i.icmp_dest_unreach  icmp.o
    0x080052a8   0x00000114   Code   RO         4653    i.icmp_input        icmp.o
    0x080053bc   0x00000066   Code   RO         4654    i.icmp_send_response  icmp.o
    0x08005422   0x00000008   Code   RO         4655    i.icmp_time_exceeded  icmp.o
    0x0800542a   0x00000042   Code   RO         5943    i.if_initInterface  sd_stm32.o
    0x0800546c   0x00000008   Code   RO         5944    i.if_readBuf        sd_stm32.o
    0x08005474   0x00000040   Code   RO         5946    i.if_spiInit        sd_stm32.o
    0x080054b4   0x00000040   Code   RO         5947    i.if_spiSend        sd_stm32.o
    0x080054f4   0x00000004   Code   RO         5948    i.if_writeBuf       sd_stm32.o
    0x080054f8   0x0000000c   Code   RO         4735    i.inet_chksum       inet_chksum.o
    0x08005504   0x00000048   Code   RO         4736    i.inet_chksum_pbuf  inet_chksum.o
    0x0800554c   0x0000001a   Code   RO         5459    i.ioman_decUseCnt   ioman.o
    0x08005566   0x00000060   Code   RO         5460    i.ioman_directSectorRead  ioman.o
    0x080055c6   0x00000090   Code   RO         5461    i.ioman_directSectorWrite  ioman.o
    0x08005656   0x00000028   Code   RO         5462    i.ioman_findFreeSpot  ioman.o
    0x0800567e   0x00000070   Code   RO         5463    i.ioman_findOverallocableSpot  ioman.o
    0x080056ee   0x00000034   Code   RO         5464    i.ioman_findSectorInCache  ioman.o
    0x08005722   0x0000007c   Code   RO         5465    i.ioman_findUnusedSpot  ioman.o
    0x0800579e   0x00000060   Code   RO         5467    i.ioman_flushRange  ioman.o
    0x080057fe   0x0000005a   Code   RO         5468    i.ioman_flushSector  ioman.o
    0x08005858   0x0000001a   Code   RO         5469    i.ioman_getAttr     ioman.o
    0x08005872   0x00000028   Code   RO         5470    i.ioman_getBp       ioman.o
    0x0800589a   0x00000016   Code   RO         5472    i.ioman_getPtr      ioman.o
    0x080058b0   0x00000014   Code   RO         5473    i.ioman_getRefCnt   ioman.o
    0x080058c4   0x000000d8   Code   RO         5474    i.ioman_getSector   ioman.o
    0x0800599c   0x00000014   Code   RO         5475    i.ioman_getUseCnt   ioman.o
    0x080059b0   0x0000001a   Code   RO         5476    i.ioman_incRefCnt   ioman.o
    0x080059ca   0x0000001a   Code   RO         5477    i.ioman_incUseCnt   ioman.o
    0x080059e4   0x00000018   Code   RO         5478    i.ioman_init        ioman.o
    0x080059fc   0x00000046   Code   RO         5479    i.ioman_pop         ioman.o
    0x08005a42   0x00000046   Code   RO         5481    i.ioman_push        ioman.o
    0x08005a88   0x00000046   Code   RO         5482    i.ioman_putSectorInCache  ioman.o
    0x08005ace   0x0000001c   Code   RO         5483    i.ioman_readSector  ioman.o
    0x08005aea   0x00000050   Code   RO         5484    i.ioman_releaseSector  ioman.o
    0x08005b3a   0x0000005e   Code   RO         5485    i.ioman_reset       ioman.o
    0x08005b98   0x0000001e   Code   RO         5486    i.ioman_resetCacheItem  ioman.o
    0x08005bb6   0x00000022   Code   RO         5489    i.ioman_setAttr     ioman.o
    0x08005bd8   0x00000020   Code   RO         5490    i.ioman_writeSector  ioman.o
    0x08005bf8   0x00000030   Code   RO         4815    i.ip_addr_isbroadcast  ip_addr.o
    0x08005c28   0x00000130   Code   RO         4838    i.ip_frag           ip_frag.o
    0x08005d58   0x00000194   Code   RO         4773    i.ip_input          ip.o
    0x08005eec   0x00000034   Code   RO         4774    i.ip_output         ip.o
    0x08005f20   0x000000cc   Code   RO         4775    i.ip_output_if      ip.o
    0x08005fec   0x000001b0   Code   RO         4839    i.ip_reass          ip_frag.o
    0x0800619c   0x000000f0   Code   RO         4840    i.ip_reass_chain_frag_into_datagram_and_validate  ip_frag.o
    0x0800628c   0x00000024   Code   RO         4841    i.ip_reass_dequeue_datagram  ip_frag.o
    0x080062b0   0x00000070   Code   RO         4842    i.ip_reass_free_complete_datagram  ip_frag.o
    0x08006320   0x00000074   Code   RO         4843    i.ip_reass_remove_oldest_datagram  ip_frag.o
    0x08006394   0x00000048   Code   RO         4776    i.ip_route          ip.o
    0x080063dc   0x00000088   Code   RO         3659    i.low_level_init    ethernetif.o
    0x08006464   0x0000002c   Code   RO         3660    i.low_level_output  ethernetif.o
    0x08006490   0x00000042   Code   RO         5659    i.ls_openDir        ls.o
    0x080064d2   0x0000003c   Code   RO         4738    i.lwip_standard_chksum  inet_chksum.o
    0x0800650e   0x0000001a   Code   RO          148    i.main              main.o
    0x08006528   0x00000012   Code   RO         5785    i.memClr            plibc.o
    0x0800653a   0x00000018   Code   RO         5786    i.memCpy            plibc.o
    0x08006552   0x0000001a   Code   RO         4345    i.mem_calloc        mem.o
    0x0800656c   0x0000002c   Code   RO         4346    i.mem_free          mem.o
    0x08006598   0x00000034   Code   RO         4347    i.mem_init          mem.o
    0x080065cc   0x000000a8   Code   RO         4348    i.mem_malloc        mem.o
    0x08006674   0x000000c4   Code   RO         4349    i.mem_realloc       mem.o
    0x08006738   0x00000018   Code   RO         4389    i.memp_free         memp.o
    0x08006750   0x00000058   Code   RO         4390    i.memp_init         memp.o
    0x080067a8   0x00000020   Code   RO         4391    i.memp_malloc       memp.o
    0x080067c8   0x0000004c   Code   RO         4431    i.netif_add         netif.o
    0x08006814   0x0000000a   Code   RO         4433    i.netif_is_up       netif.o
    0x0800681e   0x00000020   Code   RO         4435    i.netif_set_addr    netif.o
    0x0800683e   0x00000002   PAD
    0x08006840   0x0000000c   Code   RO         4436    i.netif_set_default  netif.o
    0x0800684c   0x00000012   Code   RO         4437    i.netif_set_down    netif.o
    0x0800685e   0x00000008   Code   RO         4438    i.netif_set_gw      netif.o
    0x08006866   0x00000002   PAD
    0x08006868   0x00000068   Code   RO         4439    i.netif_set_ipaddr  netif.o
    0x080068d0   0x00000008   Code   RO         4440    i.netif_set_netmask  netif.o
    0x080068d8   0x0000001c   Code   RO         4441    i.netif_set_up      netif.o
    0x080068f4   0x00000004   Code   RO         4692    i.ntohl             inet.o
    0x080068f8   0x00000004   Code   RO         4693    i.ntohs             inet.o
    0x080068fc   0x0000001a   Code   RO         5717    i.part_directSectorRead  partition.o
    0x08006916   0x0000001a   Code   RO         5718    i.part_directSectorWrite  partition.o
    0x08006930   0x00000026   Code   RO         5719    i.part_flushPart    partition.o
    0x08006956   0x00000012   Code   RO         5720    i.part_getRealLBA   partition.o
    0x08006968   0x0000001a   Code   RO         5721    i.part_getSect      partition.o
    0x08006982   0x00000028   Code   RO         5722    i.part_initPartition  partition.o
    0x080069aa   0x00000020   Code   RO         5723    i.part_isFatPart    partition.o
    0x080069ca   0x00000008   Code   RO         5725    i.part_relSect      partition.o
    0x080069d2   0x0000010c   Code   RO         4506    i.pbuf_alloc        pbuf.o
    0x08006ade   0x00000028   Code   RO         4507    i.pbuf_cat          pbuf.o
    0x08006b06   0x00000012   Code   RO         4508    i.pbuf_chain        pbuf.o
    0x08006b18   0x00000012   Code   RO         4509    i.pbuf_clen         pbuf.o
    0x08006b2a   0x00000090   Code   RO         4511    i.pbuf_copy         pbuf.o
    0x08006bba   0x00000068   Code   RO         4512    i.pbuf_copy_partial  pbuf.o
    0x08006c22   0x00000044   Code   RO         4514    i.pbuf_free         pbuf.o
    0x08006c66   0x00000060   Code   RO         4515    i.pbuf_header       pbuf.o
    0x08006cc6   0x0000004e   Code   RO         4516    i.pbuf_realloc      pbuf.o
    0x08006d14   0x0000000c   Code   RO         4517    i.pbuf_ref          pbuf.o
    0x08006d20   0x00000054   Code   RO         4350    i.plug_holes        mem.o
    0x08006d74   0x000000c4   Code   RO          460    i.process_tftp_request  tftpserver.o
    0x08006e38   0x00000068   Code   RO         4592    i.raw_input         raw.o
    0x08006ea0   0x00000018   Code   RO          461    i.recv_callback_tftp  tftpserver.o
    0x08006eb8   0x00000054   Code   RO          462    i.rrq_recv_callback  tftpserver.o
    0x08006f0c   0x00000050   Code   RO         5872    i.sd_Command        sd.o
    0x08006f5c   0x00000062   Code   RO         5873    i.sd_Init           sd.o
    0x08006fbe   0x00000016   Code   RO         5874    i.sd_Resp16b        sd.o
    0x08006fd4   0x0000001c   Code   RO         5875    i.sd_Resp8b         sd.o
    0x08006ff0   0x00000028   Code   RO         5877    i.sd_State          sd.o
    0x08007018   0x00000096   Code   RO         5878    i.sd_getDriveSize   sd.o
    0x080070ae   0x00000070   Code   RO         5879    i.sd_readSector     sd.o
    0x0800711e   0x00000064   Code   RO         5880    i.sd_writeSector    sd.o
    0x08007182   0x0000002c   Code   RO          395    i.send_data         httpd.o
    0x080071ae   0x00000002   PAD
    0x080071b0   0x00000028   Code   RO          741    i.server_init       server.o
    0x080071d8   0x0000001e   Code   RO         5788    i.strMatch          plibc.o
    0x080071f6   0x00000002   PAD
    0x080071f8   0x00000094   Code   RO         3778    i.tcp_abandon       tcp.o
    0x0800728c   0x00000004   Code   RO         3779    i.tcp_accept        tcp.o
    0x08007290   0x00000006   Code   RO         3780    i.tcp_accept_null   tcp.o
    0x08007296   0x00000002   PAD
    0x08007298   0x00000104   Code   RO         3781    i.tcp_alloc         tcp.o
    0x0800739c   0x00000004   Code   RO         3782    i.tcp_arg           tcp.o
    0x080073a0   0x000000bc   Code   RO         3783    i.tcp_bind          tcp.o
    0x0800745c   0x0000000c   Code   RO          706    i.tcp_client_connected  client.o
    0x08007468   0x000000a0   Code   RO         3784    i.tcp_close         tcp.o
    0x08007508   0x000000c4   Code   RO         3785    i.tcp_connect       tcp.o
    0x080075cc   0x00000020   Code   RO         3786    i.tcp_eff_send_mss  tcp.o
    0x080075ec   0x000002f0   Code   RO         4000    i.tcp_enqueue       tcp_out.o
    0x080078dc   0x00000006   Code   RO         3787    i.tcp_err           tcp.o
    0x080078e2   0x00000002   PAD
    0x080078e4   0x00000058   Code   RO         3788    i.tcp_fasttmr       tcp.o
    0x0800793c   0x0000031c   Code   RO         3954    i.tcp_input         tcp_in.o
    0x08007c58   0x00000046   Code   RO         4001    i.tcp_keepalive     tcp_out.o
    0x08007c9e   0x00000002   PAD
    0x08007ca0   0x000000e8   Code   RO         3955    i.tcp_listen_input  tcp_in.o
    0x08007d88   0x00000084   Code   RO         3789    i.tcp_listen_with_backlog  tcp.o
    0x08007e0c   0x00000006   Code   RO         3790    i.tcp_new           tcp.o
    0x08007e12   0x00000002   PAD
    0x08007e14   0x00000060   Code   RO         3791    i.tcp_new_port      tcp.o
    0x08007e74   0x00000010   Code   RO         3792    i.tcp_next_iss      tcp.o
    0x08007e84   0x00000218   Code   RO         4002    i.tcp_output        tcp_out.o
    0x0800809c   0x000000b0   Code   RO         4003    i.tcp_output_segment  tcp_out.o
    0x0800814c   0x00000078   Code   RO         4004    i.tcp_output_set_header  tcp_out.o
    0x080081c4   0x00000080   Code   RO         3956    i.tcp_parseopt      tcp_in.o
    0x08008244   0x00000030   Code   RO         3793    i.tcp_pcb_purge     tcp.o
    0x08008274   0x00000060   Code   RO         3794    i.tcp_pcb_remove    tcp.o
    0x080082d4   0x0000000a   Code   RO         3795    i.tcp_poll          tcp.o
    0x080082de   0x00000002   PAD
    0x080082e0   0x00000344   Code   RO         3957    i.tcp_process       tcp_in.o
    0x08008624   0x0000046a   Code   RO         3958    i.tcp_receive       tcp_in.o
    0x08008a8e   0x00000006   Code   RO         3796    i.tcp_recv          tcp.o
    0x08008a94   0x0000001c   Code   RO         3797    i.tcp_recv_null     tcp.o
    0x08008ab0   0x0000003c   Code   RO         3798    i.tcp_recved        tcp.o
    0x08008aec   0x00000054   Code   RO         4005    i.tcp_rexmit        tcp_out.o
    0x08008b40   0x0000002e   Code   RO         4006    i.tcp_rexmit_rto    tcp_out.o
    0x08008b6e   0x00000098   Code   RO         4007    i.tcp_rst           tcp_out.o
    0x08008c06   0x00000020   Code   RO         3799    i.tcp_seg_free      tcp.o
    0x08008c26   0x0000001a   Code   RO         3800    i.tcp_segs_free     tcp.o
    0x08008c40   0x00000016   Code   RO         4008    i.tcp_send_ctrl     tcp_out.o
    0x08008c56   0x00000006   Code   RO         3801    i.tcp_sent          tcp.o
    0x08008c5c   0x00000014   Code   RO          742    i.tcp_server_accept  server.o
    0x08008c70   0x0000000c   Code   RO          743    i.tcp_server_recv   server.o
    0x08008c7c   0x00000210   Code   RO         3803    i.tcp_slowtmr       tcp.o
    0x08008e8c   0x00000020   Code   RO         3804    i.tcp_tmr           tcp.o
    0x08008eac   0x0000002a   Code   RO         3805    i.tcp_update_rcv_ann_wnd  tcp.o
    0x08008ed6   0x0000002e   Code   RO         4009    i.tcp_write         tcp_out.o
    0x08008f04   0x00000052   Code   RO         4010    i.tcp_zero_window_probe  tcp_out.o
    0x08008f56   0x00000002   PAD
    0x08008f58   0x00000044   Code   RO          463    i.tftp_cleanup_rd   tftpserver.o
    0x08008f9c   0x00000044   Code   RO          464    i.tftp_cleanup_wr   tftpserver.o
    0x08008fe0   0x00000030   Code   RO          465    i.tftp_construct_error_message  tftpserver.o
    0x08009010   0x00000004   Code   RO          628    i.tftp_decode_op    tftputils.o
    0x08009014   0x00000006   Code   RO          629    i.tftp_extract_block  tftputils.o
    0x0800901a   0x00000006   Code   RO          630    i.tftp_extract_filename  tftputils.o
    0x08009020   0x0000001a   Code   RO          631    i.tftp_is_correct_ack  tftputils.o
    0x0800903a   0x00000002   PAD
    0x0800903c   0x00000080   Code   RO          466    i.tftp_process_read  tftpserver.o
    0x080090bc   0x00000080   Code   RO          467    i.tftp_process_write  tftpserver.o
    0x0800913c   0x00000030   Code   RO          468    i.tftp_send_ack_packet  tftpserver.o
    0x0800916c   0x00000046   Code   RO          469    i.tftp_send_data_packet  tftpserver.o
    0x080091b2   0x00000028   Code   RO          470    i.tftp_send_error_message  tftpserver.o
    0x080091da   0x00000046   Code   RO          471    i.tftp_send_message  tftpserver.o
    0x08009220   0x00000038   Code   RO          472    i.tftp_send_next_block  tftpserver.o
    0x08009258   0x0000000e   Code   RO          632    i.tftp_set_block    tftputils.o
    0x08009266   0x00000006   Code   RO          633    i.tftp_set_data_message  tftputils.o
    0x0800926c   0x00000008   Code   RO          634    i.tftp_set_errorcode  tftputils.o
    0x08009274   0x00000006   Code   RO          635    i.tftp_set_errormsg  tftputils.o
    0x0800927a   0x00000008   Code   RO          636    i.tftp_set_opcode   tftputils.o
    0x08009282   0x00000002   PAD
    0x08009284   0x00000038   Code   RO          473    i.tftpd_init        tftpserver.o
    0x080092bc   0x0000005c   Code   RO         4070    i.udp_bind          udp.o
    0x08009318   0x00000080   Code   RO          708    i.udp_client_callback  client.o
    0x08009398   0x0000004c   Code   RO         4071    i.udp_connect       udp.o
    0x080093e4   0x00000018   Code   RO         4072    i.udp_disconnect    udp.o
    0x080093fc   0x00000164   Code   RO         4073    i.udp_input         udp.o
    0x08009560   0x0000001a   Code   RO         4074    i.udp_new           udp.o
    0x0800957a   0x00000006   Code   RO         4075    i.udp_recv          udp.o
    0x08009580   0x0000002c   Code   RO         4076    i.udp_remove        udp.o
    0x080095ac   0x00000008   Code   RO         4077    i.udp_send          udp.o
    0x080095b4   0x00000028   Code   RO         4078    i.udp_sendto        udp.o
    0x080095dc   0x000000b0   Code   RO         4079    i.udp_sendto_if     udp.o
    0x0800968c   0x000000c0   Code   RO          744    i.udp_server_callback  server.o
    0x0800974c   0x000000a8   Code   RO         4897    i.update_arp_entry  etharp.o
    0x080097f4   0x000000b4   Code   RO          474    i.wrq_recv_callback  tftpserver.o
    0x080098a8   0x00000a93   Data   RO          396    .constdata          httpd.o
    0x0800a33b   0x00004a21   Data   RO          397    .constdata          httpd.o
    0x0800ed5c   0x000017ea   Data   RO          398    .constdata          httpd.o
    0x08010546   0x00000fb9   Data   RO          399    .constdata          httpd.o
    0x080114ff   0x00000001   PAD
    0x08011500   0x00000010   Data   RO          400    .constdata          httpd.o
    0x08011510   0x00000010   Data   RO          401    .constdata          httpd.o
    0x08011520   0x00000010   Data   RO          402    .constdata          httpd.o
    0x08011530   0x00000010   Data   RO          403    .constdata          httpd.o
    0x08011540   0x00000050   Data   RO         3423    .constdata          stm32_eval.o
    0x08011590   0x000011d0   Data   RO         3498    .constdata          stm3210c_eval_lcd.o
    0x08012760   0x00000014   Data   RO         3806    .constdata          tcp.o
    0x08012774   0x00000024   Data   RO         4393    .constdata          memp.o
    0x08012798   0x00000004   Data   RO         4816    .constdata          ip_addr.o
    0x0801279c   0x00000004   Data   RO         4817    .constdata          ip_addr.o
    0x080127a0   0x0000000c   Data   RO         4899    .constdata          etharp.o
    0x080127ac   0x0000000f   Data   RO          404    .conststring        httpd.o
    0x080127bb   0x00000001   PAD
    0x080127bc   0x0000001b   Data   RO          405    .conststring        httpd.o
    0x080127d7   0x00000001   PAD
    0x080127d8   0x00000010   Data   RO          406    .conststring        httpd.o
    0x080127e8   0x00000013   Data   RO          407    .conststring        httpd.o
    0x080127fb   0x00000001   PAD
    0x080127fc   0x00000013   Data   RO          408    .conststring        httpd.o
    0x0801280f   0x00000001   PAD
    0x08012810   0x00000088   Data   RO          476    .conststring        tftpserver.o
    0x08012898   0x00000020   Data   RO         6251    Region$$Table       anon$$obj.o


    Execution Region RW_IRAM1 (Base: 0x20000000, Size: 0x0000e1c8, Max: 0x00010000, ABSOLUTE, COMPRESSED[0x00000738])

    Base Addr    Size         Type   Attr      Idx    E Section Name        Object

    0x20000000   0x00000008   Data   RW          149    .data               main.o
    0x20000008   0x0000001c   Data   RW          290    .data               netconf.o
    0x20000024   0x000011f9   Data   RW          409    .data               httpd.o
    0x2000121d   0x00000003   PAD
    0x20001220   0x00000010   Data   RW          410    .data               httpd.o
    0x20001230   0x00000024   Data   RW          477    .data               tftpserver.o
    0x20001254   0x00000004   Data   RW          709    .data               client.o
    0x20001258   0x00000014   Data   RW         1093    .data               stm32f10x_rcc.o
    0x2000126c   0x00000010   Data   RW         2737    .data               stm32_eth.o
    0x2000127c   0x00000018   Data   RW         3269    .data               stm3210c_eval_ioe.o
    0x20001294   0x00000024   Data   RW         3424    .data               stm32_eval.o
    0x200012b8   0x00000004   Data   RW         3499    .data               stm3210c_eval_lcd.o
    0x200012bc   0x00000006   Data   RW         3665    .data               ethernetif.o
    0x200012c2   0x00000002   PAD
    0x200012c4   0x00000020   Data   RW         3807    .data               tcp.o
    0x200012e4   0x0000001c   Data   RW         3960    .data               tcp_in.o
    0x20001300   0x00000004   Data   RW         4080    .data               udp.o
    0x20001304   0x00000004   Data   RW         4178    .data               dhcp.o
    0x20001308   0x00000010   Data   RW         4352    .data               mem.o
    0x20001318   0x0000000c   Data   RW         4442    .data               netif.o
    0x20001324   0x00000004   Data   RW         4598    .data               raw.o
    0x20001328   0x0000000c   Data   RW         4777    .data               ip.o
    0x20001334   0x00000008   Data   RW         4846    .data               ip_frag.o
    0x2000133c   0x00000001   Data   RW         4900    .data               etharp.o
    0x2000133d   0x00000003   PAD
    0x20001340   0x00000034   Zero   RW          289    .bss                netconf.o
    0x20001374   0x00000670   Zero   RW          475    .bss                tftpserver.o
    0x200019e4   0x00002400   Zero   RW         3661    .bss                ethernetif.o
    0x20003de4   0x00000014   Zero   RW         3959    .bss                tcp_in.o
    0x20003df8   0x00005014   Zero   RW         4351    .bss                mem.o
    0x20008e0c   0x000046af   Zero   RW         4392    .bss                memp.o
    0x2000d4bb   0x000005e0   Zero   RW         4845    .bss                ip_frag.o
    0x2000da9b   0x00000001   PAD
    0x2000da9c   0x000000c8   Zero   RW         4898    .bss                etharp.o
    0x2000db64   0x00000060   Zero   RW         6125    .bss                c_w.l(libspace.o)
    0x2000dbc4   0x00000004   PAD
    0x2000dbc8   0x00000200   Zero   RW         6031    HEAP                startup_stm32f10x_cl.o
    0x2000ddc8   0x00000400   Zero   RW         6030    STACK               startup_stm32f10x_cl.o


==============================================================================

Image component sizes


      Code (inc. data)   RO Data    RW Data    ZI Data      Debug   Object Name

       224         48          0          4          0       2795   client.o
         0          0          0          0          0         32   core_cm3.o
      3222         80          0          4          0      20988   dhcp.o
       916          0          0          0          0      11242   dir.o
        70          0          0          0          0       1479   disc.o
       104          0          0          0          0       1011   efs.o
      1632         34         12          1        200      13488   etharp.o
       556         52          0          6       9216       7502   ethernetif.o
        98          0          0          0          0       2119   extract.o
      1440          4          0          0          0      11010   fat.o
      1410          0          0          0          0      10913   file.o
      1074          0          0          0          0      13472   fs.o
       372         54          0          0          0       3618   helloworld.o
       790        144      31991       4617          0       8235   httpd.o
       394          0          0          0          0       3566   icmp.o
        16          0          0          0          0       2986   inet.o
       144          0          0          0          0       5721   inet_chksum.o
         0          0          0          0          0        692   init.o
      1708          0          0          0          0      19354   ioman.o
       732         24          0         12          0       5037   ip.o
        48          0          8          0          0       5525   ip_addr.o
      1240         34          0          8       1504       7721   ip_frag.o
        66          0          0          0          0       1353   ls.o
        86         14          0          8          0      14764   main.o
       570         30          0         16      20500       5686   mem.o
       144         20         36          0      18095       3926   memp.o
       140         24          0          0          0       2329   misc.o
       916        328          0         28         52      20181   netconf.o
       296         20          0         12          0       7742   netif.o
       214          0          0          0          0       5406   partition.o
       846          0          0          0          0       8549   pbuf.o
        72          0          0          0          0       2141   plibc.o
       104          4          0          4          0       1704   raw.o
       630          0          0          0          0       7411   sd.o
       370         34          0          0          0       4600   sd_stm32.o
       264         48          0          0          0       3336   server.o
        56         22        336          0       1536        876   startup_stm32f10x_cl.o
      1922         70          0         24          0      21895   stm3210c_eval_ioe.o
       560         62       4560          4          0       9886   stm3210c_eval_lcd.o
      1338        136          0         16          0      16144   stm32_eth.o
        52         16         80         36          0       2456   stm32_eval.o
       672         24          0          0          0       8822   stm32f107.o
       234         10          0          0          0       5616   stm32f10x_adc.o
       112          4          0          0          0       1192   stm32f10x_exti.o
       312         16          0          0          0       6864   stm32f10x_gpio.o
       338         10          0          0          0       8383   stm32f10x_i2c.o
        56          0          0          0          0     313398   stm32f10x_it.o
       412         74          0         20          0      10054   stm32f10x_rcc.o
        98          0          0          0          0       4222   stm32f10x_spi.o
       284         30          0          0          0       1665   system_stm32f10x.o
      2256         90         20         32          0      27400   tcp.o
      3122         76          0         28         20      14744   tcp_in.o
      2086         12          0          0          0      10819   tcp_out.o
      1264        100        136         36       1648      21162   tftpserver.o
        84          0          0          0          0       5834   tftputils.o
         4          0          0          0          0        488   time.o
       848         26          0          4          0      14726   udp.o

    ----------------------------------------------------------------------
     37090       1774      37216       4928      52772     754280   Object Totals
         0          0         32          0          0          0   (incl. Generated)
        72          0          5          8          1          0   (incl. Padding)

    ----------------------------------------------------------------------

      Code (inc. data)   RO Data    RW Data    ZI Data      Debug   Library Member Name

       100          0          0          0          0          0   __dclz77c.o
         8          0          0          0          0         68   __main.o
       104          0          0          0          0         84   __printf.o
         0          0          0          0          0          0   __rtentry.o
        12          0          0          0          0          0   __rtentry2.o
         6          0          0          0          0          0   __rtentry4.o
        52          8          0          0          0          0   __scatter.o
        28          0          0          0          0          0   __scatter_zi.o
        48          6          0          0          0         96   _printf_char_common.o
         6          0          0          0          0          0   _printf_d.o
       120         16          0          0          0         92   _printf_dec.o
       178          0          0          0          0         88   _printf_intcommon.o
         0          0          0          0          0          0   _printf_percent.o
         4          0          0          0          0          0   _printf_percent_end.o
        10          0          0          0          0         68   _sputc.o
        18          0          0          0          0         80   exit.o
         6          0          0          0          0        152   heapauxi.o
         0          0          0          0          0          0   indicate_semi.o
         2          0          0          0          0          0   libinit.o
         2          0          0          0          0          0   libinit2.o
         2          0          0          0          0          0   libshutdown.o
         2          0          0          0          0          0   libshutdown2.o
         8          4          0          0         96         68   libspace.o
        40          6          0          0          0         84   noretval__2sprintf.o
        68          0          0          0          0         68   rt_memclr.o
        78          0          0          0          0         80   rt_memclr_w.o
       138          0          0          0          0         68   rt_memcpy_v6.o
       100          0          0          0          0         80   rt_memcpy_w.o
         2          0          0          0          0          0   rtexit.o
        10          0          0          0          0          0   rtexit2.o
       128          0          0          0          0         68   strcmpv7m.o
        72          0          0          0          0         80   strcpy.o
        62          0          0          0          0         76   strlen.o
       150          0          0          0          0         80   strncmp.o
        12          4          0          0          0         68   sys_exit.o
        74          0          0          0          0         80   sys_stackheap_outer.o
         2          0          0          0          0         68   use_no_semi.o

    ----------------------------------------------------------------------
      1654         44          0          0        100       1696   Library Totals
         2          0          0          0          4          0   (incl. Padding)

    ----------------------------------------------------------------------

      Code (inc. data)   RO Data    RW Data    ZI Data      Debug   Library Name

      1652         44          0          0         96       1696   c_w.l

    ----------------------------------------------------------------------
      1654         44          0          0        100       1696   Library Totals

    ----------------------------------------------------------------------

==============================================================================


      Code (inc. data)   RO Data    RW Data    ZI Data      Debug   

     38744       1818      37216       4928      52872     732520   Grand Totals
     38744       1818      37216       1848      52872     732520   ELF Image Totals (compressed)
     38744       1818      37216       1848          0          0   ROM Totals

==============================================================================

    Total RO  Size (Code + RO Data)                75960 (  74.18kB)
    Total RW  Size (RW Data + ZI Data)             57800 (  56.45kB)
    Total ROM Size (Code + RO Data + RW Data)      77808 (  75.98kB)

==============================================================================

