<html>
<body>
<pre>
<h1>µVision Build Log</h1>
<h2>Tool Versions:</h2>
IDE-Version: ¦ÌVision V5.18.0.0
Copyright (C) 2016 ARM Ltd and ARM Germany GmbH. All rights reserved.
License Information: Henry Shy, HDU, LIC=RC93N-YWPIQ-741S0-BB0MD-FP81C-T8ZJB
 
Tool Versions:
Toolchain:       MDK-ARM Standard  Version: 5.18
Toolchain Path:  D:\study\keil mdk518\ARM\ARMCC\Bin
C Compiler:      Armcc.exe V5.06 update 1 (build 61)
Assembler:       Armasm.exe V5.06 update 1 (build 61)
Linker/Locator:  ArmLink.exe V5.06 update 1 (build 61)
Library Manager: ArmAr.exe V5.06 update 1 (build 61)
Hex Converter:   FromElf.exe V5.06 update 1 (build 61)
CPU DLL:         SARMCM3.DLL V5.18
Dialog DLL:      TARMSTM.DLL V1.64.0.0
Target DLL:      Segger\JL2CM3.dll V2.99.18.0
Dialog DLL:      TARMSTM.DLL V1.64.0.0
 
<h2>Project:</h2>
D:\embedded system\embedded-system\fros lwip mqtt\Project\MDK\Template.uvprojx
Project File Date:  10/04/2021

<h2>Output:</h2>
*** Using Compiler 'V5.06 update 1 (build 61)', folder: 'D:\study\keil mdk518\ARM\ARMCC\Bin'
Rebuild target 'Template'
assembling startup_stm32f10x_hd.s...
compiling core_cm3.c...
compiling stm32f10x_crc.c...
compiling system_stm32f10x.c...
compiling stm32f10x_dbgmcu.c...
compiling stm32f10x_exti.c...
compiling stm32f107.c...
compiling misc.c...
compiling stm32f10x_bkp.c...
compiling stm32f10x_adc.c...
compiling stm32f10x_dac.c...
compiling stm32f10x_dma.c...
compiling stm32f10x_flash.c...
compiling netconfig.c...
compiling stm32f10x_fsmc.c...
compiling stm32f10x_can.c...
compiling mqtt_client.c...
compiling tcp_client.c...
compiling stm32f10x_it.c...
..\..\Utilities\FreeRTOS\include\FreeRTOS.h(990): warning:  #47-D: incompatible redefinition of macro "xTaskHandle" (declared at line 45 of "..\..\Utilities\lwip-2.1.0\ports\include\arch/sys_arch.h")
      #define xTaskHandle                   TaskHandle_t
..\..\Utilities\FreeRTOS\include\FreeRTOS.h(991): warning:  #47-D: incompatible redefinition of macro "xQueueHandle" (declared at line 44 of "..\..\Utilities\lwip-2.1.0\ports\include\arch/sys_arch.h")
     #define xQueueHandle                  QueueHandle_t
..\..\Utilities\FreeRTOS\include\FreeRTOS.h(992): warning:  #47-D: incompatible redefinition of macro "xSemaphoreHandle" (declared at line 43 of "..\..\Utilities\lwip-2.1.0\ports\include\arch/sys_arch.h")
      #define xSemaphoreHandle              SemaphoreHandle_t
..\Source\stm32f10x_it.c: 3 warnings, 0 errors
compiling main.c...
compiling stm32f10x_gpio.c...
compiling altcp_tcp.c...
compiling altcp.c...
compiling altcp_alloc.c...
compiling def.c...
compiling inet_chksum.c...
compiling dns.c...
compiling stm32f10x_iwdg.c...
compiling stm32f10x_pwr.c...
compiling init.c...
compiling ip.c...
compiling stm32f10x_i2c.c...
compiling mem.c...
compiling stm32f10x_sdio.c...
compiling stm32f10x_rtc.c...
compiling stm32f10x_spi.c...
compiling stm32f10x_wwdg.c...
compiling raw.c...
compiling stats.c...
compiling stm32f10x_rcc.c...
compiling stm32f10x_usart.c...
compiling memp.c...
compiling sys.c...
compiling netif.c...
compiling stm32f10x_tim.c...
compiling pbuf.c...
compiling ip4.c...
compiling tcp_in.c...
compiling tcp_out.c...
compiling tcp.c...
compiling autoip.c...
compiling timeouts.c...
compiling igmp.c...
compiling dhcp.c...
compiling ip4_addr.c...
compiling err.c...
compiling ip4_frag.c...
compiling icmp.c...
compiling if_api.c...
compiling netdb.c...
compiling udp.c...
compiling netbuf.c...
compiling etharp.c...
compiling api_lib.c...
compiling api_msg.c...
compiling netifapi.c...
compiling sockets.c...
compiling ethernet.c...
compiling mqtt.c...
compiling croutine.c...
compiling list.c...
compiling heap_4.c...
compiling event_groups.c...
compiling timers.c...
compiling port.c...
compiling sys_arch.c...
..\..\Utilities\FreeRTOS\include\FreeRTOS.h(990): warning:  #47-D: incompatible redefinition of macro "xTaskHandle" (declared at line 45 of "..\..\Utilities\lwip-2.1.0\ports\include\arch/sys_arch.h")
      #define xTaskHandle                   TaskHandle_t
..\..\Utilities\FreeRTOS\include\FreeRTOS.h(991): warning:  #47-D: incompatible redefinition of macro "xQueueHandle" (declared at line 44 of "..\..\Utilities\lwip-2.1.0\ports\include\arch/sys_arch.h")
     #define xQueueHandle                  QueueHandle_t
..\..\Utilities\FreeRTOS\include\FreeRTOS.h(992): warning:  #47-D: incompatible redefinition of macro "xSemaphoreHandle" (declared at line 43 of "..\..\Utilities\lwip-2.1.0\ports\include\arch/sys_arch.h")
      #define xSemaphoreHandle              SemaphoreHandle_t
..\..\Utilities\lwip-2.1.0\ports\sys_arch.c: 3 warnings, 0 errors
compiling stream_buffer.c...
compiling queue.c...
compiling tcpip.c...
..\..\Utilities\FreeRTOS\include\FreeRTOS.h(990): warning:  #47-D: incompatible redefinition of macro "xTaskHandle" (declared at line 45 of "..\..\Utilities\lwip-2.1.0\ports\include\arch/sys_arch.h")
      #define xTaskHandle                   TaskHandle_t
..\..\Utilities\FreeRTOS\include\FreeRTOS.h(991): warning:  #47-D: incompatible redefinition of macro "xQueueHandle" (declared at line 44 of "..\..\Utilities\lwip-2.1.0\ports\include\arch/sys_arch.h")
     #define xQueueHandle                  QueueHandle_t
..\..\Utilities\FreeRTOS\include\FreeRTOS.h(992): warning:  #47-D: incompatible redefinition of macro "xSemaphoreHandle" (declared at line 43 of "..\..\Utilities\lwip-2.1.0\ports\include\arch/sys_arch.h")
      #define xSemaphoreHandle              SemaphoreHandle_t
..\..\Utilities\lwip-2.1.0\src\api\tcpip.c: 3 warnings, 0 errors
compiling ethernetif.c...
..\..\Utilities\FreeRTOS\include\FreeRTOS.h(990): warning:  #47-D: incompatible redefinition of macro "xTaskHandle" (declared at line 45 of "..\..\Utilities\lwip-2.1.0\ports\include\arch/sys_arch.h")
      #define xTaskHandle                   TaskHandle_t
..\..\Utilities\FreeRTOS\include\FreeRTOS.h(991): warning:  #47-D: incompatible redefinition of macro "xQueueHandle" (declared at line 44 of "..\..\Utilities\lwip-2.1.0\ports\include\arch/sys_arch.h")
     #define xQueueHandle                  QueueHandle_t
..\..\Utilities\FreeRTOS\include\FreeRTOS.h(992): warning:  #47-D: incompatible redefinition of macro "xSemaphoreHandle" (declared at line 43 of "..\..\Utilities\lwip-2.1.0\ports\include\arch/sys_arch.h")
      #define xSemaphoreHandle              SemaphoreHandle_t
..\..\Utilities\lwip-2.1.0\ports\ethernetif.c: 3 warnings, 0 errors
compiling tasks.c...
..\..\Utilities\FreeRTOS\tasks.c(5398): warning:  #1-D: last line of file ends without a newline
  				
..\..\Utilities\FreeRTOS\tasks.c: 1 warning, 0 errors
compiling stm32_eth.c...
linking...
Program Size: Code=33408 RO-data=828 RW-data=372 ZI-data=49956  
".\Objects\Template.axf" - 0 Error(s), 13 Warning(s).

<h2>Collection of Component include folders:</h2>
  D:\embedded system\embedded-system\fros lwip mqtt\Project\MDK\RTE
  D:\study\keil mdk518\ARM\PACK\Keil\STM32F1xx_DFP\2.0.0\Device\Include

<h2>Collection of Component Files used:</h2>
Build Time Elapsed:  00:00:02
</pre>
</body>
</html>
