<html>
<body>
<pre>
<h1>µVision Build Log</h1>
<h2>Tool Versions:</h2>
IDE-Version: ¦ÌVision V5.18.0.0
Copyright (C) 2016 ARM Ltd and ARM Germany GmbH. All rights reserved.
License Information: Henry Shy, HDU, LIC=IK1BF-68SJP-Y88FK-ZTK54-N40U6-L0SQ3
 
Tool Versions:
Toolchain:       MDK-ARM Standard  Version: 5.18
Toolchain Path:  D:\USER software\Keil mdk518\ARM\ARMCC\Bin
C Compiler:      Armcc.exe V5.06 update 1 (build 61)
Assembler:       Armasm.exe V5.06 update 1 (build 61)
Linker/Locator:  ArmLink.exe V5.06 update 1 (build 61)
Library Manager: ArmAr.exe V5.06 update 1 (build 61)
Hex Converter:   FromElf.exe V5.06 update 1 (build 61)
CPU DLL:         SARMCM3.DLL V5.18
Dialog DLL:      DCM.DLL V1.13.6.0
Target DLL:      Segger\JL2CM3.dll V2.99.18.0
Dialog DLL:      TCM.DLL V1.14.8.0
 
<h2>Project:</h2>
C:\Users\acer\Desktop\LwIP\Project\MDK\Template.uvprojx
Project File Date:  07/13/2021

<h2>Output:</h2>
*** Using Compiler 'V5.06 update 1 (build 61)', folder: 'D:\USER software\Keil mdk518\ARM\ARMCC\Bin'
Rebuild target 'Template'
assembling startup_stm32f10x_cl.s...
compiling core_cm3.c...
compiling system_stm32f10x.c...
compiling netconfig.c...
..\Include\main.h(25): warning:  #47-D: incompatible redefinition of macro "MAC_ADDR0" (declared at line 25 of "..\..\Utilities\lwip-1.3.1\port\ethernetif.h")
  #define MAC_ADDR0   02
..\Include\main.h(26): warning:  #47-D: incompatible redefinition of macro "MAC_ADDR1" (declared at line 26 of "..\..\Utilities\lwip-1.3.1\port\ethernetif.h")
  #define MAC_ADDR1   00
..\Include\main.h(27): warning:  #47-D: incompatible redefinition of macro "MAC_ADDR2" (declared at line 27 of "..\..\Utilities\lwip-1.3.1\port\ethernetif.h")
  #define MAC_ADDR2   00
..\Include\main.h(28): warning:  #47-D: incompatible redefinition of macro "MAC_ADDR3" (declared at line 28 of "..\..\Utilities\lwip-1.3.1\port\ethernetif.h")
  #define MAC_ADDR3   00
..\Include\main.h(29): warning:  #47-D: incompatible redefinition of macro "MAC_ADDR4" (declared at line 29 of "..\..\Utilities\lwip-1.3.1\port\ethernetif.h")
  #define MAC_ADDR4   00
..\Include\main.h(30): warning:  #47-D: incompatible redefinition of macro "MAC_ADDR5" (declared at line 31 of "..\..\Utilities\lwip-1.3.1\port\ethernetif.h")
  #define MAC_ADDR5   00
..\Source\netconfig.c(33): warning:  #1-D: last line of file ends without a newline
  }
..\Source\netconfig.c: 7 warnings, 0 errors
compiling misc.c...
compiling stm32f107.c...
compiling stm32f10x_it.c...
..\..\Utilities\lwip-1.3.1\port\ethernetif.h(25): warning:  #47-D: incompatible redefinition of macro "MAC_ADDR0" (declared at line 25 of "..\Include\main.h")
  #define MAC_ADDR0 0x00
..\..\Utilities\lwip-1.3.1\port\ethernetif.h(26): warning:  #47-D: incompatible redefinition of macro "MAC_ADDR1" (declared at line 26 of "..\Include\main.h")
  #define MAC_ADDR1 0x00
..\..\Utilities\lwip-1.3.1\port\ethernetif.h(27): warning:  #47-D: incompatible redefinition of macro "MAC_ADDR2" (declared at line 27 of "..\Include\main.h")
  #define MAC_ADDR2 0x00
..\..\Utilities\lwip-1.3.1\port\ethernetif.h(28): warning:  #47-D: incompatible redefinition of macro "MAC_ADDR3" (declared at line 28 of "..\Include\main.h")
  #define MAC_ADDR3 0x00
..\..\Utilities\lwip-1.3.1\port\ethernetif.h(29): warning:  #47-D: incompatible redefinition of macro "MAC_ADDR4" (declared at line 29 of "..\Include\main.h")
  #define MAC_ADDR4 0x00
..\..\Utilities\lwip-1.3.1\port\ethernetif.h(31): warning:  #47-D: incompatible redefinition of macro "MAC_ADDR5" (declared at line 30 of "..\Include\main.h")
  #define MAC_ADDR5 0x03
..\Source\stm32f10x_it.c: 6 warnings, 0 errors
compiling main.c...
..\..\Utilities\lwip-1.3.1\port\ethernetif.h(25): warning:  #47-D: incompatible redefinition of macro "MAC_ADDR0" (declared at line 25 of "..\Include\main.h")
  #define MAC_ADDR0 0x00
..\..\Utilities\lwip-1.3.1\port\ethernetif.h(26): warning:  #47-D: incompatible redefinition of macro "MAC_ADDR1" (declared at line 26 of "..\Include\main.h")
  #define MAC_ADDR1 0x00
..\..\Utilities\lwip-1.3.1\port\ethernetif.h(27): warning:  #47-D: incompatible redefinition of macro "MAC_ADDR2" (declared at line 27 of "..\Include\main.h")
  #define MAC_ADDR2 0x00
..\..\Utilities\lwip-1.3.1\port\ethernetif.h(28): warning:  #47-D: incompatible redefinition of macro "MAC_ADDR3" (declared at line 28 of "..\Include\main.h")
  #define MAC_ADDR3 0x00
..\..\Utilities\lwip-1.3.1\port\ethernetif.h(29): warning:  #47-D: incompatible redefinition of macro "MAC_ADDR4" (declared at line 29 of "..\Include\main.h")
  #define MAC_ADDR4 0x00
..\..\Utilities\lwip-1.3.1\port\ethernetif.h(31): warning:  #47-D: incompatible redefinition of macro "MAC_ADDR5" (declared at line 30 of "..\Include\main.h")
  #define MAC_ADDR5 0x03
..\Source\main.c: 6 warnings, 0 errors
compiling stm32f10x_adc.c...
compiling stm32f10x_bkp.c...
compiling stm32f10x_dbgmcu.c...
compiling stm32f10x_dac.c...
compiling stm32f10x_can.c...
compiling stm32f10x_crc.c...
compiling stm32f10x_dma.c...
compiling stm32f10x_exti.c...
compiling stm32f10x_gpio.c...
compiling stm32f10x_fsmc.c...
compiling stm32f10x_pwr.c...
compiling stm32f10x_iwdg.c...
compiling stm32f10x_flash.c...
compiling stm32f10x_i2c.c...
compiling stm32f10x_rcc.c...
compiling dhcp.c...
compiling stm32f10x_spi.c...
compiling stm32f10x_rtc.c...
compiling stm32f10x_tim.c...
compiling stm32f10x_wwdg.c...
compiling stm32f10x_sdio.c...
compiling stm32f10x_usart.c...
compiling dns.c...
compiling init.c...
compiling mem.c...
..\..\Utilities\lwip-1.3.1\src\core\mem.c(184): warning:  #550-D: variable "mem_sem" was set but never used
  static sys_sem_t mem_sem;
..\..\Utilities\lwip-1.3.1\src\core\mem.c: 1 warning, 0 errors
compiling memp.c...
compiling stats.c...
compiling raw.c...
compiling netif.c...
compiling pbuf.c...
compiling sys.c...
compiling tcp.c...
compiling tcp_in.c...
compiling autoip.c...
compiling icmp.c...
compiling igmp.c...
compiling tcp_out.c...
..\..\Utilities\lwip-1.3.1\src\core\tcp_out.c(458): warning:  #550-D: variable "tcphdr" was set but never used
    struct tcp_hdr *tcphdr;
..\..\Utilities\lwip-1.3.1\src\core\tcp_out.c(871): warning:  #550-D: variable "tcphdr" was set but never used
    struct tcp_hdr *tcphdr;
..\..\Utilities\lwip-1.3.1\src\core\tcp_out.c(925): warning:  #550-D: variable "tcphdr" was set but never used
    struct tcp_hdr *tcphdr;
..\..\Utilities\lwip-1.3.1\src\core\tcp_out.c: 3 warnings, 0 errors
compiling udp.c...
compiling inet.c...
compiling inet_chksum.c...
compiling ip.c...
compiling api_lib.c...
compiling ip_addr.c...
compiling api_msg.c...
compiling ip_frag.c...
compiling err.c...
compiling netbuf.c...
compiling sockets.c...
compiling netdb.c...
compiling tcpip.c...
compiling netifapi.c...
compiling etharp.c...
compiling loopif.c...
compiling slipif.c...
compiling ethernetif.c...
..\Include\main.h(25): warning:  #47-D: incompatible redefinition of macro "MAC_ADDR0" (declared at line 25 of "..\..\Utilities\lwip-1.3.1\port\ethernetif.h")
  #define MAC_ADDR0   02
..\Include\main.h(26): warning:  #47-D: incompatible redefinition of macro "MAC_ADDR1" (declared at line 26 of "..\..\Utilities\lwip-1.3.1\port\ethernetif.h")
  #define MAC_ADDR1   00
..\Include\main.h(27): warning:  #47-D: incompatible redefinition of macro "MAC_ADDR2" (declared at line 27 of "..\..\Utilities\lwip-1.3.1\port\ethernetif.h")
  #define MAC_ADDR2   00
..\Include\main.h(28): warning:  #47-D: incompatible redefinition of macro "MAC_ADDR3" (declared at line 28 of "..\..\Utilities\lwip-1.3.1\port\ethernetif.h")
  #define MAC_ADDR3   00
..\Include\main.h(29): warning:  #47-D: incompatible redefinition of macro "MAC_ADDR4" (declared at line 29 of "..\..\Utilities\lwip-1.3.1\port\ethernetif.h")
  #define MAC_ADDR4   00
..\Include\main.h(30): warning:  #47-D: incompatible redefinition of macro "MAC_ADDR5" (declared at line 31 of "..\..\Utilities\lwip-1.3.1\port\ethernetif.h")
  #define MAC_ADDR5   00
..\..\Utilities\lwip-1.3.1\src\netif\ethernetif.c: 6 warnings, 0 errors
compiling stm32_eth.c...
linking...
Program Size: Code=23528 RO-data=416 RW-data=176 ZI-data=38928  
".\Objects\Template.axf" - 0 Error(s), 29 Warning(s).

<h2>Collection of Component include folders:</h2>
  C:\Users\acer\Desktop\LwIP\Project\MDK\RTE
  D:\USER software\Keil mdk518\ARM\PACK\Keil\STM32F1xx_DFP\2.0.0\Device\Include

<h2>Collection of Component Files used:</h2>
Build Time Elapsed:  00:00:09
</pre>
</body>
</html>
