<html>
<body>
<pre>
<h1>礦ision Build Log</h1>
<h2>Tool Versions:</h2>
IDE-Version: μVision V5.18.0.0
Copyright (C) 2016 ARM Ltd and ARM Germany GmbH. All rights reserved.
License Information: Henry Shy, HDU, LIC=IK1BF-68SJP-Y88FK-ZTK54-N40U6-L0SQ3
 
Tool Versions:
Toolchain:       MDK-ARM Standard  Version: 5.18
Toolchain Path:  D:\USER software\Keil mdk518\ARM\ARMCC\Bin
C Compiler:      Armcc.exe V5.06 update 1 (build 61)
Assembler:       Armasm.exe V5.06 update 1 (build 61)
Linker/Locator:  ArmLink.exe V5.06 update 1 (build 61)
Library Manager: ArmAr.exe V5.06 update 1 (build 61)
Hex Converter:   FromElf.exe V5.06 update 1 (build 61)
CPU DLL:         SARMCM3.DLL V5.18
Dialog DLL:      DCM.DLL V1.13.6.0
Target DLL:      Segger\JL2CM3.dll V2.99.18.0
Dialog DLL:      TCM.DLL V1.14.8.0
 
<h2>Project:</h2>
C:\Users\acer\Desktop\实验0 Template工程模板\USER\Template.uvprojx
Project File Date:  06/06/2021

<h2>Output:</h2>
*** Using Compiler 'V5.06 update 1 (build 61)', folder: 'D:\USER software\Keil mdk518\ARM\ARMCC\Bin'
Rebuild target 'Template'
assembling startup_stm32f40_41xxx.s...
compiling system_stm32f4xx.c...
compiling stm32f4xx_it.c...
compiling stm32f4xx_crc.c...
compiling misc.c...
compiling stm32f4xx_can.c...
compiling stm32f4xx_adc.c...
compiling main.c...
main.h(33): warning:  #1-D: last line of file ends without a newline
  #endif
main.c(135): warning:  #111-D: statement is unreachable
  	myfree(SRAMIN,picfileinfo.lfname);	//?头??诖?			    
main.c(51): warning:  #177-D: variable "key" was declared but never referenced
  	u8 key;				//??值
main.c(52): warning:  #177-D: variable "pause" was declared but never referenced
  	u8 pause=0;			//??停?昙?
main.c(53): warning:  #177-D: variable "t" was declared but never referenced
  	u8 t;
main.c: 5 warnings, 0 errors
compiling stm32f4xx_dac.c...
compiling stm32f4xx_dbgmcu.c...
compiling stm32f4xx_cryp_des.c...
compiling stm32f4xx_cryp_tdes.c...
compiling stm32f4xx_dcmi.c...
compiling stm32f4xx_cryp.c...
compiling stm32f4xx_cryp_aes.c...
compiling stm32f4xx_exti.c...
compiling stm32f4xx_flash_ramfunc.c...
compiling stm32f4xx_gpio.c...
compiling stm32f4xx_dma2d.c...
compiling stm32f4xx_dma.c...
compiling stm32f4xx_fsmc.c...
compiling stm32f4xx_flash.c...
compiling stm32f4xx_iwdg.c...
compiling stm32f4xx_hash_md5.c...
compiling stm32f4xx_hash.c...
compiling stm32f4xx_hash_sha1.c...
compiling stm32f4xx_pwr.c...
compiling stm32f4xx_i2c.c...
compiling stm32f4xx_ltdc.c...
compiling stm32f4xx_rng.c...
compiling stm32f4xx_spi.c...
compiling stm32f4xx_sai.c...
compiling stm32f4xx_syscfg.c...
compiling stm32f4xx_sdio.c...
compiling stm32f4xx_rcc.c...
compiling stm32f4xx_rtc.c...
compiling sys.c...
compiling stm32f4xx_wwdg.c...
compiling delay.c...
compiling 24cxx.c...
compiling stm32f4xx_usart.c...
compiling usart.c...
compiling stm32f4xx_tim.c...
compiling led.c...
compiling myiic.c...
compiling rs485.c...
compiling key.c...
compiling flash.c...
compiling sdio_sdcard.c...
compiling lcd.c...
compiling spi.c...
compiling timer.c...
compiling ctiic.c...
compiling sram.c...
compiling snake.c...
..\USER\main.h(33): warning:  #1-D: last line of file ends without a newline
  #endif
..\HARDWARE\SNAKE\snake.c(51): warning:  #550-D: variable "res" was set but never used
  	u8 res;
..\HARDWARE\SNAKE\snake.c(109): warning:  #550-D: variable "res" was set but never used
  	u8 res;
..\HARDWARE\SNAKE\snake.c: 3 warnings, 0 errors
compiling ft5206.c...
compiling gt9147.c...
compiling ff.c...
compiling ott2001a.c...
compiling w25qxx.c...
compiling diskio.c...
compiling exfuns.c...
compiling touch.c...
compiling fattester.c...
compiling mycc936.c...
compiling malloc.c...
compiling fontupd.c...
compiling bmp.c...
compiling text.c...
compiling piclib.c...
compiling gif.c...
compiling tjpgd.c...
linking...
Program Size: Code=83824 RO-data=21488 RW-data=548 ZI-data=1228292  
FromELF: creating hex file...
"..\OBJ\Template.axf" - 0 Error(s), 8 Warning(s).

<h2>Collection of Component include folders:</h2>
  C:\Users\acer\Desktop\实验0 Template工程模板\USER\RTE
  D:\USER software\Keil mdk518\ARM\PACK\Keil\STM32F4xx_DFP\2.7.0\Drivers\CMSIS\Device\ST\STM32F4xx\Include

<h2>Collection of Component Files used:</h2>
Build Time Elapsed:  00:00:17
</pre>
</body>
</html>
