<html>
<body>
<pre>
<h1>礦ision Build Log</h1>
<h2>Tool Versions:</h2>
IDE-Version: μVision V5.18.0.0
Copyright (C) 2016 ARM Ltd and ARM Germany GmbH. All rights reserved.
License Information: 123 Acer, 123, LIC=GMZI6-DA0KG-ARWXW-Q0N38-EFB88-S6IFU
 
Tool Versions:
Toolchain:       MDK-ARM Standard  Version: 5.18
Toolchain Path:  D:\keil mdk\ARM\ARMCC\Bin
C Compiler:      Armcc.exe V5.06 update 1 (build 61)
Assembler:       Armasm.exe V5.06 update 1 (build 61)
Linker/Locator:  ArmLink.exe V5.06 update 1 (build 61)
Library Manager: ArmAr.exe V5.06 update 1 (build 61)
Hex Converter:   FromElf.exe V5.06 update 1 (build 61)
CPU DLL:         SARMCM3.DLL V5.18
Dialog DLL:      DARMSTM.DLL V1.65.0.0
Target DLL:      UL2CM3.DLL V1.157.5.0
Dialog DLL:      TARMSTM.DLL V1.64.0.0
 
<h2>Project:</h2>
E:\Study Files\嵌入式\STM32F107_ETH_LwIP_V1.0.0 - 副本\Project\RVMDK\Project.Uv2
Project File Date:  11/20/2009

<h2>Output:</h2>
*** Using Compiler 'V5.06 update 1 (build 61)', folder: 'D:\keil mdk\ARM\ARMCC\Bin'
Rebuild target 'STM3210C-EVAL'
compiling tftpserver.c...
compiling helloworld.c...
compiling tftputils.c...
compiling stm32f107.c...
compiling stm32f10x_it.c...
compiling netconf.c...
compiling httpd.c...
compiling main.c...
compiling client.c...
compiling server.c...
..\..\Utilities\lwip-1.3.1\port\server.c(167): warning:  #550-D: variable "data" was set but never used
    char data;
..\..\Utilities\lwip-1.3.1\port\server.c: 1 warning, 0 errors
compiling stm32f10x_exti.c...
compiling stm32f10x_usart.c...
compiling stm32f10x_gpio.c...
compiling stm32f10x_spi.c...
compiling stm32f10x_rcc.c...
compiling stm32f10x_flash.c...
compiling misc.c...
compiling stm32_eval.c...
compiling stm32f10x_i2c.c...
compiling stm32f10x_adc.c...
compiling stm3210c_eval_ioe.c...
compiling stm32f10x_tim.c...
compiling stm3210c_eval_lcd.c...
compiling tcpip.c...
compiling api_lib.c...
compiling stm32_eth.c...
compiling netbuf.c...
compiling netifapi.c...
compiling netdb.c...
compiling api_msg.c...
compiling err.c...
compiling stats.c...
compiling sys.c...
compiling udp.c...
compiling ethernetif.c...
compiling tcp.c...
compiling tcp_out.c...
..\..\Utilities\lwip-1.3.1\src\core\tcp_out.c(458): warning:  #550-D: variable "tcphdr" was set but never used
    struct tcp_hdr *tcphdr;
..\..\Utilities\lwip-1.3.1\src\core\tcp_out.c(871): warning:  #550-D: variable "tcphdr" was set but never used
    struct tcp_hdr *tcphdr;
..\..\Utilities\lwip-1.3.1\src\core\tcp_out.c(925): warning:  #550-D: variable "tcphdr" was set but never used
    struct tcp_hdr *tcphdr;
..\..\Utilities\lwip-1.3.1\src\core\tcp_out.c: 3 warnings, 0 errors
compiling init.c...
compiling tcp_in.c...
compiling dhcp.c...
compiling mem.c...
..\..\Utilities\lwip-1.3.1\src\core\mem.c(184): warning:  #550-D: variable "mem_sem" was set but never used
  static sys_sem_t mem_sem;
..\..\Utilities\lwip-1.3.1\src\core\mem.c: 1 warning, 0 errors
compiling memp.c...
compiling netif.c...
compiling autoip.c...
compiling pbuf.c...
compiling raw.c...
compiling icmp.c...
compiling igmp.c...
compiling inet.c...
compiling inet_chksum.c...
compiling ip.c...
compiling ip_addr.c...
compiling ip_frag.c...
compiling disc.c...
compiling efs.c...
compiling dir.c...
..\..\Utilities\efsl\source\dir.c(245): warning:  #1293-D: assignment in condition
  		if((fclus=dir_findinBuf(buf,fatname,loc,mode))){
..\..\Utilities\efsl\source\dir.c(274): warning:  #1293-D: assignment in condition
  		if((cluster=dir_findinCluster(fs,Cache.DiscCluster,fatname,loc,mode))){
..\..\Utilities\efsl\source\dir.c(296): warning:  #1293-D: assignment in condition
  		if((fclus=dir_findinBuf(buf,fatname,loc,mode))){
..\..\Utilities\efsl\source\dir.c(322): warning:  #1293-D: assignment in condition
  	while((next=file_normalToFatName(next,ffnamec))){
..\..\Utilities\efsl\source\dir.c: 4 warnings, 0 errors
compiling extract.c...
compiling etharp.c...
compiling fat.c...
compiling file.c...
compiling fs.c...
compiling mkfs.c...
compiling partition.c...
compiling ls.c...
compiling ioman.c...
compiling plibc.c...
compiling ui.c...
compiling time.c...
assembling startup_stm32f10x_cl.s...
compiling sd.c...
compiling core_cm3.c...
compiling sd_stm32.c...
compiling system_stm32f10x.c...
linking...
Program Size: Code=38744 RO-data=37216 RW-data=4928 ZI-data=52872  
".\Obj\STM3210C-EVAL.axf" - 0 Error(s), 9 Warning(s).
Build Time Elapsed:  00:00:05
</pre>
</body>
</html>
